84.112.177.148 - - [05/Jul/2026:09:07:38 +0000] "POST /api/v1/status HTTP/1.1" 200 7134 "-" "Go-http-client/2.0"
84.112.15.189 - - [05/Jul/2026:09:07:53 +0000] "GET /category/electronics HTTP/1.1" 204 0 "-" "Mozilla/5.0 (X11; Linux x86_64) AppleWebKit/537.36"
84.112.170.205 - - [05/Jul/2026:09:07:58 +0000] "GET /products/ HTTP/1.1" 204 0 "-" "Mozilla/5.0 (Windows NT 10.0; Win64; x64) AppleWebKit/537.36"
84.112.177.148 - - [05/Jul/2026:09:08:00 +0000] "HEAD /contact HTTP/1.1" 200 7094 "-" "Mozilla/5.0 (X11; Linux x86_64) AppleWebKit/537.36"
84.112.177.148 - - [05/Jul/2026:09:08:08 +0000] "HEAD /cart/ HTTP/1.1" 204 0 "-" "Python-urllib/3.12"
84.112.226.75 - - [05/Jul/2026:09:08:13 +0000] "HEAD /products/ HTTP/1.1" 404 6782 "-" "Mozilla/5.0 (Macintosh; Intel Mac OS X 10_15_7) AppleWebKit/537.36"
84.112.80.111 - - [05/Jul/2026:09:08:17 +0000] "POST /about HTTP/1.1" 404 1606 "-" "Mozilla/5.0 (Windows NT 10.0; Win64; x64) AppleWebKit/537.36"
84.112.30.168 - - [05/Jul/2026:09:08:26 +0000] "GET /robots.txt HTTP/1.1" 302 0 "-" "Mozilla/5.0 (X11; Linux x86_64) AppleWebKit/537.36"
84.112.170.205 - - [05/Jul/2026:09:08:39 +0000] "GET /robots.txt HTTP/1.1" 204 0 "-" "Mozilla/5.0 (Macintosh; Intel Mac OS X 10_15_7) AppleWebKit/537.36"
84.112.216.57 - - [05/Jul/2026:09:08:54 +0000] "GET /category/electronics HTTP/1.1" 404 7727 "-" "Go-http-client/2.0"
84.112.62.21 - - [05/Jul/2026:09:09:06 +0000] "HEAD /cart/ HTTP/1.1" 204 0 "-" "Go-http-client/2.0"
84.112.112.166 - - [05/Jul/2026:09:09:13 +0000] "GET /api/v1/status HTTP/1.1" 204 0 "-" "curl/8.4.0"
84.112.141.113 - - [05/Jul/2026:09:09:26 +0000] "HEAD /about HTTP/1.1" 302 0 "-" "Go-http-client/2.0"
84.112.141.113 - - [05/Jul/2026:09:09:29 +0000] "POST /products/ HTTP/1.1" 301 6083 "-" "Mozilla/5.0 (Windows NT 10.0; Win64; x64) AppleWebKit/537.36"
84.112.216.57 - - [05/Jul/2026:09:09:32 +0000] "POST /robots.txt HTTP/1.1" 301 789 "-" "curl/8.4.0"
84.112.114.59 - - [05/Jul/2026:09:09:39 +0000] "HEAD /contact HTTP/1.1" 404 1217 "-" "Mozilla/5.0 (X11; Linux x86_64) AppleWebKit/537.36"
84.112.16.115 - - [05/Jul/2026:09:09:52 +0000] "GET /category/electronics HTTP/1.1" 200 1980 "-" "Go-http-client/2.0"
84.112.170.205 - - [05/Jul/2026:09:10:01 +0000] "HEAD /about HTTP/1.1" 302 0 "-" "Go-http-client/2.0"
84.112.15.189 - - [05/Jul/2026:09:10:15 +0000] "POST /category/electronics HTTP/1.1" 200 8370 "-" "Go-http-client/2.0"
84.112.245.39 - - [05/Jul/2026:09:10:23 +0000] "GET /cart/ HTTP/1.1" 200 5776 "-" "Python-urllib/3.12"
84.112.112.166 - - [05/Jul/2026:09:10:32 +0000] "HEAD /cart/ HTTP/1.1" 204 0 "-" "Go-http-client/2.0"
84.112.237.124 - - [05/Jul/2026:09:10:42 +0000] "POST /robots.txt HTTP/1.1" 301 6151 "-" "Go-http-client/2.0"
84.112.226.75 - - [05/Jul/2026:09:10:55 +0000] "GET /robots.txt HTTP/1.1" 200 1433 "-" "Python-urllib/3.12"
84.112.30.168 - - [05/Jul/2026:09:10:59 +0000] "GET /cart/ HTTP/1.1" 200 4641 "-" "Mozilla/5.0 (Windows NT 10.0; Win64; x64) AppleWebKit/537.36"
84.112.47.110 - - [05/Jul/2026:09:11:12 +0000] "POST /static/js/bundle.js HTTP/1.1" 302 0 "-" "Mozilla/5.0 (Macintosh; Intel Mac OS X 10_15_7) AppleWebKit/537.36"
84.112.62.21 - - [05/Jul/2026:09:11:22 +0000] "POST /favicon.ico HTTP/1.1" 404 2283 "-" "Python-urllib/3.12"
84.112.237.239 - - [05/Jul/2026:09:11:29 +0000] "POST /products/ HTTP/1.1" 200 3217 "-" "Mozilla/5.0 (Windows NT 10.0; Win64; x64) AppleWebKit/537.36"
84.112.15.189 - - [05/Jul/2026:09:11:31 +0000] "HEAD /category/electronics HTTP/1.1" 204 0 "-" "Mozilla/5.0 (X11; Linux x86_64) AppleWebKit/537.36"
84.112.185.225 - - [05/Jul/2026:09:11:38 +0000] "POST /contact HTTP/1.1" 302 0 "-" "Mozilla/5.0 (X11; Linux x86_64) AppleWebKit/537.36"
84.112.155.159 - - [05/Jul/2026:09:11:47 +0000] "POST /static/js/bundle.js HTTP/1.1" 302 0 "-" "curl/8.4.0"
84.112.245.39 - - [05/Jul/2026:09:11:51 +0000] "GET /robots.txt HTTP/1.1" 200 4840 "-" "Mozilla/5.0 (Windows NT 10.0; Win64; x64) AppleWebKit/537.36"
84.112.80.111 - - [05/Jul/2026:09:11:55 +0000] "POST /robots.txt HTTP/1.1" 200 2754 "-" "Go-http-client/2.0"
84.112.30.168 - - [05/Jul/2026:09:12:05 +0000] "GET /static/js/bundle.js HTTP/1.1" 302 0 "-" "Go-http-client/2.0"
84.112.47.110 - - [05/Jul/2026:09:12:18 +0000] "GET /about HTTP/1.1" 200 794 "-" "curl/8.4.0"
84.112.47.110 - - [05/Jul/2026:09:12:29 +0000] "POST /api/v1/status HTTP/1.1" 200 3142 "-" "Mozilla/5.0 (Macintosh; Intel Mac OS X 10_15_7) AppleWebKit/537.36"
84.112.28.112 - - [05/Jul/2026:09:12:39 +0000] "HEAD /category/electronics HTTP/1.1" 200 2543 "-" "curl/8.4.0"
84.112.237.124 - - [05/Jul/2026:09:12:48 +0000] "GET /contact HTTP/1.1" 200 2110 "-" "Mozilla/5.0 (Windows NT 10.0; Win64; x64) AppleWebKit/537.36"
84.112.177.148 - - [05/Jul/2026:09:12:56 +0000] "GET /robots.txt HTTP/1.1" 200 2676 "-" "Mozilla/5.0 (Windows NT 10.0; Win64; x64) AppleWebKit/537.36"
84.112.237.124 - - [05/Jul/2026:09:13:09 +0000] "HEAD /category/electronics HTTP/1.1" 404 4962 "-" "Python-urllib/3.12"
84.112.170.205 - - [05/Jul/2026:09:13:15 +0000] "HEAD /static/js/bundle.js HTTP/1.1" 302 0 "-" "Mozilla/5.0 (X11; Linux x86_64) AppleWebKit/537.36"
84.112.155.159 - - [05/Jul/2026:09:13:28 +0000] "POST /cart/ HTTP/1.1" 404 7967 "-" "Mozilla/5.0 (Windows NT 10.0; Win64; x64) AppleWebKit/537.36"
84.112.237.124 - - [05/Jul/2026:09:13:32 +0000] "GET /api/v1/status HTTP/1.1" 200 6700 "-" "Mozilla/5.0 (X11; Linux x86_64) AppleWebKit/537.36"
84.112.15.189 - - [05/Jul/2026:09:13:47 +0000] "POST /category/electronics HTTP/1.1" 200 5467 "-" "Mozilla/5.0 (Windows NT 10.0; Win64; x64) AppleWebKit/537.36"
84.112.16.115 - - [05/Jul/2026:09:13:58 +0000] "HEAD /contact HTTP/1.1" 200 4673 "-" "Mozilla/5.0 (Macintosh; Intel Mac OS X 10_15_7) AppleWebKit/537.36"
84.112.226.75 - - [05/Jul/2026:09:14:00 +0000] "HEAD /robots.txt HTTP/1.1" 404 1551 "-" "Mozilla/5.0 (X11; Linux x86_64) AppleWebKit/537.36"
84.112.16.115 - - [05/Jul/2026:09:14:08 +0000] "POST /category/electronics HTTP/1.1" 301 1038 "-" "Go-http-client/2.0"
84.112.216.57 - - [05/Jul/2026:09:14:15 +0000] "GET /favicon.ico HTTP/1.1" 200 6446 "-" "curl/8.4.0"
84.112.30.168 - - [05/Jul/2026:09:14:17 +0000] "POST /category/electronics HTTP/1.1" 200 7420 "-" "Mozilla/5.0 (X11; Linux x86_64) AppleWebKit/537.36"
84.112.16.115 - - [05/Jul/2026:09:14:20 +0000] "HEAD /robots.txt HTTP/1.1" 404 6929 "-" "Python-urllib/3.12"
84.112.114.59 - - [05/Jul/2026:09:14:26 +0000] "HEAD /favicon.ico HTTP/1.1" 404 6906 "-" "Mozilla/5.0 (Macintosh; Intel Mac OS X 10_15_7) AppleWebKit/537.36"
84.112.170.205 - - [05/Jul/2026:09:14:41 +0000] "HEAD /cart/ HTTP/1.1" 200 3524 "-" "curl/8.4.0"
84.112.112.166 - - [05/Jul/2026:09:14:50 +0000] "POST /cart/ HTTP/1.1" 301 6276 "-" "Mozilla/5.0 (Windows NT 10.0; Win64; x64) AppleWebKit/537.36"
84.112.237.239 - - [05/Jul/2026:09:14:52 +0000] "HEAD /api/v1/status HTTP/1.1" 204 0 "-" "Mozilla/5.0 (Macintosh; Intel Mac OS X 10_15_7) AppleWebKit/537.36"
84.112.155.159 - - [05/Jul/2026:09:15:02 +0000] "HEAD /static/js/bundle.js HTTP/1.1" 200 3167 "-" "Python-urllib/3.12"
84.112.237.124 - - [05/Jul/2026:09:15:08 +0000] "POST /products/ HTTP/1.1" 302 0 "-" "curl/8.4.0"
84.112.170.205 - - [05/Jul/2026:09:15:23 +0000] "POST /robots.txt HTTP/1.1" 301 7713 "-" "Mozilla/5.0 (Macintosh; Intel Mac OS X 10_15_7) AppleWebKit/537.36"
84.112.62.21 - - [05/Jul/2026:09:15:25 +0000] "GET /api/v1/status HTTP/1.1" 200 7862 "-" "Mozilla/5.0 (Windows NT 10.0; Win64; x64) AppleWebKit/537.36"
84.112.30.168 - - [05/Jul/2026:09:15:37 +0000] "POST /static/js/bundle.js HTTP/1.1" 204 0 "-" "Go-http-client/2.0"
84.112.15.189 - - [05/Jul/2026:09:15:49 +0000] "GET /cart/ HTTP/1.1" 302 0 "-" "curl/8.4.0"
84.112.226.75 - - [05/Jul/2026:09:15:58 +0000] "HEAD /category/electronics HTTP/1.1" 301 7992 "-" "Mozilla/5.0 (X11; Linux x86_64) AppleWebKit/537.36"
84.112.245.39 - - [05/Jul/2026:09:16:06 +0000] "HEAD /robots.txt HTTP/1.1" 404 2079 "-" "curl/8.4.0"
84.112.170.205 - - [05/Jul/2026:09:16:16 +0000] "GET /api/v1/status HTTP/1.1" 200 1078 "-" "Mozilla/5.0 (Macintosh; Intel Mac OS X 10_15_7) AppleWebKit/537.36"
84.112.155.159 - - [05/Jul/2026:09:16:23 +0000] "HEAD /static/js/bundle.js HTTP/1.1" 200 2795 "-" "Mozilla/5.0 (Windows NT 10.0; Win64; x64) AppleWebKit/537.36"
84.112.80.111 - - [05/Jul/2026:09:16:29 +0000] "POST /category/electronics HTTP/1.1" 200 4869 "-" "curl/8.4.0"
84.112.226.75 - - [05/Jul/2026:09:16:39 +0000] "HEAD /about HTTP/1.1" 302 0 "-" "Go-http-client/2.0"
84.112.43.73 - - [05/Jul/2026:09:16:43 +0000] "HEAD /static/js/bundle.js HTTP/1.1" 301 5405 "-" "curl/8.4.0"
84.112.30.168 - - [05/Jul/2026:09:16:58 +0000] "POST /category/electronics HTTP/1.1" 200 5881 "-" "Mozilla/5.0 (Macintosh; Intel Mac OS X 10_15_7) AppleWebKit/537.36"
84.112.47.110 - - [05/Jul/2026:09:17:00 +0000] "HEAD /api/v1/status HTTP/1.1" 200 8064 "-" "Python-urllib/3.12"
84.112.114.59 - - [05/Jul/2026:09:17:07 +0000] "GET /about HTTP/1.1" 200 8367 "-" "Mozilla/5.0 (Macintosh; Intel Mac OS X 10_15_7) AppleWebKit/537.36"
84.112.16.115 - - [05/Jul/2026:09:17:22 +0000] "HEAD /contact HTTP/1.1" 302 0 "-" "Mozilla/5.0 (X11; Linux x86_64) AppleWebKit/537.36"
84.112.237.124 - - [05/Jul/2026:09:17:35 +0000] "HEAD /cart/ HTTP/1.1" 204 0 "-" "Python-urllib/3.12"
84.112.43.73 - - [05/Jul/2026:09:17:38 +0000] "GET /products/ HTTP/1.1" 204 0 "-" "curl/8.4.0"
84.112.80.111 - - [05/Jul/2026:09:17:44 +0000] "GET /robots.txt HTTP/1.1" 301 5724 "-" "Mozilla/5.0 (Macintosh; Intel Mac OS X 10_15_7) AppleWebKit/537.36"
84.112.30.168 - - [05/Jul/2026:09:17:57 +0000] "GET /cart/ HTTP/1.1" 200 2228 "-" "Go-http-client/2.0"
84.112.15.189 - - [05/Jul/2026:09:18:01 +0000] "POST /static/js/bundle.js HTTP/1.1" 200 2253 "-" "Mozilla/5.0 (Windows NT 10.0; Win64; x64) AppleWebKit/537.36"
84.112.43.73 - - [05/Jul/2026:09:18:09 +0000] "GET /products/ HTTP/1.1" 302 0 "-" "Python-urllib/3.12"
84.112.237.239 - - [05/Jul/2026:09:18:23 +0000] "GET /about HTTP/1.1" 200 657 "-" "Go-http-client/2.0"
84.112.170.205 - - [05/Jul/2026:09:18:33 +0000] "GET /robots.txt HTTP/1.1" 200 4265 "-" "Mozilla/5.0 (Windows NT 10.0; Win64; x64) AppleWebKit/537.36"
84.112.30.168 - - [05/Jul/2026:09:18:36 +0000] "HEAD /products/ HTTP/1.1" 302 0 "-" "Mozilla/5.0 (Windows NT 10.0; Win64; x64) AppleWebKit/537.36"
84.112.43.73 - - [05/Jul/2026:09:18:50 +0000] "HEAD /about HTTP/1.1" 301 3397 "-" "Mozilla/5.0 (Macintosh; Intel Mac OS X 10_15_7) AppleWebKit/537.36"
84.112.80.111 - - [05/Jul/2026:09:19:02 +0000] "GET /cart/ HTTP/1.1" 200 4664 "-" "Mozilla/5.0 (X11; Linux x86_64) AppleWebKit/537.36"
84.112.80.111 - - [05/Jul/2026:09:19:09 +0000] "GET /contact HTTP/1.1" 302 0 "-" "Go-http-client/2.0"
84.112.15.189 - - [05/Jul/2026:09:19:20 +0000] "HEAD /cart/ HTTP/1.1" 200 349 "-" "Mozilla/5.0 (X11; Linux x86_64) AppleWebKit/537.36"
84.112.16.115 - - [05/Jul/2026:09:19:25 +0000] "POST /static/js/bundle.js HTTP/1.1" 302 0 "-" "Mozilla/5.0 (X11; Linux x86_64) AppleWebKit/537.36"
84.112.43.73 - - [05/Jul/2026:09:19:27 +0000] "GET /contact HTTP/1.1" 302 0 "-" "Go-http-client/2.0"
84.112.80.111 - - [05/Jul/2026:09:19:36 +0000] "HEAD /static/js/bundle.js HTTP/1.1" 204 0 "-" "Go-http-client/2.0"
84.112.114.59 - - [05/Jul/2026:09:19:39 +0000] "POST /favicon.ico HTTP/1.1" 204 0 "-" "Mozilla/5.0 (Macintosh; Intel Mac OS X 10_15_7) AppleWebKit/537.36"
84.112.15.189 - - [05/Jul/2026:09:19:49 +0000] "POST /cart/ HTTP/1.1" 302 0 "-" "curl/8.4.0"
84.112.155.159 - - [05/Jul/2026:09:19:52 +0000] "GET /contact HTTP/1.1" 200 8243 "-" "curl/8.4.0"
84.112.30.168 - - [05/Jul/2026:09:20:05 +0000] "HEAD /products/ HTTP/1.1" 200 5495 "-" "Python-urllib/3.12"
84.112.216.57 - - [05/Jul/2026:09:20:08 +0000] "POST /robots.txt HTTP/1.1" 301 5231 "-" "Go-http-client/2.0"
84.112.155.159 - - [05/Jul/2026:09:20:23 +0000] "GET /contact HTTP/1.1" 204 0 "-" "curl/8.4.0"
84.112.237.239 - - [05/Jul/2026:09:20:38 +0000] "GET /cart/ HTTP/1.1" 302 0 "-" "Python-urllib/3.12"
84.112.80.111 - - [05/Jul/2026:09:20:50 +0000] "GET /products/ HTTP/1.1" 404 8175 "-" "Go-http-client/2.0"
84.112.216.57 - - [05/Jul/2026:09:20:53 +0000] "POST /contact HTTP/1.1" 404 1512 "-" "Mozilla/5.0 (Windows NT 10.0; Win64; x64) AppleWebKit/537.36"
84.112.216.57 - - [05/Jul/2026:09:20:57 +0000] "POST /cart/ HTTP/1.1" 404 2884 "-" "Mozilla/5.0 (Windows NT 10.0; Win64; x64) AppleWebKit/537.36"
84.112.16.115 - - [05/Jul/2026:09:21:04 +0000] "POST /about HTTP/1.1" 301 6743 "-" "Mozilla/5.0 (Windows NT 10.0; Win64; x64) AppleWebKit/537.36"
84.112.237.239 - - [05/Jul/2026:09:21:09 +0000] "HEAD /robots.txt HTTP/1.1" 200 4592 "-" "Go-http-client/2.0"
84.112.80.111 - - [05/Jul/2026:09:21:17 +0000] "POST /favicon.ico HTTP/1.1" 204 0 "-" "Mozilla/5.0 (X11; Linux x86_64) AppleWebKit/537.36"
84.112.47.110 - - [05/Jul/2026:09:21:23 +0000] "POST /cart/ HTTP/1.1" 200 4227 "-" "Python-urllib/3.12"
84.112.15.189 - - [05/Jul/2026:09:21:32 +0000] "HEAD /static/js/bundle.js HTTP/1.1" 200 1751 "-" "Go-http-client/2.0"
84.112.226.75 - - [05/Jul/2026:09:21:34 +0000] "POST /products/ HTTP/1.1" 200 6389 "-" "Mozilla/5.0 (X11; Linux x86_64) AppleWebKit/537.36"
84.112.185.225 - - [05/Jul/2026:09:21:46 +0000] "GET /api/v1/status HTTP/1.1" 301 1698 "-" "Mozilla/5.0 (Windows NT 10.0; Win64; x64) AppleWebKit/537.36"
84.112.112.166 - - [05/Jul/2026:09:21:58 +0000] "POST /robots.txt HTTP/1.1" 200 4929 "-" "Go-http-client/2.0"
84.112.177.148 - - [05/Jul/2026:09:22:07 +0000] "HEAD /api/v1/status HTTP/1.1" 301 5749 "-" "Mozilla/5.0 (X11; Linux x86_64) AppleWebKit/537.36"
84.112.62.21 - - [05/Jul/2026:09:22:17 +0000] "GET /favicon.ico HTTP/1.1" 200 6405 "-" "Python-urllib/3.12"
84.112.216.57 - - [05/Jul/2026:09:22:24 +0000] "POST /robots.txt HTTP/1.1" 200 658 "-" "Mozilla/5.0 (Macintosh; Intel Mac OS X 10_15_7) AppleWebKit/537.36"
84.112.30.168 - - [05/Jul/2026:09:22:34 +0000] "HEAD /static/js/bundle.js HTTP/1.1" 204 0 "-" "Python-urllib/3.12"
84.112.30.168 - - [05/Jul/2026:09:22:38 +0000] "HEAD /favicon.ico HTTP/1.1" 204 0 "-" "Mozilla/5.0 (Windows NT 10.0; Win64; x64) AppleWebKit/537.36"
84.112.177.148 - - [05/Jul/2026:09:22:49 +0000] "HEAD /contact HTTP/1.1" 404 7817 "-" "Python-urllib/3.12"
84.112.114.59 - - [05/Jul/2026:09:22:59 +0000] "HEAD /products/ HTTP/1.1" 204 0 "-" "curl/8.4.0"
84.112.170.205 - - [05/Jul/2026:09:23:08 +0000] "POST /category/electronics HTTP/1.1" 302 0 "-" "curl/8.4.0"
84.112.28.112 - - [05/Jul/2026:09:23:15 +0000] "GET /products/ HTTP/1.1" 200 6123 "-" "curl/8.4.0"
84.112.170.205 - - [05/Jul/2026:09:23:29 +0000] "GET /category/electronics HTTP/1.1" 204 0 "-" "Mozilla/5.0 (Windows NT 10.0; Win64; x64) AppleWebKit/537.36"
84.112.80.111 - - [05/Jul/2026:09:23:37 +0000] "POST /favicon.ico HTTP/1.1" 200 1044 "-" "Go-http-client/2.0"
84.112.15.189 - - [05/Jul/2026:09:23:42 +0000] "GET /api/v1/status HTTP/1.1" 301 1511 "-" "Go-http-client/2.0"
84.112.30.168 - - [05/Jul/2026:09:23:45 +0000] "GET /category/electronics HTTP/1.1" 200 442 "-" "Mozilla/5.0 (X11; Linux x86_64) AppleWebKit/537.36"
84.112.28.112 - - [05/Jul/2026:09:23:52 +0000] "POST /favicon.ico HTTP/1.1" 301 7020 "-" "curl/8.4.0"
84.112.177.148 - - [05/Jul/2026:09:23:54 +0000] "HEAD /products/ HTTP/1.1" 200 6308 "-" "Mozilla/5.0 (X11; Linux x86_64) AppleWebKit/537.36"
84.112.185.225 - - [05/Jul/2026:09:24:02 +0000] "HEAD /cart/ HTTP/1.1" 302 0 "-" "Python-urllib/3.12"
84.112.16.115 - - [05/Jul/2026:09:24:05 +0000] "POST /robots.txt HTTP/1.1" 301 5683 "-" "Mozilla/5.0 (Macintosh; Intel Mac OS X 10_15_7) AppleWebKit/537.36"
84.112.30.168 - - [05/Jul/2026:09:24:16 +0000] "POST /favicon.ico HTTP/1.1" 200 8262 "-" "Go-http-client/2.0"
84.112.226.75 - - [05/Jul/2026:09:24:31 +0000] "HEAD /about HTTP/1.1" 200 4464 "-" "Mozilla/5.0 (Windows NT 10.0; Win64; x64) AppleWebKit/537.36"
84.112.170.205 - - [05/Jul/2026:09:24:37 +0000] "POST /about HTTP/1.1" 301 1626 "-" "Go-http-client/2.0"
84.112.170.205 - - [05/Jul/2026:09:24:52 +0000] "GET /category/electronics HTTP/1.1" 200 1222 "-" "Mozilla/5.0 (X11; Linux x86_64) AppleWebKit/537.36"
84.112.112.166 - - [05/Jul/2026:09:25:06 +0000] "POST /favicon.ico HTTP/1.1" 200 5810 "-" "Mozilla/5.0 (Windows NT 10.0; Win64; x64) AppleWebKit/537.36"
84.112.30.168 - - [05/Jul/2026:09:25:18 +0000] "HEAD /api/v1/status HTTP/1.1" 204 0 "-" "Go-http-client/2.0"
84.112.185.225 - - [05/Jul/2026:09:25:28 +0000] "GET /favicon.ico HTTP/1.1" 204 0 "-" "curl/8.4.0"
84.112.112.166 - - [05/Jul/2026:09:25:39 +0000] "POST /contact HTTP/1.1" 200 424 "-" "Go-http-client/2.0"
84.112.112.166 - - [05/Jul/2026:09:25:52 +0000] "GET /robots.txt HTTP/1.1" 200 7776 "-" "curl/8.4.0"
84.112.237.124 - - [05/Jul/2026:09:26:04 +0000] "HEAD /favicon.ico HTTP/1.1" 301 1101 "-" "Mozilla/5.0 (X11; Linux x86_64) AppleWebKit/537.36"
84.112.80.111 - - [05/Jul/2026:09:26:09 +0000] "POST /static/js/bundle.js HTTP/1.1" 200 2585 "-" "Go-http-client/2.0"
84.112.30.168 - - [05/Jul/2026:09:26:21 +0000] "POST /favicon.ico HTTP/1.1" 200 1175 "-" "Go-http-client/2.0"
84.112.237.239 - - [05/Jul/2026:09:26:26 +0000] "POST /api/v1/status HTTP/1.1" 404 2751 "-" "curl/8.4.0"
84.112.141.113 - - [05/Jul/2026:09:26:38 +0000] "GET /favicon.ico HTTP/1.1" 200 1980 "-" "Mozilla/5.0 (Macintosh; Intel Mac OS X 10_15_7) AppleWebKit/537.36"
84.112.62.21 - - [05/Jul/2026:09:26:43 +0000] "GET /api/v1/status HTTP/1.1" 204 0 "-" "Python-urllib/3.12"
84.112.237.239 - - [05/Jul/2026:09:26:53 +0000] "POST /products/ HTTP/1.1" 200 2730 "-" "curl/8.4.0"
84.112.62.21 - - [05/Jul/2026:09:26:57 +0000] "POST /api/v1/status HTTP/1.1" 404 3003 "-" "Go-http-client/2.0"
84.112.28.112 - - [05/Jul/2026:09:27:12 +0000] "HEAD /robots.txt HTTP/1.1" 302 0 "-" "Mozilla/5.0 (Windows NT 10.0; Win64; x64) AppleWebKit/537.36"
84.112.226.75 - - [05/Jul/2026:09:27:14 +0000] "POST /api/v1/status HTTP/1.1" 302 0 "-" "Mozilla/5.0 (Windows NT 10.0; Win64; x64) AppleWebKit/537.36"
84.112.80.111 - - [05/Jul/2026:09:27:22 +0000] "HEAD /cart/ HTTP/1.1" 204 0 "-" "Go-http-client/2.0"
84.112.47.110 - - [05/Jul/2026:09:27:37 +0000] "GET /cart/ HTTP/1.1" 301 8316 "-" "Mozilla/5.0 (Windows NT 10.0; Win64; x64) AppleWebKit/537.36"
84.112.170.205 - - [05/Jul/2026:09:27:47 +0000] "HEAD /api/v1/status HTTP/1.1" 204 0 "-" "Mozilla/5.0 (Windows NT 10.0; Win64; x64) AppleWebKit/537.36"
84.112.141.113 - - [05/Jul/2026:09:27:52 +0000] "GET /category/electronics HTTP/1.1" 200 6508 "-" "Go-http-client/2.0"
84.112.15.189 - - [05/Jul/2026:09:28:05 +0000] "POST /about HTTP/1.1" 200 1870 "-" "Mozilla/5.0 (Macintosh; Intel Mac OS X 10_15_7) AppleWebKit/537.36"
84.112.245.39 - - [05/Jul/2026:09:28:10 +0000] "POST /favicon.ico HTTP/1.1" 200 1036 "-" "Python-urllib/3.12"
84.112.80.111 - - [05/Jul/2026:09:28:20 +0000] "HEAD /cart/ HTTP/1.1" 200 7063 "-" "Python-urllib/3.12"
84.112.15.189 - - [05/Jul/2026:09:28:32 +0000] "POST /static/js/bundle.js HTTP/1.1" 200 7906 "-" "Go-http-client/2.0"
84.112.30.168 - - [05/Jul/2026:09:28:39 +0000] "GET /products/ HTTP/1.1" 302 0 "-" "Go-http-client/2.0"
84.112.28.112 - - [05/Jul/2026:09:28:51 +0000] "HEAD /about HTTP/1.1" 200 6422 "-" "curl/8.4.0"
84.112.80.111 - - [05/Jul/2026:09:29:03 +0000] "HEAD /cart/ HTTP/1.1" 301 3992 "-" "Python-urllib/3.12"
84.112.62.21 - - [05/Jul/2026:09:29:11 +0000] "POST /api/v1/status HTTP/1.1" 200 1598 "-" "Mozilla/5.0 (Macintosh; Intel Mac OS X 10_15_7) AppleWebKit/537.36"
84.112.16.115 - - [05/Jul/2026:09:29:17 +0000] "GET /robots.txt HTTP/1.1" 404 5316 "-" "Go-http-client/2.0"
84.112.28.112 - - [05/Jul/2026:09:29:25 +0000] "POST /cart/ HTTP/1.1" 302 0 "-" "Python-urllib/3.12"
84.112.237.239 - - [05/Jul/2026:09:29:34 +0000] "POST /favicon.ico HTTP/1.1" 302 0 "-" "Mozilla/5.0 (Windows NT 10.0; Win64; x64) AppleWebKit/537.36"
84.112.114.59 - - [05/Jul/2026:09:29:49 +0000] "HEAD /api/v1/status HTTP/1.1" 301 1207 "-" "curl/8.4.0"
84.112.141.113 - - [05/Jul/2026:09:29:57 +0000] "HEAD /contact HTTP/1.1" 404 5473 "-" "Python-urllib/3.12"
84.112.62.21 - - [05/Jul/2026:09:30:10 +0000] "GET /static/js/bundle.js HTTP/1.1" 404 7384 "-" "Go-http-client/2.0"
84.112.62.21 - - [05/Jul/2026:09:30:14 +0000] "POST /about HTTP/1.1" 404 5126 "-" "curl/8.4.0"
84.112.226.75 - - [05/Jul/2026:09:30:25 +0000] "GET /static/js/bundle.js HTTP/1.1" 200 2251 "-" "Mozilla/5.0 (X11; Linux x86_64) AppleWebKit/537.36"
84.112.237.239 - - [05/Jul/2026:09:30:37 +0000] "POST /robots.txt HTTP/1.1" 204 0 "-" "Go-http-client/2.0"
84.112.245.39 - - [05/Jul/2026:09:30:41 +0000] "GET /category/electronics HTTP/1.1" 302 0 "-" "curl/8.4.0"
84.112.226.75 - - [05/Jul/2026:09:30:46 +0000] "POST /category/electronics HTTP/1.1" 200 6567 "-" "Python-urllib/3.12"
84.112.170.205 - - [05/Jul/2026:09:31:01 +0000] "GET /products/ HTTP/1.1" 200 3867 "-" "Mozilla/5.0 (Windows NT 10.0; Win64; x64) AppleWebKit/537.36"
84.112.16.115 - - [05/Jul/2026:09:31:10 +0000] "POST /static/js/bundle.js HTTP/1.1" 200 6690 "-" "Mozilla/5.0 (X11; Linux x86_64) AppleWebKit/537.36"
84.112.141.113 - - [05/Jul/2026:09:31:18 +0000] "POST /static/js/bundle.js HTTP/1.1" 200 6148 "-" "Mozilla/5.0 (Macintosh; Intel Mac OS X 10_15_7) AppleWebKit/537.36"
84.112.43.73 - - [05/Jul/2026:09:31:29 +0000] "GET /contact HTTP/1.1" 204 0 "-" "Python-urllib/3.12"
84.112.177.148 - - [05/Jul/2026:09:31:44 +0000] "GET /about HTTP/1.1" 404 3448 "-" "Mozilla/5.0 (Macintosh; Intel Mac OS X 10_15_7) AppleWebKit/537.36"
84.112.245.39 - - [05/Jul/2026:09:31:59 +0000] "POST /robots.txt HTTP/1.1" 204 0 "-" "Mozilla/5.0 (Macintosh; Intel Mac OS X 10_15_7) AppleWebKit/537.36"
84.112.16.115 - - [05/Jul/2026:09:32:07 +0000] "HEAD /about HTTP/1.1" 302 0 "-" "curl/8.4.0"
84.112.16.115 - - [05/Jul/2026:09:32:20 +0000] "POST /static/js/bundle.js HTTP/1.1" 204 0 "-" "Mozilla/5.0 (Macintosh; Intel Mac OS X 10_15_7) AppleWebKit/537.36"
84.112.30.168 - - [05/Jul/2026:09:32:22 +0000] "POST /about HTTP/1.1" 301 7508 "-" "Mozilla/5.0 (Macintosh; Intel Mac OS X 10_15_7) AppleWebKit/537.36"
84.112.170.205 - - [05/Jul/2026:09:32:29 +0000] "HEAD /robots.txt HTTP/1.1" 200 289 "-" "Python-urllib/3.12"
84.112.185.225 - - [05/Jul/2026:09:32:33 +0000] "HEAD /favicon.ico HTTP/1.1" 404 3596 "-" "Go-http-client/2.0"
84.112.237.239 - - [05/Jul/2026:09:32:41 +0000] "HEAD /api/v1/status HTTP/1.1" 200 1681 "-" "Mozilla/5.0 (X11; Linux x86_64) AppleWebKit/537.36"
84.112.28.112 - - [05/Jul/2026:09:32:43 +0000] "POST /about HTTP/1.1" 204 0 "-" "curl/8.4.0"
84.112.141.113 - - [05/Jul/2026:09:32:54 +0000] "HEAD /products/ HTTP/1.1" 200 4275 "-" "Mozilla/5.0 (X11; Linux x86_64) AppleWebKit/537.36"
84.112.216.57 - - [05/Jul/2026:09:33:05 +0000] "POST /favicon.ico HTTP/1.1" 404 6196 "-" "Mozilla/5.0 (Macintosh; Intel Mac OS X 10_15_7) AppleWebKit/537.36"
84.112.28.112 - - [05/Jul/2026:09:33:15 +0000] "HEAD /static/js/bundle.js HTTP/1.1" 200 2903 "-" "Mozilla/5.0 (X11; Linux x86_64) AppleWebKit/537.36"
84.112.185.225 - - [05/Jul/2026:09:33:24 +0000] "POST /static/js/bundle.js HTTP/1.1" 200 5318 "-" "Go-http-client/2.0"
84.112.237.239 - - [05/Jul/2026:09:33:34 +0000] "GET /api/v1/status HTTP/1.1" 200 5252 "-" "Mozilla/5.0 (Windows NT 10.0; Win64; x64) AppleWebKit/537.36"
84.112.177.148 - - [05/Jul/2026:09:33:38 +0000] "POST /category/electronics HTTP/1.1" 204 0 "-" "curl/8.4.0"
84.112.141.113 - - [05/Jul/2026:09:33:44 +0000] "POST /contact HTTP/1.1" 200 7259 "-" "Mozilla/5.0 (Macintosh; Intel Mac OS X 10_15_7) AppleWebKit/537.36"
84.112.177.148 - - [05/Jul/2026:09:33:51 +0000] "GET /contact HTTP/1.1" 302 0 "-" "Go-http-client/2.0"
84.112.155.159 - - [05/Jul/2026:09:34:03 +0000] "GET /about HTTP/1.1" 200 1014 "-" "Mozilla/5.0 (Macintosh; Intel Mac OS X 10_15_7) AppleWebKit/537.36"
84.112.28.112 - - [05/Jul/2026:09:34:07 +0000] "POST /api/v1/status HTTP/1.1" 200 7773 "-" "Python-urllib/3.12"
84.112.177.148 - - [05/Jul/2026:09:34:10 +0000] "GET /robots.txt HTTP/1.1" 200 8069 "-" "Python-urllib/3.12"
84.112.43.73 - - [05/Jul/2026:09:34:19 +0000] "HEAD /static/js/bundle.js HTTP/1.1" 200 5847 "-" "Mozilla/5.0 (Windows NT 10.0; Win64; x64) AppleWebKit/537.36"
84.112.30.168 - - [05/Jul/2026:09:34:24 +0000] "GET /static/js/bundle.js HTTP/1.1" 404 8455 "-" "curl/8.4.0"
84.112.170.205 - - [05/Jul/2026:09:34:35 +0000] "GET /products/ HTTP/1.1" 301 3078 "-" "Python-urllib/3.12"
84.112.15.189 - - [05/Jul/2026:09:34:38 +0000] "POST /cart/ HTTP/1.1" 200 545 "-" "curl/8.4.0"
84.112.43.73 - - [05/Jul/2026:09:34:50 +0000] "POST /category/electronics HTTP/1.1" 301 1857 "-" "curl/8.4.0"
84.112.62.21 - - [05/Jul/2026:09:34:54 +0000] "GET /robots.txt HTTP/1.1" 302 0 "-" "Go-http-client/2.0"
84.112.177.148 - - [05/Jul/2026:09:35:06 +0000] "POST /api/v1/status HTTP/1.1" 301 215 "-" "curl/8.4.0"
84.112.141.113 - - [05/Jul/2026:09:35:08 +0000] "POST /category/electronics HTTP/1.1" 404 2238 "-" "Mozilla/5.0 (Macintosh; Intel Mac OS X 10_15_7) AppleWebKit/537.36"
84.112.28.112 - - [05/Jul/2026:09:35:23 +0000] "HEAD /api/v1/status HTTP/1.1" 200 1029 "-" "Go-http-client/2.0"
84.112.237.124 - - [05/Jul/2026:09:35:26 +0000] "HEAD /favicon.ico HTTP/1.1" 200 6654 "-" "curl/8.4.0"
84.112.15.189 - - [05/Jul/2026:09:35:30 +0000] "POST /cart/ HTTP/1.1" 200 3531 "-" "Mozilla/5.0 (Macintosh; Intel Mac OS X 10_15_7) AppleWebKit/537.36"
84.112.216.57 - - [05/Jul/2026:09:35:38 +0000] "POST /static/js/bundle.js HTTP/1.1" 200 5011 "-" "Python-urllib/3.12"
84.112.237.239 - - [05/Jul/2026:09:35:52 +0000] "HEAD /api/v1/status HTTP/1.1" 404 2271 "-" "curl/8.4.0"
84.112.43.73 - - [05/Jul/2026:09:36:04 +0000] "POST /contact HTTP/1.1" 200 8141 "-" "Python-urllib/3.12"
84.112.177.148 - - [05/Jul/2026:09:36:12 +0000] "POST /favicon.ico HTTP/1.1" 200 7042 "-" "curl/8.4.0"
84.112.114.59 - - [05/Jul/2026:09:36:23 +0000] "POST /favicon.ico HTTP/1.1" 200 782 "-" "Mozilla/5.0 (X11; Linux x86_64) AppleWebKit/537.36"
84.112.155.159 - - [05/Jul/2026:09:36:30 +0000] "HEAD /about HTTP/1.1" 404 2660 "-" "Python-urllib/3.12"
84.112.112.166 - - [05/Jul/2026:09:36:40 +0000] "GET /api/v1/status HTTP/1.1" 204 0 "-" "Python-urllib/3.12"
84.112.177.148 - - [05/Jul/2026:09:36:43 +0000] "POST /static/js/bundle.js HTTP/1.1" 200 5041 "-" "Mozilla/5.0 (Macintosh; Intel Mac OS X 10_15_7) AppleWebKit/537.36"
84.112.237.239 - - [05/Jul/2026:09:36:53 +0000] "POST /products/ HTTP/1.1" 301 1373 "-" "Mozilla/5.0 (Windows NT 10.0; Win64; x64) AppleWebKit/537.36"
84.112.43.73 - - [05/Jul/2026:09:37:03 +0000] "HEAD /favicon.ico HTTP/1.1" 204 0 "-" "Mozilla/5.0 (Windows NT 10.0; Win64; x64) AppleWebKit/537.36"
84.112.170.205 - - [05/Jul/2026:09:37:12 +0000] "POST /category/electronics HTTP/1.1" 200 1459 "-" "Mozilla/5.0 (X11; Linux x86_64) AppleWebKit/537.36"
84.112.43.73 - - [05/Jul/2026:09:37:14 +0000] "HEAD /robots.txt HTTP/1.1" 200 3105 "-" "Python-urllib/3.12"
84.112.226.75 - - [05/Jul/2026:09:37:16 +0000] "POST /api/v1/status HTTP/1.1" 200 7574 "-" "Go-http-client/2.0"
84.112.141.113 - - [05/Jul/2026:09:37:25 +0000] "POST /category/electronics HTTP/1.1" 302 0 "-" "Mozilla/5.0 (Macintosh; Intel Mac OS X 10_15_7) AppleWebKit/537.36"
84.112.114.59 - - [05/Jul/2026:09:37:30 +0000] "GET /api/v1/status HTTP/1.1" 302 0 "-" "Go-http-client/2.0"
84.112.237.239 - - [05/Jul/2026:09:37:33 +0000] "HEAD /products/ HTTP/1.1" 200 6590 "-" "Mozilla/5.0 (Windows NT 10.0; Win64; x64) AppleWebKit/537.36"
84.112.114.59 - - [05/Jul/2026:09:37:35 +0000] "HEAD /robots.txt HTTP/1.1" 204 0 "-" "Go-http-client/2.0"
84.112.141.113 - - [05/Jul/2026:09:37:43 +0000] "HEAD /robots.txt HTTP/1.1" 200 6030 "-" "Go-http-client/2.0"
84.112.216.57 - - [05/Jul/2026:09:37:55 +0000] "POST /cart/ HTTP/1.1" 200 2333 "-" "Mozilla/5.0 (Windows NT 10.0; Win64; x64) AppleWebKit/537.36"
84.112.43.73 - - [05/Jul/2026:09:38:00 +0000] "GET /about HTTP/1.1" 302 0 "-" "Mozilla/5.0 (Windows NT 10.0; Win64; x64) AppleWebKit/537.36"
84.112.177.148 - - [05/Jul/2026:09:38:05 +0000] "HEAD /static/js/bundle.js HTTP/1.1" 404 4081 "-" "Python-urllib/3.12"
84.112.237.124 - - [05/Jul/2026:09:38:20 +0000] "GET /cart/ HTTP/1.1" 200 7712 "-" "Mozilla/5.0 (Macintosh; Intel Mac OS X 10_15_7) AppleWebKit/537.36"
84.112.237.239 - - [05/Jul/2026:09:38:29 +0000] "GET /cart/ HTTP/1.1" 200 2617 "-" "Go-http-client/2.0"
84.112.155.159 - - [05/Jul/2026:09:38:42 +0000] "POST /robots.txt HTTP/1.1" 200 7484 "-" "Mozilla/5.0 (X11; Linux x86_64) AppleWebKit/537.36"
84.112.16.115 - - [05/Jul/2026:09:38:47 +0000] "POST /favicon.ico HTTP/1.1" 200 5589 "-" "Mozilla/5.0 (Windows NT 10.0; Win64; x64) AppleWebKit/537.36"
84.112.237.239 - - [05/Jul/2026:09:38:50 +0000] "POST /robots.txt HTTP/1.1" 404 4884 "-" "Mozilla/5.0 (Windows NT 10.0; Win64; x64) AppleWebKit/537.36"
84.112.216.57 - - [05/Jul/2026:09:38:59 +0000] "POST /contact HTTP/1.1" 301 8113 "-" "Mozilla/5.0 (Macintosh; Intel Mac OS X 10_15_7) AppleWebKit/537.36"
84.112.28.112 - - [05/Jul/2026:09:39:12 +0000] "HEAD /products/ HTTP/1.1" 204 0 "-" "Mozilla/5.0 (X11; Linux x86_64) AppleWebKit/537.36"
84.112.237.124 - - [05/Jul/2026:09:39:19 +0000] "GET /api/v1/status HTTP/1.1" 404 6954 "-" "Python-urllib/3.12"
84.112.177.148 - - [05/Jul/2026:09:39:22 +0000] "HEAD /category/electronics HTTP/1.1" 204 0 "-" "Go-http-client/2.0"
84.112.62.21 - - [05/Jul/2026:09:39:30 +0000] "GET /api/v1/status HTTP/1.1" 404 3269 "-" "Python-urllib/3.12"
84.112.155.159 - - [05/Jul/2026:09:39:37 +0000] "GET /contact HTTP/1.1" 200 5676 "-" "Mozilla/5.0 (X11; Linux x86_64) AppleWebKit/537.36"
84.112.155.159 - - [05/Jul/2026:09:39:52 +0000] "GET /api/v1/status HTTP/1.1" 404 6515 "-" "Python-urllib/3.12"
84.112.80.111 - - [05/Jul/2026:09:40:07 +0000] "POST /static/js/bundle.js HTTP/1.1" 301 3514 "-" "curl/8.4.0"
84.112.226.75 - - [05/Jul/2026:09:40:20 +0000] "HEAD /robots.txt HTTP/1.1" 200 2959 "-" "Mozilla/5.0 (Macintosh; Intel Mac OS X 10_15_7) AppleWebKit/537.36"
84.112.141.113 - - [05/Jul/2026:09:40:24 +0000] "POST /cart/ HTTP/1.1" 302 0 "-" "Python-urllib/3.12"
84.112.30.168 - - [05/Jul/2026:09:40:33 +0000] "GET /about HTTP/1.1" 301 890 "-" "Mozilla/5.0 (Windows NT 10.0; Win64; x64) AppleWebKit/537.36"
84.112.245.39 - - [05/Jul/2026:09:40:40 +0000] "POST /static/js/bundle.js HTTP/1.1" 200 8368 "-" "Mozilla/5.0 (Windows NT 10.0; Win64; x64) AppleWebKit/537.36"
84.112.226.75 - - [05/Jul/2026:09:40:54 +0000] "POST /favicon.ico HTTP/1.1" 200 3834 "-" "Mozilla/5.0 (Windows NT 10.0; Win64; x64) AppleWebKit/537.36"
84.112.15.189 - - [05/Jul/2026:09:41:04 +0000] "POST /api/v1/status HTTP/1.1" 200 5940 "-" "Mozilla/5.0 (Windows NT 10.0; Win64; x64) AppleWebKit/537.36"
84.112.237.124 - - [05/Jul/2026:09:41:18 +0000] "POST /static/js/bundle.js HTTP/1.1" 302 0 "-" "Go-http-client/2.0"
84.112.112.166 - - [05/Jul/2026:09:41:33 +0000] "HEAD /cart/ HTTP/1.1" 404 946 "-" "Python-urllib/3.12"
84.112.155.159 - - [05/Jul/2026:09:41:47 +0000] "GET /cart/ HTTP/1.1" 302 0 "-" "Mozilla/5.0 (X11; Linux x86_64) AppleWebKit/537.36"
84.112.43.73 - - [05/Jul/2026:09:41:58 +0000] "HEAD /products/ HTTP/1.1" 301 1847 "-" "Mozilla/5.0 (Macintosh; Intel Mac OS X 10_15_7) AppleWebKit/537.36"
84.112.43.73 - - [05/Jul/2026:09:42:10 +0000] "GET /category/electronics HTTP/1.1" 200 4906 "-" "Go-http-client/2.0"
84.112.112.166 - - [05/Jul/2026:09:42:19 +0000] "POST /cart/ HTTP/1.1" 200 6079 "-" "curl/8.4.0"
84.112.47.110 - - [05/Jul/2026:09:42:34 +0000] "GET /about HTTP/1.1" 204 0 "-" "Python-urllib/3.12"
84.112.62.21 - - [05/Jul/2026:09:42:48 +0000] "GET /robots.txt HTTP/1.1" 200 4818 "-" "Mozilla/5.0 (X11; Linux x86_64) AppleWebKit/537.36"
84.112.226.75 - - [05/Jul/2026:09:42:52 +0000] "POST /category/electronics HTTP/1.1" 404 6919 "-" "curl/8.4.0"
84.112.15.189 - - [05/Jul/2026:09:43:04 +0000] "GET /contact HTTP/1.1" 204 0 "-" "Mozilla/5.0 (Macintosh; Intel Mac OS X 10_15_7) AppleWebKit/537.36"
84.112.237.239 - - [05/Jul/2026:09:43:08 +0000] "POST /favicon.ico HTTP/1.1" 204 0 "-" "Mozilla/5.0 (X11; Linux x86_64) AppleWebKit/537.36"
84.112.80.111 - - [05/Jul/2026:09:43:22 +0000] "GET /robots.txt HTTP/1.1" 200 282 "-" "Go-http-client/2.0"
84.112.112.166 - - [05/Jul/2026:09:43:36 +0000] "GET /cart/ HTTP/1.1" 200 5277 "-" "Python-urllib/3.12"
84.112.114.59 - - [05/Jul/2026:09:43:50 +0000] "POST /products/ HTTP/1.1" 204 0 "-" "Mozilla/5.0 (Windows NT 10.0; Win64; x64) AppleWebKit/537.36"
84.112.47.110 - - [05/Jul/2026:09:44:02 +0000] "HEAD /products/ HTTP/1.1" 404 4965 "-" "Python-urllib/3.12"
84.112.237.124 - - [05/Jul/2026:09:44:10 +0000] "POST /category/electronics HTTP/1.1" 200 249 "-" "curl/8.4.0"
84.112.141.113 - - [05/Jul/2026:09:44:20 +0000] "GET /favicon.ico HTTP/1.1" 204 0 "-" "Go-http-client/2.0"
84.112.237.124 - - [05/Jul/2026:09:44:25 +0000] "HEAD /robots.txt HTTP/1.1" 404 5776 "-" "Go-http-client/2.0"
84.112.16.115 - - [05/Jul/2026:09:44:33 +0000] "POST /cart/ HTTP/1.1" 200 5600 "-" "Python-urllib/3.12"
84.112.47.110 - - [05/Jul/2026:09:44:46 +0000] "HEAD /contact HTTP/1.1" 200 3621 "-" "Mozilla/5.0 (Windows NT 10.0; Win64; x64) AppleWebKit/537.36"
84.112.237.124 - - [05/Jul/2026:09:44:56 +0000] "POST /contact HTTP/1.1" 200 2741 "-" "Mozilla/5.0 (Windows NT 10.0; Win64; x64) AppleWebKit/537.36"
84.112.237.124 - - [05/Jul/2026:09:44:58 +0000] "HEAD /api/v1/status HTTP/1.1" 200 5099 "-" "Go-http-client/2.0"
84.112.112.166 - - [05/Jul/2026:09:45:06 +0000] "GET /products/ HTTP/1.1" 302 0 "-" "curl/8.4.0"
84.112.112.166 - - [05/Jul/2026:09:45:12 +0000] "POST /cart/ HTTP/1.1" 200 2163 "-" "Python-urllib/3.12"
84.112.170.205 - - [05/Jul/2026:09:45:18 +0000] "HEAD /products/ HTTP/1.1" 204 0 "-" "curl/8.4.0"
84.112.170.205 - - [05/Jul/2026:09:45:23 +0000] "HEAD /contact HTTP/1.1" 302 0 "-" "Mozilla/5.0 (X11; Linux x86_64) AppleWebKit/537.36"
84.112.80.111 - - [05/Jul/2026:09:45:28 +0000] "POST /api/v1/status HTTP/1.1" 404 2413 "-" "Go-http-client/2.0"
84.112.112.166 - - [05/Jul/2026:09:45:36 +0000] "HEAD /about HTTP/1.1" 200 5491 "-" "Mozilla/5.0 (X11; Linux x86_64) AppleWebKit/537.36"
84.112.16.115 - - [05/Jul/2026:09:45:47 +0000] "POST /robots.txt HTTP/1.1" 200 2521 "-" "Go-http-client/2.0"
84.112.237.239 - - [05/Jul/2026:09:45:55 +0000] "GET /cart/ HTTP/1.1" 200 7081 "-" "Mozilla/5.0 (Macintosh; Intel Mac OS X 10_15_7) AppleWebKit/537.36"
84.112.16.115 - - [05/Jul/2026:09:46:04 +0000] "POST /cart/ HTTP/1.1" 200 6718 "-" "Mozilla/5.0 (X11; Linux x86_64) AppleWebKit/537.36"
84.112.112.166 - - [05/Jul/2026:09:46:14 +0000] "POST /api/v1/status HTTP/1.1" 301 8292 "-" "Go-http-client/2.0"
84.112.155.159 - - [05/Jul/2026:09:46:22 +0000] "HEAD /robots.txt HTTP/1.1" 404 6950 "-" "Mozilla/5.0 (Macintosh; Intel Mac OS X 10_15_7) AppleWebKit/537.36"
84.112.112.166 - - [05/Jul/2026:09:46:26 +0000] "GET /robots.txt HTTP/1.1" 404 7619 "-" "Mozilla/5.0 (Macintosh; Intel Mac OS X 10_15_7) AppleWebKit/537.36"
84.112.112.166 - - [05/Jul/2026:09:46:39 +0000] "HEAD /cart/ HTTP/1.1" 404 3603 "-" "Python-urllib/3.12"
84.112.28.112 - - [05/Jul/2026:09:46:48 +0000] "HEAD /static/js/bundle.js HTTP/1.1" 301 6171 "-" "Mozilla/5.0 (Windows NT 10.0; Win64; x64) AppleWebKit/537.36"
84.112.237.239 - - [05/Jul/2026:09:46:59 +0000] "GET /cart/ HTTP/1.1" 200 4864 "-" "Mozilla/5.0 (Windows NT 10.0; Win64; x64) AppleWebKit/537.36"
84.112.47.110 - - [05/Jul/2026:09:47:09 +0000] "GET /category/electronics HTTP/1.1" 200 6255 "-" "curl/8.4.0"
84.112.177.148 - - [05/Jul/2026:09:47:15 +0000] "GET /static/js/bundle.js HTTP/1.1" 200 7030 "-" "Mozilla/5.0 (Windows NT 10.0; Win64; x64) AppleWebKit/537.36"
84.112.30.168 - - [05/Jul/2026:09:47:21 +0000] "GET /static/js/bundle.js HTTP/1.1" 302 0 "-" "Go-http-client/2.0"
84.112.62.21 - - [05/Jul/2026:09:47:30 +0000] "GET /contact HTTP/1.1" 200 1226 "-" "Mozilla/5.0 (Windows NT 10.0; Win64; x64) AppleWebKit/537.36"
84.112.177.148 - - [05/Jul/2026:09:47:38 +0000] "HEAD /api/v1/status HTTP/1.1" 301 7531 "-" "curl/8.4.0"
84.112.216.57 - - [05/Jul/2026:09:47:52 +0000] "POST /static/js/bundle.js HTTP/1.1" 302 0 "-" "Mozilla/5.0 (Macintosh; Intel Mac OS X 10_15_7) AppleWebKit/537.36"
84.112.155.159 - - [05/Jul/2026:09:48:02 +0000] "POST /robots.txt HTTP/1.1" 200 5448 "-" "Mozilla/5.0 (Windows NT 10.0; Win64; x64) AppleWebKit/537.36"
84.112.141.113 - - [05/Jul/2026:09:48:16 +0000] "HEAD /favicon.ico HTTP/1.1" 204 0 "-" "Mozilla/5.0 (Macintosh; Intel Mac OS X 10_15_7) AppleWebKit/537.36"
84.112.185.225 - - [05/Jul/2026:09:48:24 +0000] "HEAD /products/ HTTP/1.1" 404 7379 "-" "Go-http-client/2.0"
84.112.226.75 - - [05/Jul/2026:09:48:30 +0000] "GET /products/ HTTP/1.1" 301 5180 "-" "Mozilla/5.0 (X11; Linux x86_64) AppleWebKit/537.36"
84.112.43.73 - - [05/Jul/2026:09:48:42 +0000] "HEAD /contact HTTP/1.1" 200 3272 "-" "Mozilla/5.0 (X11; Linux x86_64) AppleWebKit/537.36"
84.112.170.205 - - [05/Jul/2026:09:48:52 +0000] "GET /contact HTTP/1.1" 200 7916 "-" "Mozilla/5.0 (X11; Linux x86_64) AppleWebKit/537.36"
84.112.43.73 - - [05/Jul/2026:09:48:54 +0000] "HEAD /contact HTTP/1.1" 200 430 "-" "curl/8.4.0"
84.112.16.115 - - [05/Jul/2026:09:49:08 +0000] "GET /robots.txt HTTP/1.1" 200 5369 "-" "Python-urllib/3.12"
84.112.28.112 - - [05/Jul/2026:09:49:19 +0000] "POST /products/ HTTP/1.1" 200 7280 "-" "Mozilla/5.0 (Macintosh; Intel Mac OS X 10_15_7) AppleWebKit/537.36"
84.112.62.21 - - [05/Jul/2026:09:49:27 +0000] "HEAD /category/electronics HTTP/1.1" 204 0 "-" "curl/8.4.0"
84.112.43.73 - - [05/Jul/2026:09:49:30 +0000] "GET /contact HTTP/1.1" 200 4795 "-" "Mozilla/5.0 (Macintosh; Intel Mac OS X 10_15_7) AppleWebKit/537.36"
84.112.245.39 - - [05/Jul/2026:09:49:34 +0000] "GET /static/js/bundle.js HTTP/1.1" 200 6792 "-" "Go-http-client/2.0"
84.112.28.112 - - [05/Jul/2026:09:49:38 +0000] "HEAD /category/electronics HTTP/1.1" 200 565 "-" "Go-http-client/2.0"
84.112.30.168 - - [05/Jul/2026:09:49:40 +0000] "POST /cart/ HTTP/1.1" 200 2454 "-" "Python-urllib/3.12"
84.112.245.39 - - [05/Jul/2026:09:49:47 +0000] "POST /cart/ HTTP/1.1" 200 3438 "-" "Mozilla/5.0 (Macintosh; Intel Mac OS X 10_15_7) AppleWebKit/537.36"
84.112.141.113 - - [05/Jul/2026:09:50:01 +0000] "HEAD /about HTTP/1.1" 204 0 "-" "Mozilla/5.0 (X11; Linux x86_64) AppleWebKit/537.36"
84.112.112.166 - - [05/Jul/2026:09:50:15 +0000] "POST /cart/ HTTP/1.1" 200 1113 "-" "curl/8.4.0"
84.112.237.124 - - [05/Jul/2026:09:50:24 +0000] "POST /cart/ HTTP/1.1" 204 0 "-" "Mozilla/5.0 (Windows NT 10.0; Win64; x64) AppleWebKit/537.36"
84.112.15.189 - - [05/Jul/2026:09:50:32 +0000] "GET /api/v1/status HTTP/1.1" 301 1783 "-" "Mozilla/5.0 (Macintosh; Intel Mac OS X 10_15_7) AppleWebKit/537.36"
84.112.237.124 - - [05/Jul/2026:09:50:46 +0000] "HEAD /static/js/bundle.js HTTP/1.1" 200 6784 "-" "Python-urllib/3.12"
84.112.112.166 - - [05/Jul/2026:09:50:49 +0000] "GET /static/js/bundle.js HTTP/1.1" 200 2875 "-" "Mozilla/5.0 (Macintosh; Intel Mac OS X 10_15_7) AppleWebKit/537.36"
84.112.237.239 - - [05/Jul/2026:09:50:59 +0000] "HEAD /robots.txt HTTP/1.1" 200 136 "-" "Python-urllib/3.12"
84.112.141.113 - - [05/Jul/2026:09:51:14 +0000] "POST /static/js/bundle.js HTTP/1.1" 200 1105 "-" "Python-urllib/3.12"
84.112.141.113 - - [05/Jul/2026:09:51:20 +0000] "POST /favicon.ico HTTP/1.1" 200 3605 "-" "Mozilla/5.0 (X11; Linux x86_64) AppleWebKit/537.36"
84.112.112.166 - - [05/Jul/2026:09:51:35 +0000] "POST /products/ HTTP/1.1" 200 1265 "-" "curl/8.4.0"
84.112.216.57 - - [05/Jul/2026:09:51:38 +0000] "HEAD /cart/ HTTP/1.1" 302 0 "-" "Mozilla/5.0 (Macintosh; Intel Mac OS X 10_15_7) AppleWebKit/537.36"
84.112.237.124 - - [05/Jul/2026:09:51:51 +0000] "POST /favicon.ico HTTP/1.1" 200 8390 "-" "curl/8.4.0"
84.112.185.225 - - [05/Jul/2026:09:52:03 +0000] "HEAD /api/v1/status HTTP/1.1" 302 0 "-" "Go-http-client/2.0"
84.112.245.39 - - [05/Jul/2026:09:52:12 +0000] "GET /category/electronics HTTP/1.1" 200 3570 "-" "Python-urllib/3.12"
84.112.185.225 - - [05/Jul/2026:09:52:23 +0000] "GET /static/js/bundle.js HTTP/1.1" 404 153 "-" "Mozilla/5.0 (X11; Linux x86_64) AppleWebKit/537.36"
84.112.62.21 - - [05/Jul/2026:09:52:32 +0000] "GET /static/js/bundle.js HTTP/1.1" 204 0 "-" "Mozilla/5.0 (X11; Linux x86_64) AppleWebKit/537.36"
84.112.177.148 - - [05/Jul/2026:09:52:45 +0000] "POST /contact HTTP/1.1" 200 1390 "-" "Mozilla/5.0 (X11; Linux x86_64) AppleWebKit/537.36"
84.112.155.159 - - [05/Jul/2026:09:52:47 +0000] "HEAD /cart/ HTTP/1.1" 200 6286 "-" "Mozilla/5.0 (X11; Linux x86_64) AppleWebKit/537.36"
84.112.216.57 - - [05/Jul/2026:09:52:54 +0000] "GET /products/ HTTP/1.1" 200 7700 "-" "curl/8.4.0"
84.112.155.159 - - [05/Jul/2026:09:52:59 +0000] "GET /about HTTP/1.1" 404 444 "-" "curl/8.4.0"
84.112.80.111 - - [05/Jul/2026:09:53:11 +0000] "GET /cart/ HTTP/1.1" 302 0 "-" "Mozilla/5.0 (X11; Linux x86_64) AppleWebKit/537.36"
84.112.30.168 - - [05/Jul/2026:09:53:23 +0000] "HEAD /about HTTP/1.1" 200 8210 "-" "curl/8.4.0"
84.112.245.39 - - [05/Jul/2026:09:53:25 +0000] "POST /about HTTP/1.1" 200 3332 "-" "Go-http-client/2.0"
84.112.43.73 - - [05/Jul/2026:09:53:33 +0000] "POST /contact HTTP/1.1" 204 0 "-" "Mozilla/5.0 (Macintosh; Intel Mac OS X 10_15_7) AppleWebKit/537.36"
84.112.16.115 - - [05/Jul/2026:09:53:43 +0000] "HEAD /static/js/bundle.js HTTP/1.1" 200 2221 "-" "Go-http-client/2.0"
84.112.47.110 - - [05/Jul/2026:09:53:46 +0000] "POST /about HTTP/1.1" 301 4614 "-" "Mozilla/5.0 (Macintosh; Intel Mac OS X 10_15_7) AppleWebKit/537.36"
84.112.62.21 - - [05/Jul/2026:09:54:01 +0000] "HEAD /contact HTTP/1.1" 301 4263 "-" "Go-http-client/2.0"
84.112.155.159 - - [05/Jul/2026:09:54:11 +0000] "GET /favicon.ico HTTP/1.1" 404 969 "-" "curl/8.4.0"
84.112.237.239 - - [05/Jul/2026:09:54:19 +0000] "POST /cart/ HTTP/1.1" 404 7764 "-" "Python-urllib/3.12"
84.112.112.166 - - [05/Jul/2026:09:54:26 +0000] "GET /about HTTP/1.1" 200 4673 "-" "Python-urllib/3.12"
84.112.155.159 - - [05/Jul/2026:09:54:36 +0000] "POST /products/ HTTP/1.1" 204 0 "-" "Mozilla/5.0 (Macintosh; Intel Mac OS X 10_15_7) AppleWebKit/537.36"
84.112.226.75 - - [05/Jul/2026:09:54:43 +0000] "HEAD /products/ HTTP/1.1" 404 3816 "-" "Go-http-client/2.0"
84.112.226.75 - - [05/Jul/2026:09:54:51 +0000] "GET /about HTTP/1.1" 200 5514 "-" "curl/8.4.0"
84.112.43.73 - - [05/Jul/2026:09:54:54 +0000] "GET /robots.txt HTTP/1.1" 204 0 "-" "Mozilla/5.0 (Windows NT 10.0; Win64; x64) AppleWebKit/537.36"
84.112.185.225 - - [05/Jul/2026:09:55:05 +0000] "POST /about HTTP/1.1" 200 7879 "-" "Mozilla/5.0 (Macintosh; Intel Mac OS X 10_15_7) AppleWebKit/537.36"
84.112.28.112 - - [05/Jul/2026:09:55:12 +0000] "POST /contact HTTP/1.1" 302 0 "-" "Mozilla/5.0 (Macintosh; Intel Mac OS X 10_15_7) AppleWebKit/537.36"
84.112.141.113 - - [05/Jul/2026:09:55:15 +0000] "HEAD /robots.txt HTTP/1.1" 302 0 "-" "Mozilla/5.0 (Windows NT 10.0; Win64; x64) AppleWebKit/537.36"
84.112.155.159 - - [05/Jul/2026:09:55:27 +0000] "HEAD /cart/ HTTP/1.1" 200 1114 "-" "Mozilla/5.0 (Windows NT 10.0; Win64; x64) AppleWebKit/537.36"
84.112.185.225 - - [05/Jul/2026:09:55:35 +0000] "HEAD /cart/ HTTP/1.1" 302 0 "-" "Mozilla/5.0 (Macintosh; Intel Mac OS X 10_15_7) AppleWebKit/537.36"
84.112.155.159 - - [05/Jul/2026:09:55:37 +0000] "GET /api/v1/status HTTP/1.1" 301 7195 "-" "Mozilla/5.0 (Windows NT 10.0; Win64; x64) AppleWebKit/537.36"
84.112.28.112 - - [05/Jul/2026:09:55:40 +0000] "HEAD /products/ HTTP/1.1" 200 6369 "-" "Python-urllib/3.12"
84.112.141.113 - - [05/Jul/2026:09:55:43 +0000] "POST /about HTTP/1.1" 302 0 "-" "Mozilla/5.0 (X11; Linux x86_64) AppleWebKit/537.36"
84.112.141.113 - - [05/Jul/2026:09:55:57 +0000] "GET /robots.txt HTTP/1.1" 204 0 "-" "Python-urllib/3.12"
84.112.237.239 - - [05/Jul/2026:09:56:11 +0000] "HEAD /cart/ HTTP/1.1" 200 545 "-" "Python-urllib/3.12"
84.112.185.225 - - [05/Jul/2026:09:56:21 +0000] "HEAD /about HTTP/1.1" 200 1802 "-" "Mozilla/5.0 (Windows NT 10.0; Win64; x64) AppleWebKit/537.36"
84.112.226.75 - - [05/Jul/2026:09:56:32 +0000] "HEAD /about HTTP/1.1" 301 2184 "-" "Go-http-client/2.0"
84.112.245.39 - - [05/Jul/2026:09:56:42 +0000] "POST /favicon.ico HTTP/1.1" 204 0 "-" "Go-http-client/2.0"
84.112.155.159 - - [05/Jul/2026:09:56:53 +0000] "GET /about HTTP/1.1" 200 842 "-" "Mozilla/5.0 (Windows NT 10.0; Win64; x64) AppleWebKit/537.36"
84.112.30.168 - - [05/Jul/2026:09:56:57 +0000] "HEAD /favicon.ico HTTP/1.1" 301 5981 "-" "curl/8.4.0"
84.112.237.124 - - [05/Jul/2026:09:57:08 +0000] "GET /static/js/bundle.js HTTP/1.1" 204 0 "-" "curl/8.4.0"
84.112.185.225 - - [05/Jul/2026:09:57:19 +0000] "POST /category/electronics HTTP/1.1" 200 2489 "-" "Mozilla/5.0 (Windows NT 10.0; Win64; x64) AppleWebKit/537.36"
84.112.112.166 - - [05/Jul/2026:09:57:24 +0000] "HEAD /products/ HTTP/1.1" 204 0 "-" "curl/8.4.0"
84.112.16.115 - - [05/Jul/2026:09:57:29 +0000] "HEAD /about HTTP/1.1" 302 0 "-" "Mozilla/5.0 (Windows NT 10.0; Win64; x64) AppleWebKit/537.36"
84.112.16.115 - - [05/Jul/2026:09:57:36 +0000] "HEAD /robots.txt HTTP/1.1" 404 7777 "-" "Mozilla/5.0 (X11; Linux x86_64) AppleWebKit/537.36"
84.112.185.225 - - [05/Jul/2026:09:57:49 +0000] "HEAD /category/electronics HTTP/1.1" 301 5029 "-" "Python-urllib/3.12"
84.112.114.59 - - [05/Jul/2026:09:57:56 +0000] "GET /robots.txt HTTP/1.1" 302 0 "-" "Mozilla/5.0 (Windows NT 10.0; Win64; x64) AppleWebKit/537.36"
84.112.15.189 - - [05/Jul/2026:09:58:05 +0000] "GET /about HTTP/1.1" 404 3892 "-" "Python-urllib/3.12"
84.112.16.115 - - [05/Jul/2026:09:58:16 +0000] "GET /robots.txt HTTP/1.1" 404 5551 "-" "Go-http-client/2.0"
84.112.16.115 - - [05/Jul/2026:09:58:24 +0000] "POST /static/js/bundle.js HTTP/1.1" 302 0 "-" "Mozilla/5.0 (Windows NT 10.0; Win64; x64) AppleWebKit/537.36"
84.112.62.21 - - [05/Jul/2026:09:58:31 +0000] "GET /category/electronics HTTP/1.1" 200 2007 "-" "Mozilla/5.0 (Macintosh; Intel Mac OS X 10_15_7) AppleWebKit/537.36"
84.112.155.159 - - [05/Jul/2026:09:58:37 +0000] "GET /category/electronics HTTP/1.1" 200 606 "-" "Mozilla/5.0 (Macintosh; Intel Mac OS X 10_15_7) AppleWebKit/537.36"
84.112.30.168 - - [05/Jul/2026:09:58:42 +0000] "GET /about HTTP/1.1" 200 2975 "-" "curl/8.4.0"
84.112.237.124 - - [05/Jul/2026:09:58:57 +0000] "GET /static/js/bundle.js HTTP/1.1" 200 472 "-" "Mozilla/5.0 (Macintosh; Intel Mac OS X 10_15_7) AppleWebKit/537.36"
84.112.245.39 - - [05/Jul/2026:09:59:12 +0000] "GET /products/ HTTP/1.1" 302 0 "-" "Go-http-client/2.0"
84.112.216.57 - - [05/Jul/2026:09:59:16 +0000] "HEAD /cart/ HTTP/1.1" 200 3564 "-" "curl/8.4.0"
84.112.15.189 - - [05/Jul/2026:09:59:25 +0000] "POST /category/electronics HTTP/1.1" 404 2927 "-" "Mozilla/5.0 (X11; Linux x86_64) AppleWebKit/537.36"
84.112.141.113 - - [05/Jul/2026:09:59:39 +0000] "POST /cart/ HTTP/1.1" 200 2486 "-" "Mozilla/5.0 (Macintosh; Intel Mac OS X 10_15_7) AppleWebKit/537.36"
84.112.16.115 - - [05/Jul/2026:09:59:53 +0000] "GET /contact HTTP/1.1" 204 0 "-" "Go-http-client/2.0"
84.112.185.225 - - [05/Jul/2026:10:00:00 +0000] "HEAD /favicon.ico HTTP/1.1" 404 4126 "-" "Mozilla/5.0 (Windows NT 10.0; Win64; x64) AppleWebKit/537.36"
84.112.141.113 - - [05/Jul/2026:10:00:14 +0000] "HEAD /about HTTP/1.1" 302 0 "-" "Mozilla/5.0 (X11; Linux x86_64) AppleWebKit/537.36"
84.112.47.110 - - [05/Jul/2026:10:00:20 +0000] "POST /about HTTP/1.1" 200 4708 "-" "Mozilla/5.0 (Macintosh; Intel Mac OS X 10_15_7) AppleWebKit/537.36"
84.112.112.166 - - [05/Jul/2026:10:00:35 +0000] "HEAD /robots.txt HTTP/1.1" 200 1453 "-" "Python-urllib/3.12"
84.112.141.113 - - [05/Jul/2026:10:00:49 +0000] "GET /static/js/bundle.js HTTP/1.1" 301 6478 "-" "Go-http-client/2.0"
84.112.112.166 - - [05/Jul/2026:10:01:03 +0000] "POST /robots.txt HTTP/1.1" 301 7726 "-" "Mozilla/5.0 (Macintosh; Intel Mac OS X 10_15_7) AppleWebKit/537.36"
84.112.80.111 - - [05/Jul/2026:10:01:10 +0000] "HEAD /robots.txt HTTP/1.1" 404 8226 "-" "Python-urllib/3.12"
84.112.170.205 - - [05/Jul/2026:10:01:16 +0000] "POST /products/ HTTP/1.1" 200 3716 "-" "Mozilla/5.0 (Macintosh; Intel Mac OS X 10_15_7) AppleWebKit/537.36"
84.112.15.189 - - [05/Jul/2026:10:01:25 +0000] "POST /about HTTP/1.1" 200 7083 "-" "Python-urllib/3.12"
84.112.114.59 - - [05/Jul/2026:10:01:36 +0000] "POST /api/v1/status HTTP/1.1" 301 1508 "-" "Mozilla/5.0 (Macintosh; Intel Mac OS X 10_15_7) AppleWebKit/537.36"
84.112.226.75 - - [05/Jul/2026:10:01:50 +0000] "POST /robots.txt HTTP/1.1" 301 5880 "-" "Mozilla/5.0 (Macintosh; Intel Mac OS X 10_15_7) AppleWebKit/537.36"
84.112.28.112 - - [05/Jul/2026:10:02:01 +0000] "POST /contact HTTP/1.1" 301 5631 "-" "Python-urllib/3.12"
84.112.155.159 - - [05/Jul/2026:10:02:10 +0000] "POST /favicon.ico HTTP/1.1" 200 8271 "-" "curl/8.4.0"
84.112.216.57 - - [05/Jul/2026:10:02:16 +0000] "GET /static/js/bundle.js HTTP/1.1" 204 0 "-" "Mozilla/5.0 (Macintosh; Intel Mac OS X 10_15_7) AppleWebKit/537.36"
84.112.226.75 - - [05/Jul/2026:10:02:22 +0000] "POST /cart/ HTTP/1.1" 200 8340 "-" "Mozilla/5.0 (X11; Linux x86_64) AppleWebKit/537.36"
84.112.226.75 - - [05/Jul/2026:10:02:32 +0000] "POST /about HTTP/1.1" 200 2062 "-" "Mozilla/5.0 (Windows NT 10.0; Win64; x64) AppleWebKit/537.36"
84.112.28.112 - - [05/Jul/2026:10:02:39 +0000] "HEAD /about HTTP/1.1" 200 3341 "-" "Go-http-client/2.0"
84.112.245.39 - - [05/Jul/2026:10:02:46 +0000] "POST /api/v1/status HTTP/1.1" 200 2378 "-" "Go-http-client/2.0"
84.112.237.124 - - [05/Jul/2026:10:02:59 +0000] "POST /products/ HTTP/1.1" 302 0 "-" "curl/8.4.0"
84.112.80.111 - - [05/Jul/2026:10:03:05 +0000] "POST /favicon.ico HTTP/1.1" 302 0 "-" "Mozilla/5.0 (X11; Linux x86_64) AppleWebKit/537.36"
84.112.62.21 - - [05/Jul/2026:10:03:19 +0000] "POST /contact HTTP/1.1" 302 0 "-" "Mozilla/5.0 (Macintosh; Intel Mac OS X 10_15_7) AppleWebKit/537.36"
84.112.216.57 - - [05/Jul/2026:10:03:34 +0000] "GET /about HTTP/1.1" 404 3558 "-" "Python-urllib/3.12"
84.112.112.166 - - [05/Jul/2026:10:03:39 +0000] "HEAD /contact HTTP/1.1" 302 0 "-" "Python-urllib/3.12"
84.112.155.159 - - [05/Jul/2026:10:03:52 +0000] "POST /cart/ HTTP/1.1" 200 3197 "-" "Python-urllib/3.12"
84.112.237.239 - - [05/Jul/2026:10:04:06 +0000] "GET /robots.txt HTTP/1.1" 204 0 "-" "Mozilla/5.0 (X11; Linux x86_64) AppleWebKit/537.36"
84.112.80.111 - - [05/Jul/2026:10:04:08 +0000] "GET /static/js/bundle.js HTTP/1.1" 200 278 "-" "Python-urllib/3.12"
84.112.80.111 - - [05/Jul/2026:10:04:22 +0000] "POST /about HTTP/1.1" 204 0 "-" "Python-urllib/3.12"
84.112.216.57 - - [05/Jul/2026:10:04:34 +0000] "HEAD /contact HTTP/1.1" 200 5462 "-" "Mozilla/5.0 (X11; Linux x86_64) AppleWebKit/537.36"
84.112.170.205 - - [05/Jul/2026:10:04:36 +0000] "GET /static/js/bundle.js HTTP/1.1" 200 5530 "-" "Mozilla/5.0 (X11; Linux x86_64) AppleWebKit/537.36"
