84.112.47.110 - - [05/Jul/2026:12:00:19 +0000] "GET /cart/ HTTP/1.1" 200 1281 "-" "Mozilla/5.0 (Windows NT 10.0; Win64; x64) AppleWebKit/537.36"
84.112.170.205 - - [05/Jul/2026:12:00:38 +0000] "POST /cart/ HTTP/1.1" 301 4908 "-" "Mozilla/5.0 (Macintosh; Intel Mac OS X 10_15_7) AppleWebKit/537.36"
84.112.216.57 - - [05/Jul/2026:12:00:48 +0000] "HEAD /robots.txt HTTP/1.1" 200 552 "-" "Mozilla/5.0 (X11; Linux x86_64) AppleWebKit/537.36"
84.112.237.239 - - [05/Jul/2026:12:00:55 +0000] "GET /static/js/bundle.js HTTP/1.1" 302 0 "-" "Go-http-client/2.0"
84.112.16.115 - - [05/Jul/2026:12:01:03 +0000] "HEAD /contact HTTP/1.1" 200 1324 "-" "Mozilla/5.0 (Macintosh; Intel Mac OS X 10_15_7) AppleWebKit/537.36"
84.112.245.39 - - [05/Jul/2026:12:01:20 +0000] "POST /category/electronics HTTP/1.1" 204 0 "-" "Mozilla/5.0 (Windows NT 10.0; Win64; x64) AppleWebKit/537.36"
84.112.245.39 - - [05/Jul/2026:12:01:25 +0000] "GET /api/v1/status HTTP/1.1" 200 6792 "-" "Go-http-client/2.0"
84.112.80.111 - - [05/Jul/2026:12:01:29 +0000] "HEAD /products/ HTTP/1.1" 302 0 "-" "curl/8.4.0"
84.112.177.148 - - [05/Jul/2026:12:01:39 +0000] "POST /favicon.ico HTTP/1.1" 204 0 "-" "Go-http-client/2.0"
84.112.112.166 - - [05/Jul/2026:12:01:43 +0000] "HEAD /cart/ HTTP/1.1" 200 2230 "-" "Python-urllib/3.12"
84.112.28.112 - - [05/Jul/2026:12:01:46 +0000] "GET /products/ HTTP/1.1" 301 3448 "-" "curl/8.4.0"
84.112.216.57 - - [05/Jul/2026:12:02:01 +0000] "HEAD /cart/ HTTP/1.1" 302 0 "-" "Mozilla/5.0 (Windows NT 10.0; Win64; x64) AppleWebKit/537.36"
84.112.47.110 - - [05/Jul/2026:12:02:16 +0000] "HEAD /robots.txt HTTP/1.1" 200 5369 "-" "Go-http-client/2.0"
84.112.43.73 - - [05/Jul/2026:12:02:25 +0000] "GET /about HTTP/1.1" 200 5699 "-" "curl/8.4.0"
84.112.237.239 - - [05/Jul/2026:12:02:29 +0000] "HEAD /contact HTTP/1.1" 200 7267 "-" "Mozilla/5.0 (X11; Linux x86_64) AppleWebKit/537.36"
84.112.177.148 - - [05/Jul/2026:12:02:35 +0000] "HEAD /robots.txt HTTP/1.1" 204 0 "-" "Mozilla/5.0 (X11; Linux x86_64) AppleWebKit/537.36"
84.112.141.113 - - [05/Jul/2026:12:02:42 +0000] "GET /contact HTTP/1.1" 302 0 "-" "curl/8.4.0"
84.112.28.112 - - [05/Jul/2026:12:02:54 +0000] "GET /about HTTP/1.1" 200 201 "-" "Mozilla/5.0 (X11; Linux x86_64) AppleWebKit/537.36"
84.112.16.115 - - [05/Jul/2026:12:03:11 +0000] "POST /api/v1/status HTTP/1.1" 200 7933 "-" "Go-http-client/2.0"
84.112.112.166 - - [05/Jul/2026:12:03:31 +0000] "GET /favicon.ico HTTP/1.1" 200 3592 "-" "Mozilla/5.0 (Macintosh; Intel Mac OS X 10_15_7) AppleWebKit/537.36"
84.112.141.113 - - [05/Jul/2026:12:03:45 +0000] "HEAD /cart/ HTTP/1.1" 200 1798 "-" "Go-http-client/2.0"
84.112.155.159 - - [05/Jul/2026:12:03:59 +0000] "HEAD /products/ HTTP/1.1" 301 898 "-" "Mozilla/5.0 (X11; Linux x86_64) AppleWebKit/537.36"
84.112.170.205 - - [05/Jul/2026:12:04:13 +0000] "HEAD /cart/ HTTP/1.1" 302 0 "-" "curl/8.4.0"
84.112.170.205 - - [05/Jul/2026:12:04:25 +0000] "GET /products/ HTTP/1.1" 404 7543 "-" "curl/8.4.0"
84.112.216.57 - - [05/Jul/2026:12:04:33 +0000] "HEAD /favicon.ico HTTP/1.1" 302 0 "-" "Mozilla/5.0 (X11; Linux x86_64) AppleWebKit/537.36"
84.112.30.168 - - [05/Jul/2026:12:04:48 +0000] "HEAD /robots.txt HTTP/1.1" 200 4962 "-" "Mozilla/5.0 (Macintosh; Intel Mac OS X 10_15_7) AppleWebKit/537.36"
84.112.80.111 - - [05/Jul/2026:12:05:08 +0000] "HEAD /favicon.ico HTTP/1.1" 404 4186 "-" "Mozilla/5.0 (Macintosh; Intel Mac OS X 10_15_7) AppleWebKit/537.36"
84.112.170.205 - - [05/Jul/2026:12:05:21 +0000] "GET /api/v1/status HTTP/1.1" 200 8319 "-" "curl/8.4.0"
84.112.114.59 - - [05/Jul/2026:12:05:30 +0000] "GET /cart/ HTTP/1.1" 200 3774 "-" "curl/8.4.0"
84.112.237.239 - - [05/Jul/2026:12:05:37 +0000] "POST /contact HTTP/1.1" 200 6801 "-" "Mozilla/5.0 (X11; Linux x86_64) AppleWebKit/537.36"
84.112.237.124 - - [05/Jul/2026:12:05:40 +0000] "POST /static/js/bundle.js HTTP/1.1" 204 0 "-" "Go-http-client/2.0"
84.112.155.159 - - [05/Jul/2026:12:05:46 +0000] "POST /products/ HTTP/1.1" 404 7361 "-" "Mozilla/5.0 (Macintosh; Intel Mac OS X 10_15_7) AppleWebKit/537.36"
84.112.30.168 - - [05/Jul/2026:12:05:55 +0000] "HEAD /about HTTP/1.1" 301 3730 "-" "curl/8.4.0"
84.112.15.189 - - [05/Jul/2026:12:06:09 +0000] "HEAD /static/js/bundle.js HTTP/1.1" 404 406 "-" "curl/8.4.0"
84.112.80.111 - - [05/Jul/2026:12:06:12 +0000] "POST /cart/ HTTP/1.1" 200 7233 "-" "curl/8.4.0"
84.112.237.124 - - [05/Jul/2026:12:06:15 +0000] "GET /favicon.ico HTTP/1.1" 301 5997 "-" "Mozilla/5.0 (X11; Linux x86_64) AppleWebKit/537.36"
84.112.237.239 - - [05/Jul/2026:12:06:22 +0000] "HEAD /api/v1/status HTTP/1.1" 200 6385 "-" "Mozilla/5.0 (X11; Linux x86_64) AppleWebKit/537.36"
84.112.80.111 - - [05/Jul/2026:12:06:37 +0000] "POST /cart/ HTTP/1.1" 302 0 "-" "Mozilla/5.0 (Macintosh; Intel Mac OS X 10_15_7) AppleWebKit/537.36"
84.112.237.124 - - [05/Jul/2026:12:06:40 +0000] "POST /favicon.ico HTTP/1.1" 200 2507 "-" "Mozilla/5.0 (Macintosh; Intel Mac OS X 10_15_7) AppleWebKit/537.36"
84.112.185.225 - - [05/Jul/2026:12:06:59 +0000] "HEAD /category/electronics HTTP/1.1" 302 0 "-" "Mozilla/5.0 (Windows NT 10.0; Win64; x64) AppleWebKit/537.36"
84.112.16.115 - - [05/Jul/2026:12:07:10 +0000] "POST /favicon.ico HTTP/1.1" 301 2560 "-" "Mozilla/5.0 (Macintosh; Intel Mac OS X 10_15_7) AppleWebKit/537.36"
84.112.112.166 - - [05/Jul/2026:12:07:22 +0000] "POST /products/ HTTP/1.1" 302 0 "-" "Mozilla/5.0 (Windows NT 10.0; Win64; x64) AppleWebKit/537.36"
84.112.177.148 - - [05/Jul/2026:12:07:30 +0000] "GET /products/ HTTP/1.1" 200 7234 "-" "Mozilla/5.0 (X11; Linux x86_64) AppleWebKit/537.36"
84.112.216.57 - - [05/Jul/2026:12:07:45 +0000] "GET /products/ HTTP/1.1" 200 6463 "-" "Mozilla/5.0 (X11; Linux x86_64) AppleWebKit/537.36"
84.112.226.75 - - [05/Jul/2026:12:07:54 +0000] "GET /about HTTP/1.1" 302 0 "-" "Mozilla/5.0 (X11; Linux x86_64) AppleWebKit/537.36"
84.112.62.21 - - [05/Jul/2026:12:08:07 +0000] "GET /cart/ HTTP/1.1" 204 0 "-" "Mozilla/5.0 (X11; Linux x86_64) AppleWebKit/537.36"
84.112.141.113 - - [05/Jul/2026:12:08:11 +0000] "HEAD /api/v1/status HTTP/1.1" 200 4921 "-" "Go-http-client/2.0"
84.112.185.225 - - [05/Jul/2026:12:08:16 +0000] "GET /robots.txt HTTP/1.1" 204 0 "-" "Mozilla/5.0 (Macintosh; Intel Mac OS X 10_15_7) AppleWebKit/537.36"
84.112.16.115 - - [05/Jul/2026:12:08:35 +0000] "HEAD /robots.txt HTTP/1.1" 404 6856 "-" "Go-http-client/2.0"
84.112.28.112 - - [05/Jul/2026:12:08:42 +0000] "HEAD /category/electronics HTTP/1.1" 200 4704 "-" "curl/8.4.0"
84.112.177.148 - - [05/Jul/2026:12:08:45 +0000] "POST /robots.txt HTTP/1.1" 301 4732 "-" "Python-urllib/3.12"
84.112.28.112 - - [05/Jul/2026:12:08:53 +0000] "HEAD /robots.txt HTTP/1.1" 200 6726 "-" "Python-urllib/3.12"
84.112.141.113 - - [05/Jul/2026:12:09:00 +0000] "GET /category/electronics HTTP/1.1" 200 1628 "-" "Go-http-client/2.0"
84.112.177.148 - - [05/Jul/2026:12:09:18 +0000] "POST /products/ HTTP/1.1" 200 1214 "-" "curl/8.4.0"
84.112.216.57 - - [05/Jul/2026:12:09:21 +0000] "HEAD /contact HTTP/1.1" 200 1220 "-" "Mozilla/5.0 (Macintosh; Intel Mac OS X 10_15_7) AppleWebKit/537.36"
84.112.16.115 - - [05/Jul/2026:12:09:30 +0000] "POST /about HTTP/1.1" 200 2293 "-" "curl/8.4.0"
84.112.114.59 - - [05/Jul/2026:12:09:44 +0000] "GET /category/electronics HTTP/1.1" 204 0 "-" "Mozilla/5.0 (Windows NT 10.0; Win64; x64) AppleWebKit/537.36"
84.112.237.124 - - [05/Jul/2026:12:10:01 +0000] "GET /robots.txt HTTP/1.1" 200 3477 "-" "Mozilla/5.0 (Macintosh; Intel Mac OS X 10_15_7) AppleWebKit/537.36"
84.112.226.75 - - [05/Jul/2026:12:10:07 +0000] "HEAD /static/js/bundle.js HTTP/1.1" 200 6343 "-" "Mozilla/5.0 (Windows NT 10.0; Win64; x64) AppleWebKit/537.36"
84.112.237.239 - - [05/Jul/2026:12:10:17 +0000] "GET /contact HTTP/1.1" 404 5326 "-" "Mozilla/5.0 (Macintosh; Intel Mac OS X 10_15_7) AppleWebKit/537.36"
84.112.177.148 - - [05/Jul/2026:12:10:34 +0000] "HEAD /category/electronics HTTP/1.1" 204 0 "-" "Mozilla/5.0 (Windows NT 10.0; Win64; x64) AppleWebKit/537.36"
84.112.16.115 - - [05/Jul/2026:12:10:43 +0000] "POST /cart/ HTTP/1.1" 404 4981 "-" "curl/8.4.0"
84.112.170.205 - - [05/Jul/2026:12:10:54 +0000] "GET /static/js/bundle.js HTTP/1.1" 302 0 "-" "Mozilla/5.0 (X11; Linux x86_64) AppleWebKit/537.36"
84.112.28.112 - - [05/Jul/2026:12:11:07 +0000] "GET /favicon.ico HTTP/1.1" 200 8480 "-" "Mozilla/5.0 (Windows NT 10.0; Win64; x64) AppleWebKit/537.36"
84.112.237.239 - - [05/Jul/2026:12:11:13 +0000] "POST /api/v1/status HTTP/1.1" 200 3994 "-" "Python-urllib/3.12"
84.112.245.39 - - [05/Jul/2026:12:11:22 +0000] "GET /favicon.ico HTTP/1.1" 204 0 "-" "Mozilla/5.0 (X11; Linux x86_64) AppleWebKit/537.36"
84.112.47.110 - - [05/Jul/2026:12:11:28 +0000] "POST /robots.txt HTTP/1.1" 404 2910 "-" "Mozilla/5.0 (Macintosh; Intel Mac OS X 10_15_7) AppleWebKit/537.36"
84.112.62.21 - - [05/Jul/2026:12:11:33 +0000] "GET /cart/ HTTP/1.1" 204 0 "-" "Mozilla/5.0 (X11; Linux x86_64) AppleWebKit/537.36"
84.112.114.59 - - [05/Jul/2026:12:11:53 +0000] "GET /about HTTP/1.1" 200 6999 "-" "Mozilla/5.0 (Macintosh; Intel Mac OS X 10_15_7) AppleWebKit/537.36"
84.112.185.225 - - [05/Jul/2026:12:12:13 +0000] "HEAD /robots.txt HTTP/1.1" 302 0 "-" "Go-http-client/2.0"
84.112.15.189 - - [05/Jul/2026:12:12:30 +0000] "POST /about HTTP/1.1" 302 0 "-" "Mozilla/5.0 (X11; Linux x86_64) AppleWebKit/537.36"
84.112.43.73 - - [05/Jul/2026:12:12:40 +0000] "HEAD /static/js/bundle.js HTTP/1.1" 301 5337 "-" "Python-urllib/3.12"
84.112.185.225 - - [05/Jul/2026:12:12:43 +0000] "GET /robots.txt HTTP/1.1" 404 495 "-" "Python-urllib/3.12"
84.112.237.239 - - [05/Jul/2026:12:13:03 +0000] "POST /cart/ HTTP/1.1" 204 0 "-" "Python-urllib/3.12"
84.112.216.57 - - [05/Jul/2026:12:13:07 +0000] "POST /about HTTP/1.1" 204 0 "-" "Mozilla/5.0 (X11; Linux x86_64) AppleWebKit/537.36"
84.112.62.21 - - [05/Jul/2026:12:13:14 +0000] "POST /products/ HTTP/1.1" 204 0 "-" "Mozilla/5.0 (X11; Linux x86_64) AppleWebKit/537.36"
84.112.226.75 - - [05/Jul/2026:12:13:21 +0000] "HEAD /static/js/bundle.js HTTP/1.1" 200 3788 "-" "Go-http-client/2.0"
84.112.185.225 - - [05/Jul/2026:12:13:35 +0000] "HEAD /static/js/bundle.js HTTP/1.1" 200 6564 "-" "Go-http-client/2.0"
84.112.62.21 - - [05/Jul/2026:12:13:49 +0000] "POST /contact HTTP/1.1" 204 0 "-" "Mozilla/5.0 (Windows NT 10.0; Win64; x64) AppleWebKit/537.36"
84.112.216.57 - - [05/Jul/2026:12:14:00 +0000] "HEAD /static/js/bundle.js HTTP/1.1" 404 1313 "-" "Mozilla/5.0 (X11; Linux x86_64) AppleWebKit/537.36"
84.112.226.75 - - [05/Jul/2026:12:14:08 +0000] "HEAD /static/js/bundle.js HTTP/1.1" 200 6639 "-" "Python-urllib/3.12"
84.112.237.124 - - [05/Jul/2026:12:14:12 +0000] "HEAD /contact HTTP/1.1" 302 0 "-" "Go-http-client/2.0"
84.112.15.189 - - [05/Jul/2026:12:14:23 +0000] "POST /contact HTTP/1.1" 200 384 "-" "Mozilla/5.0 (Macintosh; Intel Mac OS X 10_15_7) AppleWebKit/537.36"
84.112.28.112 - - [05/Jul/2026:12:14:30 +0000] "POST /products/ HTTP/1.1" 301 3885 "-" "Go-http-client/2.0"
84.112.237.239 - - [05/Jul/2026:12:14:50 +0000] "HEAD /api/v1/status HTTP/1.1" 301 4901 "-" "Go-http-client/2.0"
84.112.30.168 - - [05/Jul/2026:12:14:57 +0000] "HEAD /category/electronics HTTP/1.1" 302 0 "-" "Go-http-client/2.0"
84.112.237.124 - - [05/Jul/2026:12:15:16 +0000] "HEAD /cart/ HTTP/1.1" 404 1496 "-" "curl/8.4.0"
84.112.155.159 - - [05/Jul/2026:12:15:30 +0000] "HEAD /contact HTTP/1.1" 301 7621 "-" "Mozilla/5.0 (Windows NT 10.0; Win64; x64) AppleWebKit/537.36"
84.112.226.75 - - [05/Jul/2026:12:15:47 +0000] "POST /static/js/bundle.js HTTP/1.1" 200 6700 "-" "Python-urllib/3.12"
84.112.177.148 - - [05/Jul/2026:12:16:02 +0000] "GET /contact HTTP/1.1" 302 0 "-" "Go-http-client/2.0"
84.112.62.21 - - [05/Jul/2026:12:16:10 +0000] "HEAD /robots.txt HTTP/1.1" 200 6353 "-" "Mozilla/5.0 (Windows NT 10.0; Win64; x64) AppleWebKit/537.36"
84.112.155.159 - - [05/Jul/2026:12:16:15 +0000] "POST /contact HTTP/1.1" 204 0 "-" "Python-urllib/3.12"
84.112.47.110 - - [05/Jul/2026:12:16:35 +0000] "HEAD /favicon.ico HTTP/1.1" 301 8266 "-" "Go-http-client/2.0"
84.112.47.110 - - [05/Jul/2026:12:16:42 +0000] "POST /contact HTTP/1.1" 301 3333 "-" "Python-urllib/3.12"
84.112.237.124 - - [05/Jul/2026:12:16:46 +0000] "POST /contact HTTP/1.1" 200 6650 "-" "Go-http-client/2.0"
84.112.15.189 - - [05/Jul/2026:12:16:54 +0000] "POST /products/ HTTP/1.1" 404 4532 "-" "Mozilla/5.0 (Windows NT 10.0; Win64; x64) AppleWebKit/537.36"
84.112.216.57 - - [05/Jul/2026:12:17:08 +0000] "POST /category/electronics HTTP/1.1" 404 7601 "-" "Mozilla/5.0 (X11; Linux x86_64) AppleWebKit/537.36"
84.112.62.21 - - [05/Jul/2026:12:17:12 +0000] "HEAD /cart/ HTTP/1.1" 200 4700 "-" "Mozilla/5.0 (X11; Linux x86_64) AppleWebKit/537.36"
84.112.185.225 - - [05/Jul/2026:12:17:20 +0000] "POST /api/v1/status HTTP/1.1" 200 3110 "-" "Mozilla/5.0 (X11; Linux x86_64) AppleWebKit/537.36"
84.112.155.159 - - [05/Jul/2026:12:17:35 +0000] "HEAD /favicon.ico HTTP/1.1" 200 2419 "-" "curl/8.4.0"
84.112.114.59 - - [05/Jul/2026:12:17:47 +0000] "HEAD /about HTTP/1.1" 404 2300 "-" "Go-http-client/2.0"
84.112.170.205 - - [05/Jul/2026:12:18:07 +0000] "POST /favicon.ico HTTP/1.1" 302 0 "-" "Mozilla/5.0 (Macintosh; Intel Mac OS X 10_15_7) AppleWebKit/537.36"
84.112.237.124 - - [05/Jul/2026:12:18:16 +0000] "HEAD /cart/ HTTP/1.1" 200 6753 "-" "Mozilla/5.0 (Macintosh; Intel Mac OS X 10_15_7) AppleWebKit/537.36"
84.112.226.75 - - [05/Jul/2026:12:18:27 +0000] "HEAD /category/electronics HTTP/1.1" 200 5655 "-" "Go-http-client/2.0"
84.112.114.59 - - [05/Jul/2026:12:18:45 +0000] "POST /favicon.ico HTTP/1.1" 200 2935 "-" "Python-urllib/3.12"
84.112.15.189 - - [05/Jul/2026:12:18:55 +0000] "POST /contact HTTP/1.1" 301 6182 "-" "Mozilla/5.0 (Windows NT 10.0; Win64; x64) AppleWebKit/537.36"
84.112.112.166 - - [05/Jul/2026:12:19:05 +0000] "GET /contact HTTP/1.1" 404 6529 "-" "curl/8.4.0"
84.112.62.21 - - [05/Jul/2026:12:19:19 +0000] "HEAD /robots.txt HTTP/1.1" 301 4426 "-" "Python-urllib/3.12"
84.112.185.225 - - [05/Jul/2026:12:19:39 +0000] "GET /category/electronics HTTP/1.1" 302 0 "-" "Python-urllib/3.12"
84.112.245.39 - - [05/Jul/2026:12:19:51 +0000] "GET /products/ HTTP/1.1" 200 5143 "-" "Go-http-client/2.0"
84.112.112.166 - - [05/Jul/2026:12:19:57 +0000] "HEAD /cart/ HTTP/1.1" 302 0 "-" "Mozilla/5.0 (Windows NT 10.0; Win64; x64) AppleWebKit/537.36"
84.112.141.113 - - [05/Jul/2026:12:20:15 +0000] "POST /static/js/bundle.js HTTP/1.1" 200 3382 "-" "Mozilla/5.0 (X11; Linux x86_64) AppleWebKit/537.36"
84.112.170.205 - - [05/Jul/2026:12:20:28 +0000] "GET /api/v1/status HTTP/1.1" 302 0 "-" "Mozilla/5.0 (Windows NT 10.0; Win64; x64) AppleWebKit/537.36"
84.112.80.111 - - [05/Jul/2026:12:20:33 +0000] "GET /favicon.ico HTTP/1.1" 200 1565 "-" "curl/8.4.0"
84.112.155.159 - - [05/Jul/2026:12:20:45 +0000] "GET /category/electronics HTTP/1.1" 302 0 "-" "curl/8.4.0"
84.112.43.73 - - [05/Jul/2026:12:20:54 +0000] "GET /static/js/bundle.js HTTP/1.1" 200 3633 "-" "Python-urllib/3.12"
84.112.112.166 - - [05/Jul/2026:12:21:12 +0000] "GET /about HTTP/1.1" 302 0 "-" "Python-urllib/3.12"
84.112.185.225 - - [05/Jul/2026:12:21:29 +0000] "GET /products/ HTTP/1.1" 301 4474 "-" "Mozilla/5.0 (Macintosh; Intel Mac OS X 10_15_7) AppleWebKit/537.36"
84.112.30.168 - - [05/Jul/2026:12:21:35 +0000] "GET /products/ HTTP/1.1" 302 0 "-" "curl/8.4.0"
84.112.155.159 - - [05/Jul/2026:12:21:43 +0000] "POST /contact HTTP/1.1" 200 7867 "-" "Mozilla/5.0 (X11; Linux x86_64) AppleWebKit/537.36"
84.112.141.113 - - [05/Jul/2026:12:21:47 +0000] "HEAD /static/js/bundle.js HTTP/1.1" 302 0 "-" "Python-urllib/3.12"
84.112.245.39 - - [05/Jul/2026:12:21:50 +0000] "POST /static/js/bundle.js HTTP/1.1" 200 5826 "-" "Python-urllib/3.12"
84.112.47.110 - - [05/Jul/2026:12:21:58 +0000] "POST /contact HTTP/1.1" 302 0 "-" "Python-urllib/3.12"
84.112.28.112 - - [05/Jul/2026:12:22:14 +0000] "POST /contact HTTP/1.1" 204 0 "-" "Python-urllib/3.12"
84.112.155.159 - - [05/Jul/2026:12:22:34 +0000] "POST /api/v1/status HTTP/1.1" 302 0 "-" "Mozilla/5.0 (Macintosh; Intel Mac OS X 10_15_7) AppleWebKit/537.36"
84.112.177.148 - - [05/Jul/2026:12:22:41 +0000] "HEAD /category/electronics HTTP/1.1" 301 5646 "-" "Go-http-client/2.0"
84.112.237.124 - - [05/Jul/2026:12:22:52 +0000] "HEAD /category/electronics HTTP/1.1" 404 7033 "-" "curl/8.4.0"
84.112.141.113 - - [05/Jul/2026:12:23:05 +0000] "POST /static/js/bundle.js HTTP/1.1" 301 2231 "-" "curl/8.4.0"
84.112.226.75 - - [05/Jul/2026:12:23:11 +0000] "HEAD /favicon.ico HTTP/1.1" 200 536 "-" "Mozilla/5.0 (Macintosh; Intel Mac OS X 10_15_7) AppleWebKit/537.36"
84.112.28.112 - - [05/Jul/2026:12:23:14 +0000] "GET /static/js/bundle.js HTTP/1.1" 302 0 "-" "curl/8.4.0"
84.112.15.189 - - [05/Jul/2026:12:23:28 +0000] "HEAD /about HTTP/1.1" 200 3993 "-" "Mozilla/5.0 (Macintosh; Intel Mac OS X 10_15_7) AppleWebKit/537.36"
84.112.185.225 - - [05/Jul/2026:12:23:34 +0000] "POST /cart/ HTTP/1.1" 200 211 "-" "curl/8.4.0"
84.112.177.148 - - [05/Jul/2026:12:23:47 +0000] "GET /contact HTTP/1.1" 200 7094 "-" "Mozilla/5.0 (X11; Linux x86_64) AppleWebKit/537.36"
84.112.43.73 - - [05/Jul/2026:12:23:55 +0000] "POST /api/v1/status HTTP/1.1" 200 6396 "-" "Python-urllib/3.12"
84.112.47.110 - - [05/Jul/2026:12:24:13 +0000] "POST /about HTTP/1.1" 204 0 "-" "Python-urllib/3.12"
84.112.30.168 - - [05/Jul/2026:12:24:30 +0000] "HEAD /favicon.ico HTTP/1.1" 200 224 "-" "Mozilla/5.0 (Macintosh; Intel Mac OS X 10_15_7) AppleWebKit/537.36"
84.112.112.166 - - [05/Jul/2026:12:24:44 +0000] "HEAD /static/js/bundle.js HTTP/1.1" 200 4837 "-" "Mozilla/5.0 (Macintosh; Intel Mac OS X 10_15_7) AppleWebKit/537.36"
84.112.112.166 - - [05/Jul/2026:12:24:49 +0000] "GET /static/js/bundle.js HTTP/1.1" 404 1854 "-" "Go-http-client/2.0"
84.112.16.115 - - [05/Jul/2026:12:24:56 +0000] "GET /static/js/bundle.js HTTP/1.1" 200 2466 "-" "Go-http-client/2.0"
84.112.30.168 - - [05/Jul/2026:12:24:59 +0000] "HEAD /cart/ HTTP/1.1" 200 6299 "-" "Go-http-client/2.0"
84.112.226.75 - - [05/Jul/2026:12:25:02 +0000] "HEAD /about HTTP/1.1" 204 0 "-" "curl/8.4.0"
84.112.114.59 - - [05/Jul/2026:12:25:20 +0000] "GET /contact HTTP/1.1" 204 0 "-" "curl/8.4.0"
84.112.237.124 - - [05/Jul/2026:12:25:23 +0000] "GET /robots.txt HTTP/1.1" 204 0 "-" "Mozilla/5.0 (X11; Linux x86_64) AppleWebKit/537.36"
84.112.155.159 - - [05/Jul/2026:12:25:28 +0000] "GET /static/js/bundle.js HTTP/1.1" 200 7985 "-" "Python-urllib/3.12"
84.112.245.39 - - [05/Jul/2026:12:25:41 +0000] "HEAD /category/electronics HTTP/1.1" 301 4472 "-" "Python-urllib/3.12"
84.112.216.57 - - [05/Jul/2026:12:25:48 +0000] "GET /products/ HTTP/1.1" 200 2453 "-" "Mozilla/5.0 (X11; Linux x86_64) AppleWebKit/537.36"
84.112.112.166 - - [05/Jul/2026:12:25:53 +0000] "HEAD /robots.txt HTTP/1.1" 204 0 "-" "Go-http-client/2.0"
84.112.15.189 - - [05/Jul/2026:12:26:13 +0000] "HEAD /cart/ HTTP/1.1" 204 0 "-" "Mozilla/5.0 (Windows NT 10.0; Win64; x64) AppleWebKit/537.36"
84.112.114.59 - - [05/Jul/2026:12:26:33 +0000] "HEAD /robots.txt HTTP/1.1" 200 7800 "-" "Mozilla/5.0 (Macintosh; Intel Mac OS X 10_15_7) AppleWebKit/537.36"
84.112.155.159 - - [05/Jul/2026:12:26:38 +0000] "HEAD /about HTTP/1.1" 200 7376 "-" "Go-http-client/2.0"
84.112.170.205 - - [05/Jul/2026:12:26:47 +0000] "HEAD /static/js/bundle.js HTTP/1.1" 302 0 "-" "Mozilla/5.0 (Windows NT 10.0; Win64; x64) AppleWebKit/537.36"
84.112.114.59 - - [05/Jul/2026:12:27:00 +0000] "GET /static/js/bundle.js HTTP/1.1" 301 3627 "-" "Go-http-client/2.0"
84.112.114.59 - - [05/Jul/2026:12:27:16 +0000] "GET /favicon.ico HTTP/1.1" 302 0 "-" "curl/8.4.0"
84.112.30.168 - - [05/Jul/2026:12:27:21 +0000] "GET /contact HTTP/1.1" 301 2477 "-" "Mozilla/5.0 (Macintosh; Intel Mac OS X 10_15_7) AppleWebKit/537.36"
84.112.185.225 - - [05/Jul/2026:12:27:29 +0000] "HEAD /category/electronics HTTP/1.1" 404 4126 "-" "Mozilla/5.0 (X11; Linux x86_64) AppleWebKit/537.36"
84.112.16.115 - - [05/Jul/2026:12:27:49 +0000] "POST /contact HTTP/1.1" 200 4490 "-" "Python-urllib/3.12"
84.112.177.148 - - [05/Jul/2026:12:27:55 +0000] "HEAD /robots.txt HTTP/1.1" 404 8198 "-" "Mozilla/5.0 (Macintosh; Intel Mac OS X 10_15_7) AppleWebKit/537.36"
84.112.216.57 - - [05/Jul/2026:12:28:03 +0000] "POST /about HTTP/1.1" 200 5569 "-" "curl/8.4.0"
84.112.170.205 - - [05/Jul/2026:12:28:14 +0000] "POST /cart/ HTTP/1.1" 200 7440 "-" "Mozilla/5.0 (X11; Linux x86_64) AppleWebKit/537.36"
84.112.62.21 - - [05/Jul/2026:12:28:31 +0000] "GET /static/js/bundle.js HTTP/1.1" 204 0 "-" "Mozilla/5.0 (Windows NT 10.0; Win64; x64) AppleWebKit/537.36"
84.112.28.112 - - [05/Jul/2026:12:28:39 +0000] "POST /about HTTP/1.1" 404 7796 "-" "Mozilla/5.0 (X11; Linux x86_64) AppleWebKit/537.36"
84.112.43.73 - - [05/Jul/2026:12:28:57 +0000] "GET /robots.txt HTTP/1.1" 404 5475 "-" "Mozilla/5.0 (Macintosh; Intel Mac OS X 10_15_7) AppleWebKit/537.36"
84.112.112.166 - - [05/Jul/2026:12:29:17 +0000] "GET /static/js/bundle.js HTTP/1.1" 200 580 "-" "Go-http-client/2.0"
84.112.47.110 - - [05/Jul/2026:12:29:23 +0000] "POST /favicon.ico HTTP/1.1" 404 1009 "-" "Mozilla/5.0 (X11; Linux x86_64) AppleWebKit/537.36"
84.112.114.59 - - [05/Jul/2026:12:29:32 +0000] "GET /products/ HTTP/1.1" 200 8130 "-" "Mozilla/5.0 (X11; Linux x86_64) AppleWebKit/537.36"
84.112.112.166 - - [05/Jul/2026:12:29:49 +0000] "HEAD /contact HTTP/1.1" 302 0 "-" "Mozilla/5.0 (X11; Linux x86_64) AppleWebKit/537.36"
84.112.80.111 - - [05/Jul/2026:12:30:06 +0000] "HEAD /about HTTP/1.1" 404 6218 "-" "Go-http-client/2.0"
84.112.80.111 - - [05/Jul/2026:12:30:25 +0000] "GET /about HTTP/1.1" 404 6580 "-" "Mozilla/5.0 (Windows NT 10.0; Win64; x64) AppleWebKit/537.36"
84.112.16.115 - - [05/Jul/2026:12:30:29 +0000] "GET /api/v1/status HTTP/1.1" 200 3991 "-" "Python-urllib/3.12"
84.112.170.205 - - [05/Jul/2026:12:30:34 +0000] "HEAD /category/electronics HTTP/1.1" 200 7660 "-" "Mozilla/5.0 (Windows NT 10.0; Win64; x64) AppleWebKit/537.36"
84.112.114.59 - - [05/Jul/2026:12:30:48 +0000] "GET /cart/ HTTP/1.1" 200 2564 "-" "Go-http-client/2.0"
84.112.170.205 - - [05/Jul/2026:12:30:56 +0000] "HEAD /category/electronics HTTP/1.1" 404 513 "-" "Mozilla/5.0 (Windows NT 10.0; Win64; x64) AppleWebKit/537.36"
84.112.16.115 - - [05/Jul/2026:12:31:08 +0000] "POST /api/v1/status HTTP/1.1" 404 8498 "-" "Mozilla/5.0 (Macintosh; Intel Mac OS X 10_15_7) AppleWebKit/537.36"
84.112.141.113 - - [05/Jul/2026:12:31:12 +0000] "GET /products/ HTTP/1.1" 301 6928 "-" "Python-urllib/3.12"
84.112.16.115 - - [05/Jul/2026:12:31:17 +0000] "HEAD /robots.txt HTTP/1.1" 200 2006 "-" "Mozilla/5.0 (Macintosh; Intel Mac OS X 10_15_7) AppleWebKit/537.36"
84.112.28.112 - - [05/Jul/2026:12:31:32 +0000] "HEAD /static/js/bundle.js HTTP/1.1" 404 2606 "-" "Mozilla/5.0 (Windows NT 10.0; Win64; x64) AppleWebKit/537.36"
84.112.114.59 - - [05/Jul/2026:12:31:41 +0000] "GET /robots.txt HTTP/1.1" 204 0 "-" "Python-urllib/3.12"
84.112.28.112 - - [05/Jul/2026:12:31:48 +0000] "GET /cart/ HTTP/1.1" 200 1966 "-" "Python-urllib/3.12"
84.112.43.73 - - [05/Jul/2026:12:32:03 +0000] "GET /static/js/bundle.js HTTP/1.1" 200 2101 "-" "Mozilla/5.0 (X11; Linux x86_64) AppleWebKit/537.36"
84.112.155.159 - - [05/Jul/2026:12:32:07 +0000] "GET /category/electronics HTTP/1.1" 404 7290 "-" "Mozilla/5.0 (Macintosh; Intel Mac OS X 10_15_7) AppleWebKit/537.36"
84.112.141.113 - - [05/Jul/2026:12:32:16 +0000] "HEAD /about HTTP/1.1" 200 4930 "-" "Mozilla/5.0 (X11; Linux x86_64) AppleWebKit/537.36"
84.112.237.239 - - [05/Jul/2026:12:32:25 +0000] "POST /category/electronics HTTP/1.1" 200 339 "-" "Go-http-client/2.0"
84.112.155.159 - - [05/Jul/2026:12:32:33 +0000] "HEAD /api/v1/status HTTP/1.1" 302 0 "-" "Mozilla/5.0 (X11; Linux x86_64) AppleWebKit/537.36"
84.112.47.110 - - [05/Jul/2026:12:32:39 +0000] "POST /static/js/bundle.js HTTP/1.1" 200 1596 "-" "curl/8.4.0"
84.112.237.124 - - [05/Jul/2026:12:32:42 +0000] "HEAD /favicon.ico HTTP/1.1" 404 2423 "-" "curl/8.4.0"
84.112.170.205 - - [05/Jul/2026:12:32:45 +0000] "HEAD /category/electronics HTTP/1.1" 200 2579 "-" "Mozilla/5.0 (X11; Linux x86_64) AppleWebKit/537.36"
84.112.216.57 - - [05/Jul/2026:12:32:57 +0000] "GET /products/ HTTP/1.1" 302 0 "-" "Mozilla/5.0 (X11; Linux x86_64) AppleWebKit/537.36"
84.112.80.111 - - [05/Jul/2026:12:33:06 +0000] "POST /favicon.ico HTTP/1.1" 302 0 "-" "Mozilla/5.0 (Windows NT 10.0; Win64; x64) AppleWebKit/537.36"
84.112.16.115 - - [05/Jul/2026:12:33:09 +0000] "HEAD /category/electronics HTTP/1.1" 200 8255 "-" "Mozilla/5.0 (Windows NT 10.0; Win64; x64) AppleWebKit/537.36"
84.112.15.189 - - [05/Jul/2026:12:33:15 +0000] "POST /cart/ HTTP/1.1" 200 4633 "-" "Mozilla/5.0 (Macintosh; Intel Mac OS X 10_15_7) AppleWebKit/537.36"
84.112.80.111 - - [05/Jul/2026:12:33:31 +0000] "HEAD /category/electronics HTTP/1.1" 301 6127 "-" "Python-urllib/3.12"
84.112.47.110 - - [05/Jul/2026:12:33:43 +0000] "GET /products/ HTTP/1.1" 200 1347 "-" "Go-http-client/2.0"
84.112.62.21 - - [05/Jul/2026:12:33:50 +0000] "GET /robots.txt HTTP/1.1" 200 7041 "-" "Mozilla/5.0 (Windows NT 10.0; Win64; x64) AppleWebKit/537.36"
84.112.141.113 - - [05/Jul/2026:12:34:04 +0000] "GET /robots.txt HTTP/1.1" 200 8227 "-" "curl/8.4.0"
84.112.114.59 - - [05/Jul/2026:12:34:08 +0000] "HEAD /products/ HTTP/1.1" 204 0 "-" "Go-http-client/2.0"
84.112.237.239 - - [05/Jul/2026:12:34:13 +0000] "POST /products/ HTTP/1.1" 204 0 "-" "Mozilla/5.0 (Macintosh; Intel Mac OS X 10_15_7) AppleWebKit/537.36"
84.112.47.110 - - [05/Jul/2026:12:34:20 +0000] "POST /contact HTTP/1.1" 404 1873 "-" "curl/8.4.0"
84.112.245.39 - - [05/Jul/2026:12:34:33 +0000] "GET /products/ HTTP/1.1" 200 4796 "-" "Mozilla/5.0 (Windows NT 10.0; Win64; x64) AppleWebKit/537.36"
84.112.28.112 - - [05/Jul/2026:12:34:43 +0000] "GET /products/ HTTP/1.1" 301 6070 "-" "Python-urllib/3.12"
84.112.170.205 - - [05/Jul/2026:12:35:01 +0000] "HEAD /robots.txt HTTP/1.1" 200 7053 "-" "curl/8.4.0"
84.112.80.111 - - [05/Jul/2026:12:35:06 +0000] "POST /category/electronics HTTP/1.1" 200 4790 "-" "Python-urllib/3.12"
84.112.15.189 - - [05/Jul/2026:12:35:14 +0000] "POST /robots.txt HTTP/1.1" 302 0 "-" "Mozilla/5.0 (Windows NT 10.0; Win64; x64) AppleWebKit/537.36"
84.112.245.39 - - [05/Jul/2026:12:35:21 +0000] "POST /favicon.ico HTTP/1.1" 200 1931 "-" "Mozilla/5.0 (Windows NT 10.0; Win64; x64) AppleWebKit/537.36"
84.112.28.112 - - [05/Jul/2026:12:35:41 +0000] "GET /contact HTTP/1.1" 200 754 "-" "Mozilla/5.0 (Macintosh; Intel Mac OS X 10_15_7) AppleWebKit/537.36"
84.112.237.239 - - [05/Jul/2026:12:35:44 +0000] "HEAD /about HTTP/1.1" 200 7481 "-" "Python-urllib/3.12"
84.112.226.75 - - [05/Jul/2026:12:35:55 +0000] "POST /static/js/bundle.js HTTP/1.1" 204 0 "-" "Mozilla/5.0 (X11; Linux x86_64) AppleWebKit/537.36"
84.112.237.124 - - [05/Jul/2026:12:35:59 +0000] "GET /contact HTTP/1.1" 200 6120 "-" "Python-urllib/3.12"
84.112.47.110 - - [05/Jul/2026:12:36:05 +0000] "HEAD /products/ HTTP/1.1" 302 0 "-" "Go-http-client/2.0"
84.112.185.225 - - [05/Jul/2026:12:36:11 +0000] "HEAD /products/ HTTP/1.1" 204 0 "-" "Mozilla/5.0 (Windows NT 10.0; Win64; x64) AppleWebKit/537.36"
84.112.112.166 - - [05/Jul/2026:12:36:20 +0000] "GET /favicon.ico HTTP/1.1" 204 0 "-" "Mozilla/5.0 (Windows NT 10.0; Win64; x64) AppleWebKit/537.36"
84.112.28.112 - - [05/Jul/2026:12:36:30 +0000] "POST /about HTTP/1.1" 200 1425 "-" "Mozilla/5.0 (Windows NT 10.0; Win64; x64) AppleWebKit/537.36"
84.112.80.111 - - [05/Jul/2026:12:36:42 +0000] "HEAD /api/v1/status HTTP/1.1" 204 0 "-" "curl/8.4.0"
84.112.216.57 - - [05/Jul/2026:12:36:51 +0000] "GET /cart/ HTTP/1.1" 404 3340 "-" "Mozilla/5.0 (Windows NT 10.0; Win64; x64) AppleWebKit/537.36"
84.112.170.205 - - [05/Jul/2026:12:36:54 +0000] "POST /static/js/bundle.js HTTP/1.1" 200 5941 "-" "Python-urllib/3.12"
84.112.237.239 - - [05/Jul/2026:12:37:10 +0000] "HEAD /api/v1/status HTTP/1.1" 204 0 "-" "Mozilla/5.0 (Windows NT 10.0; Win64; x64) AppleWebKit/537.36"
84.112.43.73 - - [05/Jul/2026:12:37:19 +0000] "HEAD /products/ HTTP/1.1" 200 3379 "-" "Go-http-client/2.0"
84.112.141.113 - - [05/Jul/2026:12:37:28 +0000] "POST /static/js/bundle.js HTTP/1.1" 302 0 "-" "Python-urllib/3.12"
84.112.237.239 - - [05/Jul/2026:12:37:39 +0000] "POST /favicon.ico HTTP/1.1" 302 0 "-" "Mozilla/5.0 (Macintosh; Intel Mac OS X 10_15_7) AppleWebKit/537.36"
84.112.80.111 - - [05/Jul/2026:12:37:44 +0000] "HEAD /cart/ HTTP/1.1" 301 4061 "-" "Mozilla/5.0 (Macintosh; Intel Mac OS X 10_15_7) AppleWebKit/537.36"
84.112.62.21 - - [05/Jul/2026:12:38:02 +0000] "GET /products/ HTTP/1.1" 200 6722 "-" "Python-urllib/3.12"
84.112.43.73 - - [05/Jul/2026:12:38:18 +0000] "POST /category/electronics HTTP/1.1" 404 528 "-" "Mozilla/5.0 (Windows NT 10.0; Win64; x64) AppleWebKit/537.36"
84.112.28.112 - - [05/Jul/2026:12:38:24 +0000] "POST /robots.txt HTTP/1.1" 404 7777 "-" "Mozilla/5.0 (Windows NT 10.0; Win64; x64) AppleWebKit/537.36"
84.112.28.112 - - [05/Jul/2026:12:38:35 +0000] "GET /api/v1/status HTTP/1.1" 301 3985 "-" "Mozilla/5.0 (X11; Linux x86_64) AppleWebKit/537.36"
84.112.226.75 - - [05/Jul/2026:12:38:55 +0000] "HEAD /api/v1/status HTTP/1.1" 301 169 "-" "curl/8.4.0"
84.112.226.75 - - [05/Jul/2026:12:39:05 +0000] "POST /static/js/bundle.js HTTP/1.1" 200 4306 "-" "Mozilla/5.0 (X11; Linux x86_64) AppleWebKit/537.36"
84.112.28.112 - - [05/Jul/2026:12:39:24 +0000] "HEAD /api/v1/status HTTP/1.1" 404 8261 "-" "Python-urllib/3.12"
84.112.177.148 - - [05/Jul/2026:12:39:43 +0000] "HEAD /about HTTP/1.1" 404 1186 "-" "Mozilla/5.0 (Macintosh; Intel Mac OS X 10_15_7) AppleWebKit/537.36"
84.112.170.205 - - [05/Jul/2026:12:40:00 +0000] "POST /cart/ HTTP/1.1" 302 0 "-" "Python-urllib/3.12"
84.112.141.113 - - [05/Jul/2026:12:40:15 +0000] "HEAD /api/v1/status HTTP/1.1" 200 6851 "-" "Python-urllib/3.12"
84.112.47.110 - - [05/Jul/2026:12:40:21 +0000] "GET /robots.txt HTTP/1.1" 200 924 "-" "Python-urllib/3.12"
84.112.170.205 - - [05/Jul/2026:12:40:39 +0000] "POST /about HTTP/1.1" 200 2974 "-" "curl/8.4.0"
84.112.114.59 - - [05/Jul/2026:12:40:55 +0000] "GET /contact HTTP/1.1" 404 4856 "-" "Mozilla/5.0 (X11; Linux x86_64) AppleWebKit/537.36"
84.112.141.113 - - [05/Jul/2026:12:41:01 +0000] "POST /products/ HTTP/1.1" 200 4447 "-" "Mozilla/5.0 (Macintosh; Intel Mac OS X 10_15_7) AppleWebKit/537.36"
84.112.47.110 - - [05/Jul/2026:12:41:17 +0000] "GET /about HTTP/1.1" 204 0 "-" "Mozilla/5.0 (Windows NT 10.0; Win64; x64) AppleWebKit/537.36"
84.112.155.159 - - [05/Jul/2026:12:41:36 +0000] "HEAD /static/js/bundle.js HTTP/1.1" 200 1578 "-" "Python-urllib/3.12"
84.112.114.59 - - [05/Jul/2026:12:41:40 +0000] "HEAD /products/ HTTP/1.1" 404 4371 "-" "Mozilla/5.0 (Windows NT 10.0; Win64; x64) AppleWebKit/537.36"
84.112.226.75 - - [05/Jul/2026:12:42:00 +0000] "GET /category/electronics HTTP/1.1" 404 8385 "-" "Mozilla/5.0 (X11; Linux x86_64) AppleWebKit/537.36"
84.112.47.110 - - [05/Jul/2026:12:42:17 +0000] "GET /cart/ HTTP/1.1" 204 0 "-" "Mozilla/5.0 (Windows NT 10.0; Win64; x64) AppleWebKit/537.36"
84.112.112.166 - - [05/Jul/2026:12:42:37 +0000] "HEAD /api/v1/status HTTP/1.1" 404 8446 "-" "Mozilla/5.0 (Windows NT 10.0; Win64; x64) AppleWebKit/537.36"
[2026-07-05 14:22:15 +0200] [8421] [ERROR] Worker unexpected exit: pid 8425 (Signal 9)
[2026-07-05 14:22:15 +0200] [11024] [WARN] Worker timeout - no heartbeat for 30s
[2026-07-05 14:22:15 +0200] [11024] [INFO] Shutting down Master process
10.0.0.5 - - [05/Jul/2026:14:23:15 +0000] "GET /health HTTP/1.1" 503 6657 "-" "curl/8.4.0"
10.0.0.6 - - [05/Jul/2026:14:26:15 +0000] "GET /health HTTP/1.1" 503 2384 "-" "Mozilla/5.0 (Macintosh; Intel Mac OS X 10_15_7) AppleWebKit/537.36"
10.0.0.5 - - [05/Jul/2026:14:29:15 +0000] "GET /health HTTP/1.1" 503 7513 "-" "curl/8.4.0"
10.0.0.5 - - [05/Jul/2026:14:32:15 +0000] "GET /health HTTP/1.1" 503 7334 "-" "Mozilla/5.0 (X11; Linux x86_64) AppleWebKit/537.36"
10.0.0.6 - - [05/Jul/2026:14:35:15 +0000] "GET /health HTTP/1.1" 503 7290 "-" "Mozilla/5.0 (Windows NT 10.0; Win64; x64) AppleWebKit/537.36"
10.0.0.5 - - [05/Jul/2026:14:38:15 +0000] "GET /health HTTP/1.1" 503 1131 "-" "Mozilla/5.0 (Windows NT 10.0; Win64; x64) AppleWebKit/537.36"
10.0.0.6 - - [05/Jul/2026:14:41:15 +0000] "GET /health HTTP/1.1" 503 887 "-" "Python-urllib/3.12"
10.0.0.6 - - [05/Jul/2026:14:44:15 +0000] "GET /health HTTP/1.1" 503 5366 "-" "Python-urllib/3.12"
10.0.0.5 - - [05/Jul/2026:14:47:15 +0000] "GET /health HTTP/1.1" 503 3066 "-" "Mozilla/5.0 (Macintosh; Intel Mac OS X 10_15_7) AppleWebKit/537.36"
10.0.0.6 - - [05/Jul/2026:14:50:15 +0000] "GET /health HTTP/1.1" 503 1514 "-" "curl/8.4.0"
10.0.0.6 - - [05/Jul/2026:14:53:15 +0000] "GET /health HTTP/1.1" 503 1619 "-" "Go-http-client/2.0"
10.0.0.5 - - [05/Jul/2026:14:56:15 +0000] "GET /health HTTP/1.1" 503 2705 "-" "Mozilla/5.0 (X11; Linux x86_64) AppleWebKit/537.36"
10.0.0.6 - - [05/Jul/2026:14:59:15 +0000] "GET /health HTTP/1.1" 503 4550 "-" "Mozilla/5.0 (Macintosh; Intel Mac OS X 10_15_7) AppleWebKit/537.36"
10.0.0.6 - - [05/Jul/2026:15:02:15 +0000] "GET /health HTTP/1.1" 503 8388 "-" "Mozilla/5.0 (Macintosh; Intel Mac OS X 10_15_7) AppleWebKit/537.36"
10.0.0.6 - - [05/Jul/2026:15:05:15 +0000] "GET /health HTTP/1.1" 503 6544 "-" "Mozilla/5.0 (X11; Linux x86_64) AppleWebKit/537.36"
10.0.0.6 - - [05/Jul/2026:15:08:15 +0000] "GET /health HTTP/1.1" 503 939 "-" "curl/8.4.0"
10.0.0.5 - - [05/Jul/2026:15:11:15 +0000] "GET /health HTTP/1.1" 503 5930 "-" "Mozilla/5.0 (Macintosh; Intel Mac OS X 10_15_7) AppleWebKit/537.36"
10.0.0.5 - - [05/Jul/2026:15:14:15 +0000] "GET /health HTTP/1.1" 503 4357 "-" "Mozilla/5.0 (Windows NT 10.0; Win64; x64) AppleWebKit/537.36"
10.0.0.6 - - [05/Jul/2026:15:17:15 +0000] "GET /health HTTP/1.1" 503 1963 "-" "curl/8.4.0"
10.0.0.6 - - [05/Jul/2026:15:20:15 +0000] "GET /health HTTP/1.1" 503 841 "-" "Python-urllib/3.12"
10.0.0.5 - - [05/Jul/2026:15:23:15 +0000] "GET /health HTTP/1.1" 503 3020 "-" "Python-urllib/3.12"
10.0.0.6 - - [05/Jul/2026:15:26:15 +0000] "GET /health HTTP/1.1" 503 3792 "-" "curl/8.4.0"
10.0.0.6 - - [05/Jul/2026:15:29:15 +0000] "GET /health HTTP/1.1" 503 5920 "-" "Mozilla/5.0 (Windows NT 10.0; Win64; x64) AppleWebKit/537.36"
10.0.0.6 - - [05/Jul/2026:15:32:15 +0000] "GET /health HTTP/1.1" 503 6643 "-" "Mozilla/5.0 (Macintosh; Intel Mac OS X 10_15_7) AppleWebKit/537.36"
10.0.0.6 - - [05/Jul/2026:15:35:15 +0000] "GET /health HTTP/1.1" 503 860 "-" "Mozilla/5.0 (X11; Linux x86_64) AppleWebKit/537.36"
10.0.0.6 - - [05/Jul/2026:15:38:15 +0000] "GET /health HTTP/1.1" 503 4757 "-" "Mozilla/5.0 (X11; Linux x86_64) AppleWebKit/537.36"
10.0.0.6 - - [05/Jul/2026:15:41:15 +0000] "GET /health HTTP/1.1" 503 6407 "-" "Mozilla/5.0 (X11; Linux x86_64) AppleWebKit/537.36"
10.0.0.5 - - [05/Jul/2026:15:44:15 +0000] "GET /health HTTP/1.1" 503 4458 "-" "Mozilla/5.0 (X11; Linux x86_64) AppleWebKit/537.36"
10.0.0.6 - - [05/Jul/2026:15:47:15 +0000] "GET /health HTTP/1.1" 503 539 "-" "curl/8.4.0"
10.0.0.6 - - [05/Jul/2026:15:50:15 +0000] "GET /health HTTP/1.1" 503 5238 "-" "Mozilla/5.0 (Macintosh; Intel Mac OS X 10_15_7) AppleWebKit/537.36"
10.0.0.5 - - [05/Jul/2026:15:53:15 +0000] "GET /health HTTP/1.1" 503 7393 "-" "Mozilla/5.0 (Windows NT 10.0; Win64; x64) AppleWebKit/537.36"
10.0.0.5 - - [05/Jul/2026:15:56:15 +0000] "GET /health HTTP/1.1" 503 5658 "-" "Mozilla/5.0 (Windows NT 10.0; Win64; x64) AppleWebKit/537.36"
10.0.0.6 - - [05/Jul/2026:15:59:15 +0000] "GET /health HTTP/1.1" 503 2452 "-" "Mozilla/5.0 (Macintosh; Intel Mac OS X 10_15_7) AppleWebKit/537.36"
10.0.0.6 - - [05/Jul/2026:16:02:15 +0000] "GET /health HTTP/1.1" 503 4103 "-" "Go-http-client/2.0"
10.0.0.6 - - [05/Jul/2026:16:05:15 +0000] "GET /health HTTP/1.1" 503 4629 "-" "Mozilla/5.0 (X11; Linux x86_64) AppleWebKit/537.36"
10.0.0.5 - - [05/Jul/2026:16:08:15 +0000] "GET /health HTTP/1.1" 503 125 "-" "Mozilla/5.0 (X11; Linux x86_64) AppleWebKit/537.36"
10.0.0.5 - - [05/Jul/2026:16:11:15 +0000] "GET /health HTTP/1.1" 503 4476 "-" "Mozilla/5.0 (X11; Linux x86_64) AppleWebKit/537.36"
10.0.0.6 - - [05/Jul/2026:16:14:15 +0000] "GET /health HTTP/1.1" 503 8341 "-" "Mozilla/5.0 (Macintosh; Intel Mac OS X 10_15_7) AppleWebKit/537.36"
10.0.0.5 - - [05/Jul/2026:16:17:15 +0000] "GET /health HTTP/1.1" 503 7261 "-" "Mozilla/5.0 (Macintosh; Intel Mac OS X 10_15_7) AppleWebKit/537.36"
10.0.0.6 - - [05/Jul/2026:16:20:15 +0000] "GET /health HTTP/1.1" 503 6594 "-" "Python-urllib/3.12"
10.0.0.5 - - [05/Jul/2026:16:23:15 +0000] "GET /health HTTP/1.1" 503 7413 "-" "Mozilla/5.0 (X11; Linux x86_64) AppleWebKit/537.36"
10.0.0.5 - - [05/Jul/2026:16:26:15 +0000] "GET /health HTTP/1.1" 503 7081 "-" "Mozilla/5.0 (Windows NT 10.0; Win64; x64) AppleWebKit/537.36"
10.0.0.5 - - [05/Jul/2026:16:29:15 +0000] "GET /health HTTP/1.1" 503 1581 "-" "curl/8.4.0"
10.0.0.5 - - [05/Jul/2026:16:32:15 +0000] "GET /health HTTP/1.1" 503 3633 "-" "Mozilla/5.0 (Windows NT 10.0; Win64; x64) AppleWebKit/537.36"
10.0.0.5 - - [05/Jul/2026:16:35:15 +0000] "GET /health HTTP/1.1" 503 5981 "-" "Go-http-client/2.0"
10.0.0.5 - - [05/Jul/2026:16:38:15 +0000] "GET /health HTTP/1.1" 503 3471 "-" "Go-http-client/2.0"
10.0.0.6 - - [05/Jul/2026:16:41:15 +0000] "GET /health HTTP/1.1" 503 1888 "-" "Mozilla/5.0 (Macintosh; Intel Mac OS X 10_15_7) AppleWebKit/537.36"
10.0.0.5 - - [05/Jul/2026:16:44:15 +0000] "GET /health HTTP/1.1" 503 7904 "-" "Go-http-client/2.0"
10.0.0.6 - - [05/Jul/2026:16:47:15 +0000] "GET /health HTTP/1.1" 503 126 "-" "curl/8.4.0"
10.0.0.5 - - [05/Jul/2026:16:50:15 +0000] "GET /health HTTP/1.1" 503 4193 "-" "Mozilla/5.0 (Windows NT 10.0; Win64; x64) AppleWebKit/537.36"
10.0.0.6 - - [05/Jul/2026:16:53:15 +0000] "GET /health HTTP/1.1" 503 5382 "-" "Mozilla/5.0 (X11; Linux x86_64) AppleWebKit/537.36"
10.0.0.5 - - [05/Jul/2026:16:56:15 +0000] "GET /health HTTP/1.1" 503 6683 "-" "curl/8.4.0"
10.0.0.5 - - [05/Jul/2026:16:59:15 +0000] "GET /health HTTP/1.1" 503 2832 "-" "curl/8.4.0"
10.0.0.6 - - [05/Jul/2026:17:02:15 +0000] "GET /health HTTP/1.1" 503 5069 "-" "Python-urllib/3.12"
10.0.0.5 - - [05/Jul/2026:17:05:15 +0000] "GET /health HTTP/1.1" 503 4415 "-" "Mozilla/5.0 (Windows NT 10.0; Win64; x64) AppleWebKit/537.36"
10.0.0.5 - - [05/Jul/2026:17:08:15 +0000] "GET /health HTTP/1.1" 503 7147 "-" "curl/8.4.0"
10.0.0.5 - - [05/Jul/2026:17:11:15 +0000] "GET /health HTTP/1.1" 503 3286 "-" "Go-http-client/2.0"
10.0.0.6 - - [05/Jul/2026:17:14:15 +0000] "GET /health HTTP/1.1" 503 4602 "-" "Mozilla/5.0 (Windows NT 10.0; Win64; x64) AppleWebKit/537.36"
10.0.0.6 - - [05/Jul/2026:17:17:15 +0000] "GET /health HTTP/1.1" 503 6707 "-" "Mozilla/5.0 (Windows NT 10.0; Win64; x64) AppleWebKit/537.36"
10.0.0.6 - - [05/Jul/2026:17:20:15 +0000] "GET /health HTTP/1.1" 503 8053 "-" "Go-http-client/2.0"
[2026-07-05 14:27:15 +0200] [5001] [ALERT] Server unreachable at 10.150.44.112:8443 - initiating auto-recovery
[2026-07-05 15:22:15 +0200] [5001] [ALERT] Server unreachable at 10.150.44.112:8443 - initiating auto-recovery
[2026-07-05 16:22:15 +0200] [5001] [ALERT] Server unreachable at 10.150.44.112:8443 - initiating auto-recovery
[2026-07-05 17:07:15 +0200] [5001] [ALERT] Server unreachable at 10.150.44.112:8443 - initiating auto-recovery
[2026-07-05 17:22:15 +0200] [12105] [INFO] Starting gunicorn 24.0.0
[2026-07-05 17:22:15 +0200] [12105] [INFO] Listening at: http://10.150.44.112:8443 (12105)
[2026-07-05 17:22:15 +0200] [12108] [INFO] Booting worker with pid: 12108
[2026-07-05 17:22:15 +0200] [12108] [DEBUG] Loaded settings: enigma.settings
System check identified no issues (0 silenced).
July 05, 2026 - 14:22:15
Django version 5.2, using settings 'enigma.settings'
Development server is running at http://10.150.44.112:8443/
Quit the server with CONTROL-C.

84.112.112.166 - - [05/Jul/2026:17:22:22 +0000] "GET /api/v1/status HTTP/1.1" 301 805 "-" "Mozilla/5.0 (X11; Linux x86_64) AppleWebKit/537.36"
84.112.62.21 - - [05/Jul/2026:17:22:44 +0000] "POST /robots.txt HTTP/1.1" 302 0 "-" "Mozilla/5.0 (X11; Linux x86_64) AppleWebKit/537.36"
84.112.43.73 - - [05/Jul/2026:17:22:53 +0000] "POST /cart/ HTTP/1.1" 204 0 "-" "curl/8.4.0"
84.112.112.166 - - [05/Jul/2026:17:23:11 +0000] "GET /about HTTP/1.1" 302 0 "-" "curl/8.4.0"
84.112.114.59 - - [05/Jul/2026:17:23:35 +0000] "POST /favicon.ico HTTP/1.1" 200 7037 "-" "Mozilla/5.0 (X11; Linux x86_64) AppleWebKit/537.36"
84.112.237.124 - - [05/Jul/2026:17:24:01 +0000] "HEAD /about HTTP/1.1" 404 6605 "-" "Go-http-client/2.0"
84.112.237.124 - - [05/Jul/2026:17:24:25 +0000] "POST /api/v1/status HTTP/1.1" 301 6364 "-" "Mozilla/5.0 (X11; Linux x86_64) AppleWebKit/537.36"
84.112.226.75 - - [05/Jul/2026:17:24:39 +0000] "POST /category/electronics HTTP/1.1" 301 4399 "-" "curl/8.4.0"
84.112.28.112 - - [05/Jul/2026:17:25:09 +0000] "GET /cart/ HTTP/1.1" 301 2328 "-" "Go-http-client/2.0"
84.112.114.59 - - [05/Jul/2026:17:25:33 +0000] "GET /robots.txt HTTP/1.1" 200 4156 "-" "Go-http-client/2.0"
84.112.28.112 - - [05/Jul/2026:17:25:50 +0000] "POST /cart/ HTTP/1.1" 200 7893 "-" "Mozilla/5.0 (Windows NT 10.0; Win64; x64) AppleWebKit/537.36"
84.112.28.112 - - [05/Jul/2026:17:26:08 +0000] "GET /contact HTTP/1.1" 302 0 "-" "Mozilla/5.0 (X11; Linux x86_64) AppleWebKit/537.36"
84.112.216.57 - - [05/Jul/2026:17:26:38 +0000] "GET /favicon.ico HTTP/1.1" 200 4192 "-" "Python-urllib/3.12"
84.112.47.110 - - [05/Jul/2026:17:27:05 +0000] "GET /contact HTTP/1.1" 301 4378 "-" "curl/8.4.0"
84.112.141.113 - - [05/Jul/2026:17:27:21 +0000] "GET /favicon.ico HTTP/1.1" 204 0 "-" "Mozilla/5.0 (Windows NT 10.0; Win64; x64) AppleWebKit/537.36"
84.112.62.21 - - [05/Jul/2026:17:27:27 +0000] "HEAD /api/v1/status HTTP/1.1" 302 0 "-" "Mozilla/5.0 (Macintosh; Intel Mac OS X 10_15_7) AppleWebKit/537.36"
84.112.112.166 - - [05/Jul/2026:17:27:41 +0000] "HEAD /api/v1/status HTTP/1.1" 200 889 "-" "curl/8.4.0"
84.112.216.57 - - [05/Jul/2026:17:27:58 +0000] "HEAD /api/v1/status HTTP/1.1" 302 0 "-" "Go-http-client/2.0"
84.112.141.113 - - [05/Jul/2026:17:28:20 +0000] "POST /favicon.ico HTTP/1.1" 204 0 "-" "Python-urllib/3.12"
84.112.185.225 - - [05/Jul/2026:17:28:26 +0000] "POST /api/v1/status HTTP/1.1" 200 355 "-" "curl/8.4.0"
84.112.237.239 - - [05/Jul/2026:17:28:41 +0000] "POST /robots.txt HTTP/1.1" 302 0 "-" "Python-urllib/3.12"
84.112.237.124 - - [05/Jul/2026:17:28:56 +0000] "GET /robots.txt HTTP/1.1" 302 0 "-" "curl/8.4.0"
84.112.185.225 - - [05/Jul/2026:17:29:25 +0000] "GET /about HTTP/1.1" 302 0 "-" "Mozilla/5.0 (X11; Linux x86_64) AppleWebKit/537.36"
84.112.141.113 - - [05/Jul/2026:17:29:55 +0000] "GET /favicon.ico HTTP/1.1" 200 4093 "-" "curl/8.4.0"
84.112.216.57 - - [05/Jul/2026:17:30:08 +0000] "POST /static/js/bundle.js HTTP/1.1" 302 0 "-" "Go-http-client/2.0"
84.112.237.239 - - [05/Jul/2026:17:30:18 +0000] "POST /api/v1/status HTTP/1.1" 200 1896 "-" "Python-urllib/3.12"
84.112.185.225 - - [05/Jul/2026:17:30:43 +0000] "HEAD /category/electronics HTTP/1.1" 200 999 "-" "Mozilla/5.0 (Windows NT 10.0; Win64; x64) AppleWebKit/537.36"
84.112.237.239 - - [05/Jul/2026:17:31:10 +0000] "GET /static/js/bundle.js HTTP/1.1" 200 2985 "-" "Mozilla/5.0 (Macintosh; Intel Mac OS X 10_15_7) AppleWebKit/537.36"
84.112.114.59 - - [05/Jul/2026:17:31:24 +0000] "POST /favicon.ico HTTP/1.1" 204 0 "-" "Go-http-client/2.0"
84.112.177.148 - - [05/Jul/2026:17:31:50 +0000] "POST /favicon.ico HTTP/1.1" 200 5297 "-" "Mozilla/5.0 (X11; Linux x86_64) AppleWebKit/537.36"
84.112.216.57 - - [05/Jul/2026:17:31:57 +0000] "GET /cart/ HTTP/1.1" 200 3017 "-" "curl/8.4.0"
84.112.43.73 - - [05/Jul/2026:17:32:24 +0000] "GET /category/electronics HTTP/1.1" 302 0 "-" "Mozilla/5.0 (X11; Linux x86_64) AppleWebKit/537.36"
84.112.237.124 - - [05/Jul/2026:17:32:37 +0000] "HEAD /favicon.ico HTTP/1.1" 200 220 "-" "Mozilla/5.0 (X11; Linux x86_64) AppleWebKit/537.36"
84.112.43.73 - - [05/Jul/2026:17:32:42 +0000] "POST /contact HTTP/1.1" 204 0 "-" "Python-urllib/3.12"
84.112.177.148 - - [05/Jul/2026:17:33:09 +0000] "HEAD /static/js/bundle.js HTTP/1.1" 200 1416 "-" "Mozilla/5.0 (Macintosh; Intel Mac OS X 10_15_7) AppleWebKit/537.36"
84.112.141.113 - - [05/Jul/2026:17:33:32 +0000] "POST /robots.txt HTTP/1.1" 302 0 "-" "Mozilla/5.0 (Windows NT 10.0; Win64; x64) AppleWebKit/537.36"
84.112.245.39 - - [05/Jul/2026:17:34:02 +0000] "POST /static/js/bundle.js HTTP/1.1" 404 6813 "-" "curl/8.4.0"
84.112.237.239 - - [05/Jul/2026:17:34:12 +0000] "GET /static/js/bundle.js HTTP/1.1" 404 1937 "-" "Mozilla/5.0 (Macintosh; Intel Mac OS X 10_15_7) AppleWebKit/537.36"
84.112.16.115 - - [05/Jul/2026:17:34:18 +0000] "HEAD /api/v1/status HTTP/1.1" 200 7963 "-" "curl/8.4.0"
84.112.237.239 - - [05/Jul/2026:17:34:30 +0000] "POST /favicon.ico HTTP/1.1" 302 0 "-" "Mozilla/5.0 (X11; Linux x86_64) AppleWebKit/537.36"
84.112.155.159 - - [05/Jul/2026:17:34:36 +0000] "HEAD /category/electronics HTTP/1.1" 302 0 "-" "Go-http-client/2.0"
84.112.80.111 - - [05/Jul/2026:17:34:46 +0000] "POST /contact HTTP/1.1" 200 5195 "-" "Mozilla/5.0 (Macintosh; Intel Mac OS X 10_15_7) AppleWebKit/537.36"
84.112.237.124 - - [05/Jul/2026:17:34:54 +0000] "HEAD /about HTTP/1.1" 301 5433 "-" "curl/8.4.0"
84.112.245.39 - - [05/Jul/2026:17:35:10 +0000] "GET /products/ HTTP/1.1" 404 7152 "-" "curl/8.4.0"
84.112.80.111 - - [05/Jul/2026:17:35:24 +0000] "POST /robots.txt HTTP/1.1" 200 2506 "-" "Mozilla/5.0 (Macintosh; Intel Mac OS X 10_15_7) AppleWebKit/537.36"
84.112.43.73 - - [05/Jul/2026:17:35:31 +0000] "GET /about HTTP/1.1" 200 7451 "-" "curl/8.4.0"
84.112.237.124 - - [05/Jul/2026:17:36:00 +0000] "HEAD /robots.txt HTTP/1.1" 404 1510 "-" "Python-urllib/3.12"
84.112.216.57 - - [05/Jul/2026:17:36:19 +0000] "GET /about HTTP/1.1" 404 4928 "-" "Go-http-client/2.0"
84.112.114.59 - - [05/Jul/2026:17:36:44 +0000] "POST /static/js/bundle.js HTTP/1.1" 200 3259 "-" "Mozilla/5.0 (X11; Linux x86_64) AppleWebKit/537.36"
84.112.216.57 - - [05/Jul/2026:17:37:06 +0000] "HEAD /static/js/bundle.js HTTP/1.1" 302 0 "-" "Mozilla/5.0 (Windows NT 10.0; Win64; x64) AppleWebKit/537.36"
84.112.80.111 - - [05/Jul/2026:17:37:26 +0000] "HEAD /products/ HTTP/1.1" 404 1115 "-" "Mozilla/5.0 (Windows NT 10.0; Win64; x64) AppleWebKit/537.36"
84.112.216.57 - - [05/Jul/2026:17:37:50 +0000] "GET /products/ HTTP/1.1" 200 5509 "-" "Go-http-client/2.0"
84.112.16.115 - - [05/Jul/2026:17:38:15 +0000] "GET /favicon.ico HTTP/1.1" 301 3880 "-" "curl/8.4.0"
84.112.237.124 - - [05/Jul/2026:17:38:43 +0000] "HEAD /static/js/bundle.js HTTP/1.1" 200 3879 "-" "curl/8.4.0"
84.112.30.168 - - [05/Jul/2026:17:38:55 +0000] "GET /products/ HTTP/1.1" 302 0 "-" "Go-http-client/2.0"
84.112.43.73 - - [05/Jul/2026:17:39:25 +0000] "HEAD /cart/ HTTP/1.1" 404 6613 "-" "Python-urllib/3.12"
84.112.112.166 - - [05/Jul/2026:17:39:45 +0000] "POST /contact HTTP/1.1" 200 7082 "-" "curl/8.4.0"
84.112.245.39 - - [05/Jul/2026:17:39:55 +0000] "POST /api/v1/status HTTP/1.1" 404 6009 "-" "curl/8.4.0"
84.112.237.239 - - [05/Jul/2026:17:40:08 +0000] "GET /contact HTTP/1.1" 200 6044 "-" "Go-http-client/2.0"
84.112.177.148 - - [05/Jul/2026:17:40:15 +0000] "HEAD /about HTTP/1.1" 204 0 "-" "Go-http-client/2.0"
84.112.237.124 - - [05/Jul/2026:17:40:45 +0000] "GET /products/ HTTP/1.1" 404 5371 "-" "Mozilla/5.0 (Macintosh; Intel Mac OS X 10_15_7) AppleWebKit/537.36"
84.112.141.113 - - [05/Jul/2026:17:41:10 +0000] "GET /static/js/bundle.js HTTP/1.1" 301 7599 "-" "Mozilla/5.0 (X11; Linux x86_64) AppleWebKit/537.36"
84.112.245.39 - - [05/Jul/2026:17:41:31 +0000] "HEAD /favicon.ico HTTP/1.1" 302 0 "-" "Mozilla/5.0 (X11; Linux x86_64) AppleWebKit/537.36"
84.112.170.205 - - [05/Jul/2026:17:41:54 +0000] "POST /contact HTTP/1.1" 301 2659 "-" "Go-http-client/2.0"
84.112.28.112 - - [05/Jul/2026:17:42:18 +0000] "POST /category/electronics HTTP/1.1" 204 0 "-" "Mozilla/5.0 (X11; Linux x86_64) AppleWebKit/537.36"
84.112.47.110 - - [05/Jul/2026:17:42:45 +0000] "POST /cart/ HTTP/1.1" 200 7483 "-" "Go-http-client/2.0"
84.112.245.39 - - [05/Jul/2026:17:42:54 +0000] "POST /about HTTP/1.1" 200 1587 "-" "Go-http-client/2.0"
84.112.237.124 - - [05/Jul/2026:17:43:18 +0000] "HEAD /favicon.ico HTTP/1.1" 404 4259 "-" "Mozilla/5.0 (Macintosh; Intel Mac OS X 10_15_7) AppleWebKit/537.36"
84.112.47.110 - - [05/Jul/2026:17:43:31 +0000] "GET /contact HTTP/1.1" 404 3829 "-" "Mozilla/5.0 (X11; Linux x86_64) AppleWebKit/537.36"
84.112.114.59 - - [05/Jul/2026:17:43:50 +0000] "HEAD /about HTTP/1.1" 200 1810 "-" "Mozilla/5.0 (Macintosh; Intel Mac OS X 10_15_7) AppleWebKit/537.36"
84.112.237.124 - - [05/Jul/2026:17:43:58 +0000] "POST /products/ HTTP/1.1" 204 0 "-" "Mozilla/5.0 (Macintosh; Intel Mac OS X 10_15_7) AppleWebKit/537.36"
84.112.16.115 - - [05/Jul/2026:17:44:21 +0000] "GET /contact HTTP/1.1" 302 0 "-" "Mozilla/5.0 (X11; Linux x86_64) AppleWebKit/537.36"
84.112.170.205 - - [05/Jul/2026:17:44:27 +0000] "HEAD /about HTTP/1.1" 200 2507 "-" "Mozilla/5.0 (Windows NT 10.0; Win64; x64) AppleWebKit/537.36"
84.112.43.73 - - [05/Jul/2026:17:44:33 +0000] "GET /static/js/bundle.js HTTP/1.1" 200 2999 "-" "Mozilla/5.0 (Windows NT 10.0; Win64; x64) AppleWebKit/537.36"
84.112.226.75 - - [05/Jul/2026:17:44:38 +0000] "HEAD /contact HTTP/1.1" 204 0 "-" "Python-urllib/3.12"
84.112.216.57 - - [05/Jul/2026:17:44:56 +0000] "GET /products/ HTTP/1.1" 200 8441 "-" "Go-http-client/2.0"
84.112.237.124 - - [05/Jul/2026:17:45:20 +0000] "HEAD /robots.txt HTTP/1.1" 404 6448 "-" "Mozilla/5.0 (Windows NT 10.0; Win64; x64) AppleWebKit/537.36"
84.112.237.124 - - [05/Jul/2026:17:45:25 +0000] "GET /api/v1/status HTTP/1.1" 200 6225 "-" "Python-urllib/3.12"
84.112.226.75 - - [05/Jul/2026:17:45:55 +0000] "POST /products/ HTTP/1.1" 404 3974 "-" "Mozilla/5.0 (X11; Linux x86_64) AppleWebKit/537.36"
84.112.185.225 - - [05/Jul/2026:17:46:09 +0000] "HEAD /about HTTP/1.1" 404 1513 "-" "Mozilla/5.0 (X11; Linux x86_64) AppleWebKit/537.36"
84.112.28.112 - - [05/Jul/2026:17:46:30 +0000] "POST /api/v1/status HTTP/1.1" 204 0 "-" "Mozilla/5.0 (X11; Linux x86_64) AppleWebKit/537.36"
84.112.47.110 - - [05/Jul/2026:17:46:55 +0000] "GET /category/electronics HTTP/1.1" 200 6815 "-" "Mozilla/5.0 (X11; Linux x86_64) AppleWebKit/537.36"
84.112.43.73 - - [05/Jul/2026:17:47:10 +0000] "GET /products/ HTTP/1.1" 200 396 "-" "Python-urllib/3.12"
84.112.216.57 - - [05/Jul/2026:17:47:39 +0000] "GET /products/ HTTP/1.1" 200 4690 "-" "curl/8.4.0"
84.112.170.205 - - [05/Jul/2026:17:48:07 +0000] "POST /robots.txt HTTP/1.1" 302 0 "-" "Mozilla/5.0 (Windows NT 10.0; Win64; x64) AppleWebKit/537.36"
84.112.62.21 - - [05/Jul/2026:17:48:22 +0000] "HEAD /products/ HTTP/1.1" 204 0 "-" "Python-urllib/3.12"
