84.112.43.73 - - [05/Jul/2026:06:22:27 +0000] "GET /api/v1/status HTTP/1.1" 200 3777 "-" "Mozilla/5.0 (Macintosh; Intel Mac OS X 10_15_7) AppleWebKit/537.36"
84.112.43.73 - - [05/Jul/2026:06:22:40 +0000] "HEAD /contact HTTP/1.1" 200 7032 "-" "Mozilla/5.0 (Windows NT 10.0; Win64; x64) AppleWebKit/537.36"
84.112.226.75 - - [05/Jul/2026:06:22:42 +0000] "GET /about HTTP/1.1" 301 554 "-" "Mozilla/5.0 (X11; Linux x86_64) AppleWebKit/537.36"
84.112.237.124 - - [05/Jul/2026:06:22:47 +0000] "POST /about HTTP/1.1" 204 0 "-" "Mozilla/5.0 (X11; Linux x86_64) AppleWebKit/537.36"
84.112.62.21 - - [05/Jul/2026:06:22:53 +0000] "GET /favicon.ico HTTP/1.1" 200 4672 "-" "Mozilla/5.0 (Macintosh; Intel Mac OS X 10_15_7) AppleWebKit/537.36"
84.112.185.225 - - [05/Jul/2026:06:22:58 +0000] "GET /cart/ HTTP/1.1" 204 0 "-" "Mozilla/5.0 (Windows NT 10.0; Win64; x64) AppleWebKit/537.36"
84.112.80.111 - - [05/Jul/2026:06:23:05 +0000] "HEAD /api/v1/status HTTP/1.1" 302 0 "-" "Mozilla/5.0 (Windows NT 10.0; Win64; x64) AppleWebKit/537.36"
84.112.155.159 - - [05/Jul/2026:06:23:18 +0000] "HEAD /cart/ HTTP/1.1" 204 0 "-" "Mozilla/5.0 (Windows NT 10.0; Win64; x64) AppleWebKit/537.36"
84.112.30.168 - - [05/Jul/2026:06:23:28 +0000] "HEAD /category/electronics HTTP/1.1" 301 3270 "-" "Go-http-client/2.0"
84.112.28.112 - - [05/Jul/2026:06:23:31 +0000] "HEAD /about HTTP/1.1" 302 0 "-" "curl/8.4.0"
84.112.15.189 - - [05/Jul/2026:06:23:34 +0000] "GET /favicon.ico HTTP/1.1" 200 7548 "-" "Go-http-client/2.0"
84.112.80.111 - - [05/Jul/2026:06:23:49 +0000] "GET /category/electronics HTTP/1.1" 200 3552 "-" "Go-http-client/2.0"
84.112.226.75 - - [05/Jul/2026:06:23:55 +0000] "HEAD /static/js/bundle.js HTTP/1.1" 301 4130 "-" "Mozilla/5.0 (Macintosh; Intel Mac OS X 10_15_7) AppleWebKit/537.36"
84.112.216.57 - - [05/Jul/2026:06:24:04 +0000] "POST /contact HTTP/1.1" 200 5433 "-" "Mozilla/5.0 (Windows NT 10.0; Win64; x64) AppleWebKit/537.36"
84.112.28.112 - - [05/Jul/2026:06:24:09 +0000] "POST /favicon.ico HTTP/1.1" 200 1204 "-" "Mozilla/5.0 (Macintosh; Intel Mac OS X 10_15_7) AppleWebKit/537.36"
84.112.185.225 - - [05/Jul/2026:06:24:20 +0000] "GET /robots.txt HTTP/1.1" 204 0 "-" "Go-http-client/2.0"
84.112.47.110 - - [05/Jul/2026:06:24:29 +0000] "POST /static/js/bundle.js HTTP/1.1" 200 4424 "-" "Go-http-client/2.0"
84.112.237.239 - - [05/Jul/2026:06:24:40 +0000] "HEAD /favicon.ico HTTP/1.1" 200 3713 "-" "Mozilla/5.0 (Macintosh; Intel Mac OS X 10_15_7) AppleWebKit/537.36"
84.112.177.148 - - [05/Jul/2026:06:24:50 +0000] "GET /products/ HTTP/1.1" 302 0 "-" "Mozilla/5.0 (Windows NT 10.0; Win64; x64) AppleWebKit/537.36"
84.112.114.59 - - [05/Jul/2026:06:24:54 +0000] "HEAD /favicon.ico HTTP/1.1" 301 1160 "-" "Python-urllib/3.12"
84.112.141.113 - - [05/Jul/2026:06:25:02 +0000] "POST /contact HTTP/1.1" 200 308 "-" "Go-http-client/2.0"
84.112.43.73 - - [05/Jul/2026:06:25:15 +0000] "HEAD /contact HTTP/1.1" 302 0 "-" "curl/8.4.0"
84.112.185.225 - - [05/Jul/2026:06:25:29 +0000] "GET /api/v1/status HTTP/1.1" 204 0 "-" "Mozilla/5.0 (Macintosh; Intel Mac OS X 10_15_7) AppleWebKit/537.36"
84.112.62.21 - - [05/Jul/2026:06:25:38 +0000] "HEAD /api/v1/status HTTP/1.1" 301 3047 "-" "Mozilla/5.0 (X11; Linux x86_64) AppleWebKit/537.36"
84.112.30.168 - - [05/Jul/2026:06:25:41 +0000] "HEAD /contact HTTP/1.1" 301 3378 "-" "Mozilla/5.0 (Macintosh; Intel Mac OS X 10_15_7) AppleWebKit/537.36"
84.112.114.59 - - [05/Jul/2026:06:25:48 +0000] "HEAD /contact HTTP/1.1" 200 5430 "-" "Python-urllib/3.12"
84.112.43.73 - - [05/Jul/2026:06:25:50 +0000] "POST /api/v1/status HTTP/1.1" 200 1069 "-" "Mozilla/5.0 (Macintosh; Intel Mac OS X 10_15_7) AppleWebKit/537.36"
84.112.226.75 - - [05/Jul/2026:06:26:01 +0000] "GET /robots.txt HTTP/1.1" 302 0 "-" "Mozilla/5.0 (Windows NT 10.0; Win64; x64) AppleWebKit/537.36"
84.112.237.124 - - [05/Jul/2026:06:26:15 +0000] "GET /static/js/bundle.js HTTP/1.1" 404 7907 "-" "Mozilla/5.0 (X11; Linux x86_64) AppleWebKit/537.36"
84.112.245.39 - - [05/Jul/2026:06:26:19 +0000] "HEAD /favicon.ico HTTP/1.1" 200 3415 "-" "Go-http-client/2.0"
84.112.216.57 - - [05/Jul/2026:06:26:25 +0000] "HEAD /category/electronics HTTP/1.1" 204 0 "-" "Mozilla/5.0 (X11; Linux x86_64) AppleWebKit/537.36"
84.112.43.73 - - [05/Jul/2026:06:26:34 +0000] "GET /about HTTP/1.1" 200 5659 "-" "Mozilla/5.0 (Windows NT 10.0; Win64; x64) AppleWebKit/537.36"
84.112.237.124 - - [05/Jul/2026:06:26:45 +0000] "GET /about HTTP/1.1" 200 1283 "-" "Go-http-client/2.0"
84.112.28.112 - - [05/Jul/2026:06:26:57 +0000] "GET /cart/ HTTP/1.1" 200 5533 "-" "Mozilla/5.0 (Windows NT 10.0; Win64; x64) AppleWebKit/537.36"
84.112.15.189 - - [05/Jul/2026:06:27:07 +0000] "POST /robots.txt HTTP/1.1" 200 2287 "-" "Go-http-client/2.0"
84.112.170.205 - - [05/Jul/2026:06:27:18 +0000] "POST /about HTTP/1.1" 302 0 "-" "Python-urllib/3.12"
84.112.237.239 - - [05/Jul/2026:06:27:32 +0000] "GET /cart/ HTTP/1.1" 200 7182 "-" "curl/8.4.0"
84.112.237.239 - - [05/Jul/2026:06:27:40 +0000] "POST /products/ HTTP/1.1" 404 1732 "-" "Mozilla/5.0 (Windows NT 10.0; Win64; x64) AppleWebKit/537.36"
84.112.185.225 - - [05/Jul/2026:06:27:48 +0000] "GET /about HTTP/1.1" 200 3236 "-" "Mozilla/5.0 (X11; Linux x86_64) AppleWebKit/537.36"
84.112.47.110 - - [05/Jul/2026:06:27:57 +0000] "POST /static/js/bundle.js HTTP/1.1" 200 7699 "-" "Mozilla/5.0 (Macintosh; Intel Mac OS X 10_15_7) AppleWebKit/537.36"
84.112.226.75 - - [05/Jul/2026:06:28:12 +0000] "POST /contact HTTP/1.1" 200 948 "-" "Go-http-client/2.0"
84.112.62.21 - - [05/Jul/2026:06:28:22 +0000] "GET /about HTTP/1.1" 200 6778 "-" "Python-urllib/3.12"
84.112.16.115 - - [05/Jul/2026:06:28:31 +0000] "POST /products/ HTTP/1.1" 200 6329 "-" "Mozilla/5.0 (Windows NT 10.0; Win64; x64) AppleWebKit/537.36"
84.112.245.39 - - [05/Jul/2026:06:28:39 +0000] "POST /api/v1/status HTTP/1.1" 204 0 "-" "Go-http-client/2.0"
84.112.237.124 - - [05/Jul/2026:06:28:52 +0000] "HEAD /robots.txt HTTP/1.1" 200 3231 "-" "curl/8.4.0"
84.112.28.112 - - [05/Jul/2026:06:28:57 +0000] "HEAD /contact HTTP/1.1" 200 5258 "-" "Mozilla/5.0 (Windows NT 10.0; Win64; x64) AppleWebKit/537.36"
84.112.170.205 - - [05/Jul/2026:06:28:59 +0000] "POST /contact HTTP/1.1" 302 0 "-" "Mozilla/5.0 (X11; Linux x86_64) AppleWebKit/537.36"
84.112.28.112 - - [05/Jul/2026:06:29:03 +0000] "HEAD /cart/ HTTP/1.1" 302 0 "-" "Mozilla/5.0 (Macintosh; Intel Mac OS X 10_15_7) AppleWebKit/537.36"
84.112.141.113 - - [05/Jul/2026:06:29:06 +0000] "GET /about HTTP/1.1" 204 0 "-" "Mozilla/5.0 (Windows NT 10.0; Win64; x64) AppleWebKit/537.36"
84.112.15.189 - - [05/Jul/2026:06:29:17 +0000] "HEAD /products/ HTTP/1.1" 301 1463 "-" "Python-urllib/3.12"
84.112.170.205 - - [05/Jul/2026:06:29:29 +0000] "HEAD /contact HTTP/1.1" 200 4392 "-" "Mozilla/5.0 (Macintosh; Intel Mac OS X 10_15_7) AppleWebKit/537.36"
84.112.185.225 - - [05/Jul/2026:06:29:41 +0000] "GET /api/v1/status HTTP/1.1" 204 0 "-" "Mozilla/5.0 (Macintosh; Intel Mac OS X 10_15_7) AppleWebKit/537.36"
84.112.30.168 - - [05/Jul/2026:06:29:53 +0000] "POST /category/electronics HTTP/1.1" 302 0 "-" "Mozilla/5.0 (Windows NT 10.0; Win64; x64) AppleWebKit/537.36"
84.112.155.159 - - [05/Jul/2026:06:29:55 +0000] "HEAD /cart/ HTTP/1.1" 200 3612 "-" "Mozilla/5.0 (X11; Linux x86_64) AppleWebKit/537.36"
84.112.47.110 - - [05/Jul/2026:06:30:01 +0000] "POST /cart/ HTTP/1.1" 200 6174 "-" "curl/8.4.0"
84.112.155.159 - - [05/Jul/2026:06:30:05 +0000] "HEAD /api/v1/status HTTP/1.1" 301 248 "-" "Go-http-client/2.0"
84.112.237.124 - - [05/Jul/2026:06:30:20 +0000] "POST /cart/ HTTP/1.1" 200 4453 "-" "Mozilla/5.0 (Windows NT 10.0; Win64; x64) AppleWebKit/537.36"
84.112.237.124 - - [05/Jul/2026:06:30:23 +0000] "GET /api/v1/status HTTP/1.1" 200 3570 "-" "Go-http-client/2.0"
84.112.16.115 - - [05/Jul/2026:06:30:30 +0000] "HEAD /api/v1/status HTTP/1.1" 301 8124 "-" "curl/8.4.0"
84.112.28.112 - - [05/Jul/2026:06:30:45 +0000] "GET /favicon.ico HTTP/1.1" 302 0 "-" "curl/8.4.0"
84.112.62.21 - - [05/Jul/2026:06:30:47 +0000] "POST /static/js/bundle.js HTTP/1.1" 404 4411 "-" "Mozilla/5.0 (Macintosh; Intel Mac OS X 10_15_7) AppleWebKit/537.36"
84.112.155.159 - - [05/Jul/2026:06:31:00 +0000] "HEAD /favicon.ico HTTP/1.1" 301 278 "-" "Mozilla/5.0 (Windows NT 10.0; Win64; x64) AppleWebKit/537.36"
84.112.47.110 - - [05/Jul/2026:06:31:03 +0000] "HEAD /products/ HTTP/1.1" 302 0 "-" "curl/8.4.0"
84.112.237.124 - - [05/Jul/2026:06:31:14 +0000] "GET /favicon.ico HTTP/1.1" 200 805 "-" "curl/8.4.0"
84.112.28.112 - - [05/Jul/2026:06:31:21 +0000] "POST /about HTTP/1.1" 404 4208 "-" "Go-http-client/2.0"
84.112.80.111 - - [05/Jul/2026:06:31:24 +0000] "HEAD /favicon.ico HTTP/1.1" 301 2652 "-" "Mozilla/5.0 (Macintosh; Intel Mac OS X 10_15_7) AppleWebKit/537.36"
84.112.114.59 - - [05/Jul/2026:06:31:39 +0000] "GET /favicon.ico HTTP/1.1" 200 3058 "-" "Go-http-client/2.0"
84.112.237.239 - - [05/Jul/2026:06:31:46 +0000] "HEAD /about HTTP/1.1" 200 2728 "-" "Go-http-client/2.0"
84.112.216.57 - - [05/Jul/2026:06:31:49 +0000] "GET /robots.txt HTTP/1.1" 200 3389 "-" "Python-urllib/3.12"
84.112.30.168 - - [05/Jul/2026:06:31:56 +0000] "GET /about HTTP/1.1" 200 3284 "-" "Python-urllib/3.12"
84.112.245.39 - - [05/Jul/2026:06:32:03 +0000] "GET /api/v1/status HTTP/1.1" 200 8466 "-" "Python-urllib/3.12"
84.112.237.124 - - [05/Jul/2026:06:32:15 +0000] "POST /products/ HTTP/1.1" 200 4399 "-" "Mozilla/5.0 (Macintosh; Intel Mac OS X 10_15_7) AppleWebKit/537.36"
84.112.245.39 - - [05/Jul/2026:06:32:26 +0000] "GET /cart/ HTTP/1.1" 301 7239 "-" "curl/8.4.0"
84.112.185.225 - - [05/Jul/2026:06:32:39 +0000] "POST /contact HTTP/1.1" 200 6431 "-" "Mozilla/5.0 (X11; Linux x86_64) AppleWebKit/537.36"
84.112.245.39 - - [05/Jul/2026:06:32:44 +0000] "GET /favicon.ico HTTP/1.1" 200 3348 "-" "curl/8.4.0"
84.112.226.75 - - [05/Jul/2026:06:32:52 +0000] "HEAD /category/electronics HTTP/1.1" 301 5263 "-" "Go-http-client/2.0"
84.112.43.73 - - [05/Jul/2026:06:33:07 +0000] "HEAD /api/v1/status HTTP/1.1" 301 5187 "-" "Go-http-client/2.0"
84.112.185.225 - - [05/Jul/2026:06:33:15 +0000] "POST /api/v1/status HTTP/1.1" 301 2205 "-" "Mozilla/5.0 (Macintosh; Intel Mac OS X 10_15_7) AppleWebKit/537.36"
84.112.216.57 - - [05/Jul/2026:06:33:23 +0000] "HEAD /static/js/bundle.js HTTP/1.1" 301 5050 "-" "Python-urllib/3.12"
84.112.62.21 - - [05/Jul/2026:06:33:33 +0000] "POST /api/v1/status HTTP/1.1" 200 7163 "-" "Mozilla/5.0 (X11; Linux x86_64) AppleWebKit/537.36"
84.112.185.225 - - [05/Jul/2026:06:33:44 +0000] "POST /robots.txt HTTP/1.1" 204 0 "-" "Go-http-client/2.0"
84.112.112.166 - - [05/Jul/2026:06:33:49 +0000] "POST /static/js/bundle.js HTTP/1.1" 404 1509 "-" "curl/8.4.0"
84.112.141.113 - - [05/Jul/2026:06:33:59 +0000] "POST /cart/ HTTP/1.1" 302 0 "-" "Mozilla/5.0 (Macintosh; Intel Mac OS X 10_15_7) AppleWebKit/537.36"
84.112.30.168 - - [05/Jul/2026:06:34:11 +0000] "GET /about HTTP/1.1" 200 520 "-" "Mozilla/5.0 (Windows NT 10.0; Win64; x64) AppleWebKit/537.36"
84.112.177.148 - - [05/Jul/2026:06:34:16 +0000] "HEAD /cart/ HTTP/1.1" 204 0 "-" "Python-urllib/3.12"
84.112.170.205 - - [05/Jul/2026:06:34:28 +0000] "GET /favicon.ico HTTP/1.1" 204 0 "-" "Python-urllib/3.12"
84.112.47.110 - - [05/Jul/2026:06:34:33 +0000] "HEAD /products/ HTTP/1.1" 302 0 "-" "Mozilla/5.0 (Windows NT 10.0; Win64; x64) AppleWebKit/537.36"
84.112.237.239 - - [05/Jul/2026:06:34:47 +0000] "GET /static/js/bundle.js HTTP/1.1" 302 0 "-" "Go-http-client/2.0"
84.112.155.159 - - [05/Jul/2026:06:34:57 +0000] "GET /contact HTTP/1.1" 200 2108 "-" "Python-urllib/3.12"
84.112.155.159 - - [05/Jul/2026:06:35:01 +0000] "HEAD /contact HTTP/1.1" 301 5318 "-" "Python-urllib/3.12"
84.112.112.166 - - [05/Jul/2026:06:35:12 +0000] "POST /contact HTTP/1.1" 204 0 "-" "Mozilla/5.0 (Macintosh; Intel Mac OS X 10_15_7) AppleWebKit/537.36"
84.112.177.148 - - [05/Jul/2026:06:35:25 +0000] "POST /api/v1/status HTTP/1.1" 302 0 "-" "Mozilla/5.0 (Macintosh; Intel Mac OS X 10_15_7) AppleWebKit/537.36"
84.112.245.39 - - [05/Jul/2026:06:35:40 +0000] "HEAD /robots.txt HTTP/1.1" 404 4039 "-" "curl/8.4.0"
84.112.226.75 - - [05/Jul/2026:06:35:49 +0000] "HEAD /api/v1/status HTTP/1.1" 200 4571 "-" "curl/8.4.0"
84.112.237.124 - - [05/Jul/2026:06:35:56 +0000] "GET /static/js/bundle.js HTTP/1.1" 200 3908 "-" "Python-urllib/3.12"
84.112.47.110 - - [05/Jul/2026:06:36:09 +0000] "HEAD /about HTTP/1.1" 200 6917 "-" "Python-urllib/3.12"
84.112.237.124 - - [05/Jul/2026:06:36:16 +0000] "POST /favicon.ico HTTP/1.1" 200 3508 "-" "Python-urllib/3.12"
84.112.170.205 - - [05/Jul/2026:06:36:24 +0000] "HEAD /products/ HTTP/1.1" 302 0 "-" "Mozilla/5.0 (X11; Linux x86_64) AppleWebKit/537.36"
84.112.177.148 - - [05/Jul/2026:06:36:32 +0000] "GET /category/electronics HTTP/1.1" 200 6509 "-" "Python-urllib/3.12"
84.112.237.124 - - [05/Jul/2026:06:36:42 +0000] "HEAD /about HTTP/1.1" 204 0 "-" "Mozilla/5.0 (Macintosh; Intel Mac OS X 10_15_7) AppleWebKit/537.36"
84.112.237.239 - - [05/Jul/2026:06:36:48 +0000] "POST /products/ HTTP/1.1" 204 0 "-" "curl/8.4.0"
84.112.216.57 - - [05/Jul/2026:06:37:00 +0000] "HEAD /static/js/bundle.js HTTP/1.1" 302 0 "-" "Python-urllib/3.12"
84.112.141.113 - - [05/Jul/2026:06:37:04 +0000] "HEAD /products/ HTTP/1.1" 204 0 "-" "Mozilla/5.0 (X11; Linux x86_64) AppleWebKit/537.36"
84.112.62.21 - - [05/Jul/2026:06:37:15 +0000] "GET /favicon.ico HTTP/1.1" 200 7684 "-" "Mozilla/5.0 (Macintosh; Intel Mac OS X 10_15_7) AppleWebKit/537.36"
84.112.245.39 - - [05/Jul/2026:06:37:17 +0000] "POST /category/electronics HTTP/1.1" 200 7569 "-" "curl/8.4.0"
84.112.216.57 - - [05/Jul/2026:06:37:24 +0000] "POST /favicon.ico HTTP/1.1" 200 1461 "-" "Python-urllib/3.12"
84.112.237.124 - - [05/Jul/2026:06:37:26 +0000] "GET /category/electronics HTTP/1.1" 200 1244 "-" "Go-http-client/2.0"
84.112.62.21 - - [05/Jul/2026:06:37:28 +0000] "GET /about HTTP/1.1" 302 0 "-" "Mozilla/5.0 (Windows NT 10.0; Win64; x64) AppleWebKit/537.36"
84.112.47.110 - - [05/Jul/2026:06:37:39 +0000] "GET /static/js/bundle.js HTTP/1.1" 204 0 "-" "Go-http-client/2.0"
84.112.170.205 - - [05/Jul/2026:06:37:42 +0000] "GET /robots.txt HTTP/1.1" 404 4318 "-" "curl/8.4.0"
84.112.141.113 - - [05/Jul/2026:06:37:46 +0000] "HEAD /cart/ HTTP/1.1" 302 0 "-" "Mozilla/5.0 (Macintosh; Intel Mac OS X 10_15_7) AppleWebKit/537.36"
84.112.43.73 - - [05/Jul/2026:06:37:52 +0000] "HEAD /products/ HTTP/1.1" 200 6269 "-" "Python-urllib/3.12"
84.112.16.115 - - [05/Jul/2026:06:38:05 +0000] "GET /about HTTP/1.1" 200 5061 "-" "Go-http-client/2.0"
84.112.43.73 - - [05/Jul/2026:06:38:16 +0000] "HEAD /products/ HTTP/1.1" 200 7138 "-" "Go-http-client/2.0"
84.112.226.75 - - [05/Jul/2026:06:38:23 +0000] "HEAD /category/electronics HTTP/1.1" 200 7002 "-" "Python-urllib/3.12"
84.112.237.239 - - [05/Jul/2026:06:38:26 +0000] "POST /robots.txt HTTP/1.1" 404 2626 "-" "Python-urllib/3.12"
84.112.112.166 - - [05/Jul/2026:06:38:30 +0000] "HEAD /api/v1/status HTTP/1.1" 301 8041 "-" "Python-urllib/3.12"
84.112.170.205 - - [05/Jul/2026:06:38:38 +0000] "POST /category/electronics HTTP/1.1" 302 0 "-" "Mozilla/5.0 (Macintosh; Intel Mac OS X 10_15_7) AppleWebKit/537.36"
84.112.226.75 - - [05/Jul/2026:06:38:53 +0000] "POST /robots.txt HTTP/1.1" 200 7733 "-" "Mozilla/5.0 (X11; Linux x86_64) AppleWebKit/537.36"
84.112.216.57 - - [05/Jul/2026:06:39:04 +0000] "POST /products/ HTTP/1.1" 204 0 "-" "curl/8.4.0"
84.112.177.148 - - [05/Jul/2026:06:39:08 +0000] "GET /category/electronics HTTP/1.1" 302 0 "-" "curl/8.4.0"
84.112.245.39 - - [05/Jul/2026:06:39:15 +0000] "HEAD /api/v1/status HTTP/1.1" 301 286 "-" "Mozilla/5.0 (X11; Linux x86_64) AppleWebKit/537.36"
84.112.226.75 - - [05/Jul/2026:06:39:20 +0000] "GET /favicon.ico HTTP/1.1" 204 0 "-" "Mozilla/5.0 (X11; Linux x86_64) AppleWebKit/537.36"
84.112.15.189 - - [05/Jul/2026:06:39:34 +0000] "HEAD /robots.txt HTTP/1.1" 404 8161 "-" "Python-urllib/3.12"
84.112.62.21 - - [05/Jul/2026:06:39:48 +0000] "GET /api/v1/status HTTP/1.1" 200 6745 "-" "Go-http-client/2.0"
84.112.30.168 - - [05/Jul/2026:06:39:53 +0000] "HEAD /category/electronics HTTP/1.1" 204 0 "-" "Mozilla/5.0 (X11; Linux x86_64) AppleWebKit/537.36"
84.112.80.111 - - [05/Jul/2026:06:40:03 +0000] "POST /contact HTTP/1.1" 200 5884 "-" "Go-http-client/2.0"
84.112.245.39 - - [05/Jul/2026:06:40:12 +0000] "POST /api/v1/status HTTP/1.1" 200 2096 "-" "Go-http-client/2.0"
84.112.185.225 - - [05/Jul/2026:06:40:17 +0000] "GET /contact HTTP/1.1" 302 0 "-" "Go-http-client/2.0"
84.112.16.115 - - [05/Jul/2026:06:40:21 +0000] "GET /robots.txt HTTP/1.1" 200 4756 "-" "Mozilla/5.0 (Windows NT 10.0; Win64; x64) AppleWebKit/537.36"
84.112.16.115 - - [05/Jul/2026:06:40:36 +0000] "POST /about HTTP/1.1" 200 3059 "-" "curl/8.4.0"
84.112.237.124 - - [05/Jul/2026:06:40:38 +0000] "GET /api/v1/status HTTP/1.1" 200 1013 "-" "Mozilla/5.0 (X11; Linux x86_64) AppleWebKit/537.36"
84.112.47.110 - - [05/Jul/2026:06:40:44 +0000] "HEAD /robots.txt HTTP/1.1" 200 320 "-" "Mozilla/5.0 (X11; Linux x86_64) AppleWebKit/537.36"
84.112.177.148 - - [05/Jul/2026:06:40:50 +0000] "POST /robots.txt HTTP/1.1" 200 3140 "-" "Mozilla/5.0 (Windows NT 10.0; Win64; x64) AppleWebKit/537.36"
84.112.177.148 - - [05/Jul/2026:06:40:56 +0000] "GET /cart/ HTTP/1.1" 204 0 "-" "Python-urllib/3.12"
84.112.170.205 - - [05/Jul/2026:06:40:59 +0000] "HEAD /products/ HTTP/1.1" 200 2564 "-" "Mozilla/5.0 (X11; Linux x86_64) AppleWebKit/537.36"
84.112.226.75 - - [05/Jul/2026:06:41:05 +0000] "GET /cart/ HTTP/1.1" 301 6938 "-" "Mozilla/5.0 (X11; Linux x86_64) AppleWebKit/537.36"
84.112.141.113 - - [05/Jul/2026:06:41:16 +0000] "GET /contact HTTP/1.1" 204 0 "-" "Python-urllib/3.12"
84.112.30.168 - - [05/Jul/2026:06:41:25 +0000] "HEAD /favicon.ico HTTP/1.1" 200 1106 "-" "Mozilla/5.0 (X11; Linux x86_64) AppleWebKit/537.36"
84.112.43.73 - - [05/Jul/2026:06:41:38 +0000] "GET /about HTTP/1.1" 200 1450 "-" "Mozilla/5.0 (Macintosh; Intel Mac OS X 10_15_7) AppleWebKit/537.36"
84.112.114.59 - - [05/Jul/2026:06:41:43 +0000] "HEAD /cart/ HTTP/1.1" 200 163 "-" "Python-urllib/3.12"
84.112.141.113 - - [05/Jul/2026:06:41:52 +0000] "POST /api/v1/status HTTP/1.1" 200 3912 "-" "curl/8.4.0"
84.112.30.168 - - [05/Jul/2026:06:42:05 +0000] "HEAD /robots.txt HTTP/1.1" 200 3944 "-" "curl/8.4.0"
84.112.170.205 - - [05/Jul/2026:06:42:19 +0000] "HEAD /about HTTP/1.1" 204 0 "-" "Mozilla/5.0 (Windows NT 10.0; Win64; x64) AppleWebKit/537.36"
84.112.15.189 - - [05/Jul/2026:06:42:29 +0000] "HEAD /static/js/bundle.js HTTP/1.1" 200 2450 "-" "Mozilla/5.0 (Windows NT 10.0; Win64; x64) AppleWebKit/537.36"
84.112.114.59 - - [05/Jul/2026:06:42:31 +0000] "POST /api/v1/status HTTP/1.1" 204 0 "-" "Mozilla/5.0 (Windows NT 10.0; Win64; x64) AppleWebKit/537.36"
84.112.30.168 - - [05/Jul/2026:06:42:40 +0000] "HEAD /favicon.ico HTTP/1.1" 200 8319 "-" "Mozilla/5.0 (X11; Linux x86_64) AppleWebKit/537.36"
84.112.155.159 - - [05/Jul/2026:06:42:49 +0000] "GET /products/ HTTP/1.1" 204 0 "-" "Go-http-client/2.0"
84.112.141.113 - - [05/Jul/2026:06:42:56 +0000] "POST /products/ HTTP/1.1" 200 3870 "-" "Go-http-client/2.0"
84.112.170.205 - - [05/Jul/2026:06:43:11 +0000] "HEAD /products/ HTTP/1.1" 302 0 "-" "Go-http-client/2.0"
84.112.245.39 - - [05/Jul/2026:06:43:26 +0000] "HEAD /products/ HTTP/1.1" 302 0 "-" "Mozilla/5.0 (Macintosh; Intel Mac OS X 10_15_7) AppleWebKit/537.36"
84.112.112.166 - - [05/Jul/2026:06:43:35 +0000] "HEAD /robots.txt HTTP/1.1" 200 3093 "-" "Mozilla/5.0 (X11; Linux x86_64) AppleWebKit/537.36"
84.112.177.148 - - [05/Jul/2026:06:43:43 +0000] "GET /robots.txt HTTP/1.1" 200 6810 "-" "curl/8.4.0"
84.112.43.73 - - [05/Jul/2026:06:43:50 +0000] "GET /category/electronics HTTP/1.1" 204 0 "-" "Go-http-client/2.0"
84.112.30.168 - - [05/Jul/2026:06:43:59 +0000] "HEAD /favicon.ico HTTP/1.1" 302 0 "-" "Mozilla/5.0 (X11; Linux x86_64) AppleWebKit/537.36"
84.112.155.159 - - [05/Jul/2026:06:44:01 +0000] "GET /category/electronics HTTP/1.1" 200 5416 "-" "Mozilla/5.0 (Windows NT 10.0; Win64; x64) AppleWebKit/537.36"
84.112.216.57 - - [05/Jul/2026:06:44:15 +0000] "HEAD /products/ HTTP/1.1" 404 7689 "-" "Python-urllib/3.12"
84.112.16.115 - - [05/Jul/2026:06:44:17 +0000] "HEAD /category/electronics HTTP/1.1" 301 8287 "-" "Go-http-client/2.0"
84.112.28.112 - - [05/Jul/2026:06:44:26 +0000] "GET /api/v1/status HTTP/1.1" 301 2266 "-" "curl/8.4.0"
84.112.177.148 - - [05/Jul/2026:06:44:35 +0000] "GET /products/ HTTP/1.1" 404 4040 "-" "Go-http-client/2.0"
84.112.30.168 - - [05/Jul/2026:06:44:39 +0000] "HEAD /products/ HTTP/1.1" 301 6804 "-" "Mozilla/5.0 (Windows NT 10.0; Win64; x64) AppleWebKit/537.36"
84.112.43.73 - - [05/Jul/2026:06:44:44 +0000] "POST /cart/ HTTP/1.1" 404 2642 "-" "Python-urllib/3.12"
84.112.30.168 - - [05/Jul/2026:06:44:57 +0000] "HEAD /api/v1/status HTTP/1.1" 204 0 "-" "Python-urllib/3.12"
84.112.15.189 - - [05/Jul/2026:06:45:06 +0000] "POST /contact HTTP/1.1" 200 6404 "-" "Mozilla/5.0 (Macintosh; Intel Mac OS X 10_15_7) AppleWebKit/537.36"
84.112.112.166 - - [05/Jul/2026:06:45:17 +0000] "HEAD /static/js/bundle.js HTTP/1.1" 302 0 "-" "Mozilla/5.0 (Windows NT 10.0; Win64; x64) AppleWebKit/537.36"
84.112.237.239 - - [05/Jul/2026:06:45:23 +0000] "POST /contact HTTP/1.1" 200 162 "-" "curl/8.4.0"
84.112.30.168 - - [05/Jul/2026:06:45:36 +0000] "HEAD /robots.txt HTTP/1.1" 302 0 "-" "Mozilla/5.0 (Macintosh; Intel Mac OS X 10_15_7) AppleWebKit/537.36"
84.112.237.124 - - [05/Jul/2026:06:45:45 +0000] "POST /category/electronics HTTP/1.1" 200 6300 "-" "Python-urllib/3.12"
84.112.16.115 - - [05/Jul/2026:06:45:52 +0000] "HEAD /about HTTP/1.1" 301 6394 "-" "Mozilla/5.0 (Macintosh; Intel Mac OS X 10_15_7) AppleWebKit/537.36"
84.112.237.239 - - [05/Jul/2026:06:46:07 +0000] "GET /category/electronics HTTP/1.1" 404 7869 "-" "Go-http-client/2.0"
84.112.216.57 - - [05/Jul/2026:06:46:21 +0000] "POST /static/js/bundle.js HTTP/1.1" 204 0 "-" "Mozilla/5.0 (Windows NT 10.0; Win64; x64) AppleWebKit/537.36"
84.112.112.166 - - [05/Jul/2026:06:46:25 +0000] "HEAD /category/electronics HTTP/1.1" 302 0 "-" "Mozilla/5.0 (Windows NT 10.0; Win64; x64) AppleWebKit/537.36"
84.112.155.159 - - [05/Jul/2026:06:46:40 +0000] "GET /contact HTTP/1.1" 204 0 "-" "Mozilla/5.0 (Windows NT 10.0; Win64; x64) AppleWebKit/537.36"
84.112.47.110 - - [05/Jul/2026:06:46:53 +0000] "POST /static/js/bundle.js HTTP/1.1" 200 7812 "-" "curl/8.4.0"
84.112.141.113 - - [05/Jul/2026:06:47:00 +0000] "HEAD /favicon.ico HTTP/1.1" 404 1435 "-" "curl/8.4.0"
84.112.237.124 - - [05/Jul/2026:06:47:15 +0000] "POST /category/electronics HTTP/1.1" 404 8114 "-" "Mozilla/5.0 (X11; Linux x86_64) AppleWebKit/537.36"
84.112.141.113 - - [05/Jul/2026:06:47:17 +0000] "GET /about HTTP/1.1" 404 4828 "-" "Mozilla/5.0 (Macintosh; Intel Mac OS X 10_15_7) AppleWebKit/537.36"
84.112.226.75 - - [05/Jul/2026:06:47:30 +0000] "POST /cart/ HTTP/1.1" 302 0 "-" "Go-http-client/2.0"
84.112.43.73 - - [05/Jul/2026:06:47:43 +0000] "POST /static/js/bundle.js HTTP/1.1" 404 5026 "-" "Mozilla/5.0 (Windows NT 10.0; Win64; x64) AppleWebKit/537.36"
84.112.185.225 - - [05/Jul/2026:06:47:45 +0000] "GET /api/v1/status HTTP/1.1" 200 6261 "-" "Python-urllib/3.12"
84.112.15.189 - - [05/Jul/2026:06:47:49 +0000] "HEAD /favicon.ico HTTP/1.1" 301 3070 "-" "Mozilla/5.0 (Macintosh; Intel Mac OS X 10_15_7) AppleWebKit/537.36"
84.112.226.75 - - [05/Jul/2026:06:47:53 +0000] "HEAD /favicon.ico HTTP/1.1" 301 4065 "-" "Python-urllib/3.12"
84.112.47.110 - - [05/Jul/2026:06:48:04 +0000] "GET /robots.txt HTTP/1.1" 404 4281 "-" "Python-urllib/3.12"
84.112.62.21 - - [05/Jul/2026:06:48:10 +0000] "POST /api/v1/status HTTP/1.1" 404 2708 "-" "Mozilla/5.0 (Windows NT 10.0; Win64; x64) AppleWebKit/537.36"
84.112.80.111 - - [05/Jul/2026:06:48:19 +0000] "HEAD /api/v1/status HTTP/1.1" 404 7071 "-" "Go-http-client/2.0"
84.112.155.159 - - [05/Jul/2026:06:48:25 +0000] "POST /about HTTP/1.1" 204 0 "-" "Python-urllib/3.12"
84.112.15.189 - - [05/Jul/2026:06:48:28 +0000] "POST /category/electronics HTTP/1.1" 301 4967 "-" "Go-http-client/2.0"
84.112.62.21 - - [05/Jul/2026:06:48:34 +0000] "HEAD /favicon.ico HTTP/1.1" 200 252 "-" "Mozilla/5.0 (X11; Linux x86_64) AppleWebKit/537.36"
84.112.28.112 - - [05/Jul/2026:06:48:49 +0000] "HEAD /robots.txt HTTP/1.1" 302 0 "-" "curl/8.4.0"
84.112.15.189 - - [05/Jul/2026:06:49:03 +0000] "HEAD /category/electronics HTTP/1.1" 200 3235 "-" "Mozilla/5.0 (X11; Linux x86_64) AppleWebKit/537.36"
84.112.47.110 - - [05/Jul/2026:06:49:09 +0000] "HEAD /cart/ HTTP/1.1" 404 765 "-" "curl/8.4.0"
84.112.155.159 - - [05/Jul/2026:06:49:23 +0000] "GET /category/electronics HTTP/1.1" 404 2273 "-" "Mozilla/5.0 (Windows NT 10.0; Win64; x64) AppleWebKit/537.36"
84.112.185.225 - - [05/Jul/2026:06:49:29 +0000] "HEAD /favicon.ico HTTP/1.1" 200 3409 "-" "Mozilla/5.0 (Macintosh; Intel Mac OS X 10_15_7) AppleWebKit/537.36"
84.112.237.124 - - [05/Jul/2026:06:49:43 +0000] "POST /contact HTTP/1.1" 301 4585 "-" "Mozilla/5.0 (Macintosh; Intel Mac OS X 10_15_7) AppleWebKit/537.36"
84.112.177.148 - - [05/Jul/2026:06:49:49 +0000] "POST /category/electronics HTTP/1.1" 302 0 "-" "Mozilla/5.0 (Windows NT 10.0; Win64; x64) AppleWebKit/537.36"
84.112.226.75 - - [05/Jul/2026:06:49:58 +0000] "GET /about HTTP/1.1" 302 0 "-" "Go-http-client/2.0"
84.112.216.57 - - [05/Jul/2026:06:50:11 +0000] "HEAD /category/electronics HTTP/1.1" 200 6584 "-" "Mozilla/5.0 (Windows NT 10.0; Win64; x64) AppleWebKit/537.36"
84.112.237.124 - - [05/Jul/2026:06:50:17 +0000] "GET /robots.txt HTTP/1.1" 200 4415 "-" "Mozilla/5.0 (X11; Linux x86_64) AppleWebKit/537.36"
84.112.80.111 - - [05/Jul/2026:06:50:25 +0000] "GET /about HTTP/1.1" 204 0 "-" "Mozilla/5.0 (Windows NT 10.0; Win64; x64) AppleWebKit/537.36"
84.112.237.124 - - [05/Jul/2026:06:50:36 +0000] "POST /about HTTP/1.1" 404 1155 "-" "Go-http-client/2.0"
84.112.155.159 - - [05/Jul/2026:06:50:51 +0000] "HEAD /api/v1/status HTTP/1.1" 404 6809 "-" "Mozilla/5.0 (Windows NT 10.0; Win64; x64) AppleWebKit/537.36"
84.112.28.112 - - [05/Jul/2026:06:50:55 +0000] "GET /api/v1/status HTTP/1.1" 204 0 "-" "Mozilla/5.0 (Windows NT 10.0; Win64; x64) AppleWebKit/537.36"
84.112.15.189 - - [05/Jul/2026:06:50:58 +0000] "HEAD /static/js/bundle.js HTTP/1.1" 204 0 "-" "Python-urllib/3.12"
84.112.237.124 - - [05/Jul/2026:06:51:05 +0000] "POST /static/js/bundle.js HTTP/1.1" 204 0 "-" "Go-http-client/2.0"
84.112.177.148 - - [05/Jul/2026:06:51:08 +0000] "HEAD /favicon.ico HTTP/1.1" 200 656 "-" "Go-http-client/2.0"
84.112.16.115 - - [05/Jul/2026:06:51:15 +0000] "POST /robots.txt HTTP/1.1" 200 6062 "-" "Mozilla/5.0 (Windows NT 10.0; Win64; x64) AppleWebKit/537.36"
84.112.80.111 - - [05/Jul/2026:06:51:27 +0000] "HEAD /category/electronics HTTP/1.1" 200 6643 "-" "curl/8.4.0"
84.112.43.73 - - [05/Jul/2026:06:51:32 +0000] "POST /cart/ HTTP/1.1" 404 3595 "-" "Go-http-client/2.0"
84.112.141.113 - - [05/Jul/2026:06:51:44 +0000] "GET /products/ HTTP/1.1" 302 0 "-" "curl/8.4.0"
84.112.47.110 - - [05/Jul/2026:06:51:49 +0000] "HEAD /about HTTP/1.1" 200 3514 "-" "Mozilla/5.0 (X11; Linux x86_64) AppleWebKit/537.36"
84.112.15.189 - - [05/Jul/2026:06:51:54 +0000] "POST /static/js/bundle.js HTTP/1.1" 302 0 "-" "Mozilla/5.0 (X11; Linux x86_64) AppleWebKit/537.36"
84.112.245.39 - - [05/Jul/2026:06:51:56 +0000] "GET /static/js/bundle.js HTTP/1.1" 301 4226 "-" "Mozilla/5.0 (Macintosh; Intel Mac OS X 10_15_7) AppleWebKit/537.36"
84.112.62.21 - - [05/Jul/2026:06:51:59 +0000] "GET /products/ HTTP/1.1" 200 4018 "-" "Mozilla/5.0 (X11; Linux x86_64) AppleWebKit/537.36"
84.112.62.21 - - [05/Jul/2026:06:52:06 +0000] "GET /api/v1/status HTTP/1.1" 200 2196 "-" "Go-http-client/2.0"
84.112.112.166 - - [05/Jul/2026:06:52:14 +0000] "GET /cart/ HTTP/1.1" 204 0 "-" "Python-urllib/3.12"
84.112.80.111 - - [05/Jul/2026:06:52:28 +0000] "HEAD /cart/ HTTP/1.1" 204 0 "-" "Mozilla/5.0 (X11; Linux x86_64) AppleWebKit/537.36"
84.112.141.113 - - [05/Jul/2026:06:52:33 +0000] "GET /contact HTTP/1.1" 200 7624 "-" "Go-http-client/2.0"
84.112.28.112 - - [05/Jul/2026:06:52:35 +0000] "POST /favicon.ico HTTP/1.1" 204 0 "-" "Go-http-client/2.0"
84.112.177.148 - - [05/Jul/2026:06:52:38 +0000] "HEAD /robots.txt HTTP/1.1" 200 1443 "-" "curl/8.4.0"
84.112.47.110 - - [05/Jul/2026:06:52:49 +0000] "GET /static/js/bundle.js HTTP/1.1" 200 5447 "-" "Python-urllib/3.12"
84.112.112.166 - - [05/Jul/2026:06:53:00 +0000] "POST /robots.txt HTTP/1.1" 301 7168 "-" "Mozilla/5.0 (Windows NT 10.0; Win64; x64) AppleWebKit/537.36"
84.112.43.73 - - [05/Jul/2026:06:53:14 +0000] "HEAD /contact HTTP/1.1" 404 3642 "-" "Python-urllib/3.12"
84.112.15.189 - - [05/Jul/2026:06:53:23 +0000] "POST /category/electronics HTTP/1.1" 302 0 "-" "Python-urllib/3.12"
84.112.237.239 - - [05/Jul/2026:06:53:31 +0000] "HEAD /cart/ HTTP/1.1" 200 7112 "-" "curl/8.4.0"
84.112.245.39 - - [05/Jul/2026:06:53:43 +0000] "POST /static/js/bundle.js HTTP/1.1" 404 7890 "-" "Mozilla/5.0 (Windows NT 10.0; Win64; x64) AppleWebKit/537.36"
84.112.226.75 - - [05/Jul/2026:06:53:46 +0000] "GET /favicon.ico HTTP/1.1" 200 6225 "-" "Mozilla/5.0 (Macintosh; Intel Mac OS X 10_15_7) AppleWebKit/537.36"
84.112.28.112 - - [05/Jul/2026:06:53:56 +0000] "HEAD /contact HTTP/1.1" 301 5520 "-" "Go-http-client/2.0"
84.112.237.239 - - [05/Jul/2026:06:53:59 +0000] "POST /favicon.ico HTTP/1.1" 302 0 "-" "Go-http-client/2.0"
84.112.30.168 - - [05/Jul/2026:06:54:01 +0000] "HEAD /api/v1/status HTTP/1.1" 200 1817 "-" "Mozilla/5.0 (X11; Linux x86_64) AppleWebKit/537.36"
84.112.16.115 - - [05/Jul/2026:06:54:11 +0000] "GET /robots.txt HTTP/1.1" 200 1893 "-" "curl/8.4.0"
84.112.237.124 - - [05/Jul/2026:06:54:26 +0000] "POST /cart/ HTTP/1.1" 302 0 "-" "curl/8.4.0"
84.112.15.189 - - [05/Jul/2026:06:54:37 +0000] "POST /contact HTTP/1.1" 302 0 "-" "Mozilla/5.0 (X11; Linux x86_64) AppleWebKit/537.36"
84.112.237.124 - - [05/Jul/2026:06:54:48 +0000] "GET /api/v1/status HTTP/1.1" 200 3075 "-" "curl/8.4.0"
84.112.30.168 - - [05/Jul/2026:06:55:01 +0000] "POST /category/electronics HTTP/1.1" 200 3092 "-" "Mozilla/5.0 (Macintosh; Intel Mac OS X 10_15_7) AppleWebKit/537.36"
84.112.216.57 - - [05/Jul/2026:06:55:12 +0000] "GET /static/js/bundle.js HTTP/1.1" 404 622 "-" "Mozilla/5.0 (Windows NT 10.0; Win64; x64) AppleWebKit/537.36"
84.112.112.166 - - [05/Jul/2026:06:55:25 +0000] "GET /favicon.ico HTTP/1.1" 204 0 "-" "Python-urllib/3.12"
84.112.114.59 - - [05/Jul/2026:06:55:32 +0000] "POST /api/v1/status HTTP/1.1" 404 5434 "-" "Mozilla/5.0 (X11; Linux x86_64) AppleWebKit/537.36"
84.112.226.75 - - [05/Jul/2026:06:55:43 +0000] "GET /static/js/bundle.js HTTP/1.1" 200 935 "-" "Go-http-client/2.0"
84.112.245.39 - - [05/Jul/2026:06:55:46 +0000] "POST /favicon.ico HTTP/1.1" 204 0 "-" "Mozilla/5.0 (X11; Linux x86_64) AppleWebKit/537.36"
84.112.237.239 - - [05/Jul/2026:06:55:55 +0000] "POST /about HTTP/1.1" 302 0 "-" "Mozilla/5.0 (X11; Linux x86_64) AppleWebKit/537.36"
84.112.80.111 - - [05/Jul/2026:06:55:58 +0000] "POST /cart/ HTTP/1.1" 200 8092 "-" "Mozilla/5.0 (X11; Linux x86_64) AppleWebKit/537.36"
84.112.30.168 - - [05/Jul/2026:06:56:10 +0000] "GET /about HTTP/1.1" 204 0 "-" "Mozilla/5.0 (X11; Linux x86_64) AppleWebKit/537.36"
84.112.62.21 - - [05/Jul/2026:06:56:12 +0000] "GET /api/v1/status HTTP/1.1" 200 2368 "-" "curl/8.4.0"
84.112.185.225 - - [05/Jul/2026:06:56:18 +0000] "GET /products/ HTTP/1.1" 204 0 "-" "Go-http-client/2.0"
84.112.114.59 - - [05/Jul/2026:06:56:26 +0000] "GET /favicon.ico HTTP/1.1" 301 3890 "-" "Mozilla/5.0 (X11; Linux x86_64) AppleWebKit/537.36"
84.112.80.111 - - [05/Jul/2026:06:56:36 +0000] "GET /favicon.ico HTTP/1.1" 302 0 "-" "Go-http-client/2.0"
84.112.237.239 - - [05/Jul/2026:06:56:38 +0000] "GET /robots.txt HTTP/1.1" 200 5249 "-" "Mozilla/5.0 (X11; Linux x86_64) AppleWebKit/537.36"
84.112.170.205 - - [05/Jul/2026:06:56:46 +0000] "POST /favicon.ico HTTP/1.1" 200 2007 "-" "Python-urllib/3.12"
84.112.185.225 - - [05/Jul/2026:06:56:48 +0000] "GET /robots.txt HTTP/1.1" 302 0 "-" "Go-http-client/2.0"
84.112.226.75 - - [05/Jul/2026:06:56:55 +0000] "POST /cart/ HTTP/1.1" 200 7258 "-" "Mozilla/5.0 (X11; Linux x86_64) AppleWebKit/537.36"
84.112.112.166 - - [05/Jul/2026:06:57:03 +0000] "GET /favicon.ico HTTP/1.1" 302 0 "-" "curl/8.4.0"
84.112.185.225 - - [05/Jul/2026:06:57:16 +0000] "GET /category/electronics HTTP/1.1" 302 0 "-" "Mozilla/5.0 (Macintosh; Intel Mac OS X 10_15_7) AppleWebKit/537.36"
84.112.112.166 - - [05/Jul/2026:06:57:19 +0000] "HEAD /cart/ HTTP/1.1" 301 8475 "-" "Mozilla/5.0 (Macintosh; Intel Mac OS X 10_15_7) AppleWebKit/537.36"
84.112.80.111 - - [05/Jul/2026:06:57:33 +0000] "POST /static/js/bundle.js HTTP/1.1" 200 1804 "-" "Mozilla/5.0 (Macintosh; Intel Mac OS X 10_15_7) AppleWebKit/537.36"
84.112.16.115 - - [05/Jul/2026:06:57:39 +0000] "GET /static/js/bundle.js HTTP/1.1" 302 0 "-" "Go-http-client/2.0"
84.112.114.59 - - [05/Jul/2026:06:57:42 +0000] "HEAD /robots.txt HTTP/1.1" 204 0 "-" "Mozilla/5.0 (X11; Linux x86_64) AppleWebKit/537.36"
84.112.170.205 - - [05/Jul/2026:06:57:56 +0000] "POST /category/electronics HTTP/1.1" 302 0 "-" "Go-http-client/2.0"
84.112.47.110 - - [05/Jul/2026:06:58:03 +0000] "POST /cart/ HTTP/1.1" 204 0 "-" "Python-urllib/3.12"
84.112.30.168 - - [05/Jul/2026:06:58:15 +0000] "POST /products/ HTTP/1.1" 200 8432 "-" "Mozilla/5.0 (Windows NT 10.0; Win64; x64) AppleWebKit/537.36"
84.112.155.159 - - [05/Jul/2026:06:58:21 +0000] "POST /products/ HTTP/1.1" 200 6161 "-" "curl/8.4.0"
84.112.226.75 - - [05/Jul/2026:06:58:24 +0000] "HEAD /contact HTTP/1.1" 204 0 "-" "Python-urllib/3.12"
84.112.237.124 - - [05/Jul/2026:06:58:35 +0000] "HEAD /products/ HTTP/1.1" 204 0 "-" "Mozilla/5.0 (X11; Linux x86_64) AppleWebKit/537.36"
84.112.16.115 - - [05/Jul/2026:06:58:47 +0000] "POST /robots.txt HTTP/1.1" 301 2591 "-" "Mozilla/5.0 (Windows NT 10.0; Win64; x64) AppleWebKit/537.36"
84.112.43.73 - - [05/Jul/2026:06:58:56 +0000] "POST /cart/ HTTP/1.1" 301 2947 "-" "Mozilla/5.0 (Windows NT 10.0; Win64; x64) AppleWebKit/537.36"
84.112.155.159 - - [05/Jul/2026:06:59:01 +0000] "POST /contact HTTP/1.1" 301 2720 "-" "curl/8.4.0"
84.112.30.168 - - [05/Jul/2026:06:59:08 +0000] "POST /favicon.ico HTTP/1.1" 302 0 "-" "curl/8.4.0"
84.112.141.113 - - [05/Jul/2026:06:59:20 +0000] "GET /category/electronics HTTP/1.1" 200 5521 "-" "Mozilla/5.0 (Windows NT 10.0; Win64; x64) AppleWebKit/537.36"
84.112.216.57 - - [05/Jul/2026:06:59:30 +0000] "POST /api/v1/status HTTP/1.1" 404 2583 "-" "curl/8.4.0"
84.112.170.205 - - [05/Jul/2026:06:59:33 +0000] "HEAD /static/js/bundle.js HTTP/1.1" 200 5202 "-" "Go-http-client/2.0"
84.112.216.57 - - [05/Jul/2026:06:59:46 +0000] "GET /cart/ HTTP/1.1" 200 6291 "-" "Go-http-client/2.0"
84.112.185.225 - - [05/Jul/2026:07:00:00 +0000] "GET /contact HTTP/1.1" 200 7057 "-" "Mozilla/5.0 (X11; Linux x86_64) AppleWebKit/537.36"
84.112.62.21 - - [05/Jul/2026:07:00:07 +0000] "POST /api/v1/status HTTP/1.1" 200 3629 "-" "curl/8.4.0"
84.112.177.148 - - [05/Jul/2026:07:00:21 +0000] "GET /about HTTP/1.1" 200 2658 "-" "Mozilla/5.0 (Windows NT 10.0; Win64; x64) AppleWebKit/537.36"
84.112.43.73 - - [05/Jul/2026:07:00:27 +0000] "HEAD /contact HTTP/1.1" 302 0 "-" "Go-http-client/2.0"
84.112.28.112 - - [05/Jul/2026:07:00:37 +0000] "HEAD /category/electronics HTTP/1.1" 302 0 "-" "Mozilla/5.0 (X11; Linux x86_64) AppleWebKit/537.36"
84.112.141.113 - - [05/Jul/2026:07:00:41 +0000] "POST /static/js/bundle.js HTTP/1.1" 200 3082 "-" "Go-http-client/2.0"
84.112.141.113 - - [05/Jul/2026:07:00:55 +0000] "GET /robots.txt HTTP/1.1" 200 6851 "-" "curl/8.4.0"
84.112.15.189 - - [05/Jul/2026:07:01:07 +0000] "POST /api/v1/status HTTP/1.1" 302 0 "-" "Go-http-client/2.0"
84.112.155.159 - - [05/Jul/2026:07:01:21 +0000] "GET /contact HTTP/1.1" 200 5190 "-" "Python-urllib/3.12"
84.112.16.115 - - [05/Jul/2026:07:01:36 +0000] "POST /robots.txt HTTP/1.1" 204 0 "-" "curl/8.4.0"
84.112.216.57 - - [05/Jul/2026:07:01:50 +0000] "HEAD /contact HTTP/1.1" 204 0 "-" "Mozilla/5.0 (Macintosh; Intel Mac OS X 10_15_7) AppleWebKit/537.36"
84.112.16.115 - - [05/Jul/2026:07:02:05 +0000] "HEAD /static/js/bundle.js HTTP/1.1" 302 0 "-" "curl/8.4.0"
84.112.177.148 - - [05/Jul/2026:07:02:07 +0000] "POST /contact HTTP/1.1" 200 2162 "-" "curl/8.4.0"
84.112.114.59 - - [05/Jul/2026:07:02:10 +0000] "POST /robots.txt HTTP/1.1" 301 2534 "-" "Python-urllib/3.12"
84.112.15.189 - - [05/Jul/2026:07:02:13 +0000] "POST /category/electronics HTTP/1.1" 200 6917 "-" "Mozilla/5.0 (Windows NT 10.0; Win64; x64) AppleWebKit/537.36"
84.112.112.166 - - [05/Jul/2026:07:02:21 +0000] "POST /about HTTP/1.1" 204 0 "-" "Mozilla/5.0 (Windows NT 10.0; Win64; x64) AppleWebKit/537.36"
84.112.15.189 - - [05/Jul/2026:07:02:28 +0000] "GET /category/electronics HTTP/1.1" 200 5613 "-" "Mozilla/5.0 (Macintosh; Intel Mac OS X 10_15_7) AppleWebKit/537.36"
84.112.28.112 - - [05/Jul/2026:07:02:32 +0000] "POST /robots.txt HTTP/1.1" 404 2393 "-" "Go-http-client/2.0"
84.112.155.159 - - [05/Jul/2026:07:02:41 +0000] "HEAD /products/ HTTP/1.1" 200 431 "-" "curl/8.4.0"
84.112.47.110 - - [05/Jul/2026:07:02:46 +0000] "HEAD /contact HTTP/1.1" 204 0 "-" "Mozilla/5.0 (Windows NT 10.0; Win64; x64) AppleWebKit/537.36"
84.112.30.168 - - [05/Jul/2026:07:03:00 +0000] "GET /api/v1/status HTTP/1.1" 200 902 "-" "Mozilla/5.0 (Macintosh; Intel Mac OS X 10_15_7) AppleWebKit/537.36"
84.112.141.113 - - [05/Jul/2026:07:03:08 +0000] "POST /cart/ HTTP/1.1" 200 8309 "-" "Mozilla/5.0 (X11; Linux x86_64) AppleWebKit/537.36"
84.112.62.21 - - [05/Jul/2026:07:03:18 +0000] "HEAD /contact HTTP/1.1" 301 4083 "-" "Go-http-client/2.0"
84.112.30.168 - - [05/Jul/2026:07:03:22 +0000] "POST /products/ HTTP/1.1" 301 5900 "-" "Mozilla/5.0 (Macintosh; Intel Mac OS X 10_15_7) AppleWebKit/537.36"
84.112.237.239 - - [05/Jul/2026:07:03:33 +0000] "GET /cart/ HTTP/1.1" 301 6028 "-" "Mozilla/5.0 (Windows NT 10.0; Win64; x64) AppleWebKit/537.36"
84.112.237.124 - - [05/Jul/2026:07:03:43 +0000] "HEAD /contact HTTP/1.1" 301 453 "-" "Python-urllib/3.12"
84.112.177.148 - - [05/Jul/2026:07:03:58 +0000] "GET /favicon.ico HTTP/1.1" 200 4275 "-" "Go-http-client/2.0"
84.112.80.111 - - [05/Jul/2026:07:04:00 +0000] "GET /category/electronics HTTP/1.1" 200 1818 "-" "Mozilla/5.0 (X11; Linux x86_64) AppleWebKit/537.36"
84.112.185.225 - - [05/Jul/2026:07:04:13 +0000] "GET /products/ HTTP/1.1" 200 5666 "-" "Go-http-client/2.0"
84.112.155.159 - - [05/Jul/2026:07:04:17 +0000] "HEAD /robots.txt HTTP/1.1" 404 3106 "-" "Mozilla/5.0 (Macintosh; Intel Mac OS X 10_15_7) AppleWebKit/537.36"
84.112.155.159 - - [05/Jul/2026:07:04:20 +0000] "GET /api/v1/status HTTP/1.1" 200 837 "-" "Mozilla/5.0 (Macintosh; Intel Mac OS X 10_15_7) AppleWebKit/537.36"
84.112.185.225 - - [05/Jul/2026:07:04:22 +0000] "POST /contact HTTP/1.1" 204 0 "-" "Mozilla/5.0 (X11; Linux x86_64) AppleWebKit/537.36"
84.112.245.39 - - [05/Jul/2026:07:04:31 +0000] "GET /about HTTP/1.1" 200 5968 "-" "Mozilla/5.0 (Windows NT 10.0; Win64; x64) AppleWebKit/537.36"
84.112.185.225 - - [05/Jul/2026:07:04:46 +0000] "POST /cart/ HTTP/1.1" 302 0 "-" "curl/8.4.0"
84.112.216.57 - - [05/Jul/2026:07:04:54 +0000] "HEAD /robots.txt HTTP/1.1" 204 0 "-" "curl/8.4.0"
84.112.177.148 - - [05/Jul/2026:07:04:58 +0000] "HEAD /robots.txt HTTP/1.1" 200 4489 "-" "Mozilla/5.0 (Windows NT 10.0; Win64; x64) AppleWebKit/537.36"
84.112.237.239 - - [05/Jul/2026:07:05:11 +0000] "GET /favicon.ico HTTP/1.1" 301 3076 "-" "Mozilla/5.0 (X11; Linux x86_64) AppleWebKit/537.36"
84.112.185.225 - - [05/Jul/2026:07:05:17 +0000] "GET /cart/ HTTP/1.1" 200 4963 "-" "curl/8.4.0"
84.112.141.113 - - [05/Jul/2026:07:05:26 +0000] "HEAD /favicon.ico HTTP/1.1" 200 7392 "-" "curl/8.4.0"
84.112.28.112 - - [05/Jul/2026:07:05:35 +0000] "HEAD /category/electronics HTTP/1.1" 301 7246 "-" "curl/8.4.0"
84.112.28.112 - - [05/Jul/2026:07:05:47 +0000] "GET /favicon.ico HTTP/1.1" 200 2741 "-" "Mozilla/5.0 (Windows NT 10.0; Win64; x64) AppleWebKit/537.36"
84.112.141.113 - - [05/Jul/2026:07:05:51 +0000] "HEAD /robots.txt HTTP/1.1" 200 2188 "-" "Mozilla/5.0 (Windows NT 10.0; Win64; x64) AppleWebKit/537.36"
84.112.80.111 - - [05/Jul/2026:07:05:56 +0000] "POST /favicon.ico HTTP/1.1" 301 650 "-" "Mozilla/5.0 (X11; Linux x86_64) AppleWebKit/537.36"
84.112.155.159 - - [05/Jul/2026:07:06:00 +0000] "POST /category/electronics HTTP/1.1" 204 0 "-" "Mozilla/5.0 (Windows NT 10.0; Win64; x64) AppleWebKit/537.36"
84.112.47.110 - - [05/Jul/2026:07:06:11 +0000] "HEAD /category/electronics HTTP/1.1" 204 0 "-" "curl/8.4.0"
84.112.245.39 - - [05/Jul/2026:07:06:23 +0000] "GET /cart/ HTTP/1.1" 200 3168 "-" "Python-urllib/3.12"
84.112.216.57 - - [05/Jul/2026:07:06:33 +0000] "HEAD /cart/ HTTP/1.1" 200 4384 "-" "Go-http-client/2.0"
84.112.16.115 - - [05/Jul/2026:07:06:42 +0000] "HEAD /api/v1/status HTTP/1.1" 404 8167 "-" "Mozilla/5.0 (Macintosh; Intel Mac OS X 10_15_7) AppleWebKit/537.36"
84.112.47.110 - - [05/Jul/2026:07:06:45 +0000] "GET /robots.txt HTTP/1.1" 200 7412 "-" "Mozilla/5.0 (Windows NT 10.0; Win64; x64) AppleWebKit/537.36"
84.112.185.225 - - [05/Jul/2026:07:06:59 +0000] "HEAD /category/electronics HTTP/1.1" 404 1183 "-" "Mozilla/5.0 (X11; Linux x86_64) AppleWebKit/537.36"
84.112.30.168 - - [05/Jul/2026:07:07:09 +0000] "POST /static/js/bundle.js HTTP/1.1" 404 2972 "-" "curl/8.4.0"
84.112.15.189 - - [05/Jul/2026:07:07:19 +0000] "GET /about HTTP/1.1" 302 0 "-" "Mozilla/5.0 (Macintosh; Intel Mac OS X 10_15_7) AppleWebKit/537.36"
84.112.177.148 - - [05/Jul/2026:07:07:24 +0000] "GET /category/electronics HTTP/1.1" 301 6164 "-" "Python-urllib/3.12"
84.112.237.124 - - [05/Jul/2026:07:07:38 +0000] "GET /cart/ HTTP/1.1" 200 5187 "-" "Python-urllib/3.12"
84.112.177.148 - - [05/Jul/2026:07:07:51 +0000] "HEAD /favicon.ico HTTP/1.1" 302 0 "-" "Python-urllib/3.12"
84.112.170.205 - - [05/Jul/2026:07:08:06 +0000] "GET /static/js/bundle.js HTTP/1.1" 200 1335 "-" "Python-urllib/3.12"
84.112.112.166 - - [05/Jul/2026:07:08:15 +0000] "POST /static/js/bundle.js HTTP/1.1" 302 0 "-" "Mozilla/5.0 (X11; Linux x86_64) AppleWebKit/537.36"
84.112.170.205 - - [05/Jul/2026:07:08:27 +0000] "GET /static/js/bundle.js HTTP/1.1" 204 0 "-" "Mozilla/5.0 (X11; Linux x86_64) AppleWebKit/537.36"
84.112.28.112 - - [05/Jul/2026:07:08:42 +0000] "GET /contact HTTP/1.1" 200 5102 "-" "Mozilla/5.0 (Macintosh; Intel Mac OS X 10_15_7) AppleWebKit/537.36"
84.112.185.225 - - [05/Jul/2026:07:08:46 +0000] "HEAD /about HTTP/1.1" 200 4773 "-" "Mozilla/5.0 (Windows NT 10.0; Win64; x64) AppleWebKit/537.36"
84.112.16.115 - - [05/Jul/2026:07:08:52 +0000] "HEAD /contact HTTP/1.1" 200 2170 "-" "Go-http-client/2.0"
84.112.141.113 - - [05/Jul/2026:07:08:58 +0000] "HEAD /cart/ HTTP/1.1" 301 2882 "-" "Mozilla/5.0 (X11; Linux x86_64) AppleWebKit/537.36"
84.112.47.110 - - [05/Jul/2026:07:09:09 +0000] "GET /category/electronics HTTP/1.1" 302 0 "-" "Mozilla/5.0 (X11; Linux x86_64) AppleWebKit/537.36"
84.112.62.21 - - [05/Jul/2026:07:09:11 +0000] "GET /products/ HTTP/1.1" 404 4456 "-" "Go-http-client/2.0"
84.112.170.205 - - [05/Jul/2026:07:09:16 +0000] "POST /products/ HTTP/1.1" 204 0 "-" "Go-http-client/2.0"
84.112.30.168 - - [05/Jul/2026:07:09:26 +0000] "HEAD /api/v1/status HTTP/1.1" 204 0 "-" "Mozilla/5.0 (Macintosh; Intel Mac OS X 10_15_7) AppleWebKit/537.36"
84.112.216.57 - - [05/Jul/2026:07:09:40 +0000] "POST /robots.txt HTTP/1.1" 200 1101 "-" "Mozilla/5.0 (Macintosh; Intel Mac OS X 10_15_7) AppleWebKit/537.36"
84.112.237.239 - - [05/Jul/2026:07:09:49 +0000] "POST /robots.txt HTTP/1.1" 200 5693 "-" "Mozilla/5.0 (X11; Linux x86_64) AppleWebKit/537.36"
84.112.185.225 - - [05/Jul/2026:07:09:53 +0000] "HEAD /category/electronics HTTP/1.1" 404 5778 "-" "Python-urllib/3.12"
84.112.80.111 - - [05/Jul/2026:07:09:57 +0000] "HEAD /contact HTTP/1.1" 200 5348 "-" "Mozilla/5.0 (Macintosh; Intel Mac OS X 10_15_7) AppleWebKit/537.36"
84.112.43.73 - - [05/Jul/2026:07:10:06 +0000] "POST /robots.txt HTTP/1.1" 200 2428 "-" "Mozilla/5.0 (Windows NT 10.0; Win64; x64) AppleWebKit/537.36"
84.112.30.168 - - [05/Jul/2026:07:10:08 +0000] "POST /favicon.ico HTTP/1.1" 200 2736 "-" "curl/8.4.0"
84.112.185.225 - - [05/Jul/2026:07:10:19 +0000] "GET /static/js/bundle.js HTTP/1.1" 204 0 "-" "Mozilla/5.0 (X11; Linux x86_64) AppleWebKit/537.36"
84.112.177.148 - - [05/Jul/2026:07:10:28 +0000] "POST /robots.txt HTTP/1.1" 200 1595 "-" "Python-urllib/3.12"
84.112.155.159 - - [05/Jul/2026:07:10:38 +0000] "GET /about HTTP/1.1" 301 5901 "-" "Mozilla/5.0 (Windows NT 10.0; Win64; x64) AppleWebKit/537.36"
84.112.30.168 - - [05/Jul/2026:07:10:40 +0000] "POST /robots.txt HTTP/1.1" 200 253 "-" "Mozilla/5.0 (Windows NT 10.0; Win64; x64) AppleWebKit/537.36"
84.112.47.110 - - [05/Jul/2026:07:10:48 +0000] "POST /category/electronics HTTP/1.1" 302 0 "-" "Python-urllib/3.12"
84.112.28.112 - - [05/Jul/2026:07:10:55 +0000] "POST /products/ HTTP/1.1" 301 3309 "-" "curl/8.4.0"
84.112.30.168 - - [05/Jul/2026:07:11:05 +0000] "GET /favicon.ico HTTP/1.1" 301 7498 "-" "Mozilla/5.0 (X11; Linux x86_64) AppleWebKit/537.36"
84.112.141.113 - - [05/Jul/2026:07:11:11 +0000] "HEAD /cart/ HTTP/1.1" 200 1704 "-" "Python-urllib/3.12"
84.112.185.225 - - [05/Jul/2026:07:11:18 +0000] "HEAD /category/electronics HTTP/1.1" 302 0 "-" "Mozilla/5.0 (Macintosh; Intel Mac OS X 10_15_7) AppleWebKit/537.36"
84.112.141.113 - - [05/Jul/2026:07:11:23 +0000] "HEAD /favicon.ico HTTP/1.1" 301 779 "-" "Mozilla/5.0 (Windows NT 10.0; Win64; x64) AppleWebKit/537.36"
84.112.47.110 - - [05/Jul/2026:07:11:25 +0000] "HEAD /category/electronics HTTP/1.1" 302 0 "-" "Python-urllib/3.12"
84.112.155.159 - - [05/Jul/2026:07:11:35 +0000] "GET /contact HTTP/1.1" 200 5493 "-" "Mozilla/5.0 (X11; Linux x86_64) AppleWebKit/537.36"
84.112.114.59 - - [05/Jul/2026:07:11:42 +0000] "POST /api/v1/status HTTP/1.1" 301 5631 "-" "Mozilla/5.0 (X11; Linux x86_64) AppleWebKit/537.36"
84.112.112.166 - - [05/Jul/2026:07:11:57 +0000] "HEAD /robots.txt HTTP/1.1" 404 5031 "-" "Python-urllib/3.12"
84.112.62.21 - - [05/Jul/2026:07:12:12 +0000] "POST /category/electronics HTTP/1.1" 404 1915 "-" "Python-urllib/3.12"
84.112.30.168 - - [05/Jul/2026:07:12:23 +0000] "HEAD /products/ HTTP/1.1" 301 7895 "-" "curl/8.4.0"
84.112.170.205 - - [05/Jul/2026:07:12:35 +0000] "HEAD /about HTTP/1.1" 404 961 "-" "Mozilla/5.0 (X11; Linux x86_64) AppleWebKit/537.36"
84.112.114.59 - - [05/Jul/2026:07:12:44 +0000] "HEAD /favicon.ico HTTP/1.1" 200 4088 "-" "Mozilla/5.0 (Windows NT 10.0; Win64; x64) AppleWebKit/537.36"
84.112.43.73 - - [05/Jul/2026:07:12:55 +0000] "GET /products/ HTTP/1.1" 204 0 "-" "curl/8.4.0"
84.112.47.110 - - [05/Jul/2026:07:13:03 +0000] "POST /about HTTP/1.1" 204 0 "-" "Mozilla/5.0 (X11; Linux x86_64) AppleWebKit/537.36"
84.112.141.113 - - [05/Jul/2026:07:13:17 +0000] "POST /products/ HTTP/1.1" 404 2382 "-" "Mozilla/5.0 (X11; Linux x86_64) AppleWebKit/537.36"
84.112.237.124 - - [05/Jul/2026:07:13:22 +0000] "POST /robots.txt HTTP/1.1" 301 6293 "-" "curl/8.4.0"
84.112.155.159 - - [05/Jul/2026:07:13:26 +0000] "HEAD /category/electronics HTTP/1.1" 301 5924 "-" "Go-http-client/2.0"
84.112.245.39 - - [05/Jul/2026:07:13:40 +0000] "HEAD /robots.txt HTTP/1.1" 200 4158 "-" "curl/8.4.0"
84.112.30.168 - - [05/Jul/2026:07:13:50 +0000] "GET /api/v1/status HTTP/1.1" 302 0 "-" "curl/8.4.0"
84.112.16.115 - - [05/Jul/2026:07:14:03 +0000] "HEAD /robots.txt HTTP/1.1" 200 7981 "-" "curl/8.4.0"
84.112.245.39 - - [05/Jul/2026:07:14:13 +0000] "POST /cart/ HTTP/1.1" 301 6340 "-" "Python-urllib/3.12"
84.112.80.111 - - [05/Jul/2026:07:14:28 +0000] "GET /api/v1/status HTTP/1.1" 200 4832 "-" "Go-http-client/2.0"
84.112.80.111 - - [05/Jul/2026:07:14:31 +0000] "POST /api/v1/status HTTP/1.1" 404 7969 "-" "Mozilla/5.0 (Macintosh; Intel Mac OS X 10_15_7) AppleWebKit/537.36"
84.112.237.124 - - [05/Jul/2026:07:14:36 +0000] "POST /contact HTTP/1.1" 404 4570 "-" "Mozilla/5.0 (Macintosh; Intel Mac OS X 10_15_7) AppleWebKit/537.36"
84.112.141.113 - - [05/Jul/2026:07:14:39 +0000] "HEAD /about HTTP/1.1" 200 951 "-" "Go-http-client/2.0"
84.112.15.189 - - [05/Jul/2026:07:14:49 +0000] "HEAD /about HTTP/1.1" 200 1761 "-" "Python-urllib/3.12"
84.112.177.148 - - [05/Jul/2026:07:14:56 +0000] "GET /static/js/bundle.js HTTP/1.1" 200 2707 "-" "Python-urllib/3.12"
84.112.177.148 - - [05/Jul/2026:07:15:08 +0000] "POST /about HTTP/1.1" 302 0 "-" "curl/8.4.0"
84.112.30.168 - - [05/Jul/2026:07:15:15 +0000] "HEAD /products/ HTTP/1.1" 302 0 "-" "Mozilla/5.0 (Windows NT 10.0; Win64; x64) AppleWebKit/537.36"
84.112.170.205 - - [05/Jul/2026:07:15:27 +0000] "GET /contact HTTP/1.1" 404 731 "-" "Mozilla/5.0 (Macintosh; Intel Mac OS X 10_15_7) AppleWebKit/537.36"
84.112.114.59 - - [05/Jul/2026:07:15:35 +0000] "GET /favicon.ico HTTP/1.1" 302 0 "-" "Python-urllib/3.12"
84.112.30.168 - - [05/Jul/2026:07:15:39 +0000] "GET /products/ HTTP/1.1" 200 1878 "-" "curl/8.4.0"
84.112.155.159 - - [05/Jul/2026:07:15:45 +0000] "HEAD /contact HTTP/1.1" 301 8212 "-" "Mozilla/5.0 (Macintosh; Intel Mac OS X 10_15_7) AppleWebKit/537.36"
84.112.112.166 - - [05/Jul/2026:07:16:00 +0000] "POST /api/v1/status HTTP/1.1" 200 1965 "-" "curl/8.4.0"
84.112.155.159 - - [05/Jul/2026:07:16:04 +0000] "HEAD /api/v1/status HTTP/1.1" 404 3170 "-" "Mozilla/5.0 (Windows NT 10.0; Win64; x64) AppleWebKit/537.36"
84.112.185.225 - - [05/Jul/2026:07:16:17 +0000] "POST /about HTTP/1.1" 200 6763 "-" "Python-urllib/3.12"
84.112.185.225 - - [05/Jul/2026:07:16:27 +0000] "GET /favicon.ico HTTP/1.1" 404 1682 "-" "Mozilla/5.0 (Macintosh; Intel Mac OS X 10_15_7) AppleWebKit/537.36"
84.112.177.148 - - [05/Jul/2026:07:16:31 +0000] "POST /about HTTP/1.1" 200 4392 "-" "Python-urllib/3.12"
84.112.155.159 - - [05/Jul/2026:07:16:36 +0000] "POST /category/electronics HTTP/1.1" 200 307 "-" "curl/8.4.0"
84.112.80.111 - - [05/Jul/2026:07:16:48 +0000] "HEAD /about HTTP/1.1" 200 2056 "-" "Python-urllib/3.12"
84.112.114.59 - - [05/Jul/2026:07:16:54 +0000] "POST /contact HTTP/1.1" 404 5215 "-" "Go-http-client/2.0"
84.112.30.168 - - [05/Jul/2026:07:16:57 +0000] "POST /about HTTP/1.1" 200 2308 "-" "Python-urllib/3.12"
84.112.155.159 - - [05/Jul/2026:07:17:01 +0000] "HEAD /category/electronics HTTP/1.1" 204 0 "-" "Go-http-client/2.0"
84.112.177.148 - - [05/Jul/2026:07:17:11 +0000] "HEAD /about HTTP/1.1" 302 0 "-" "Mozilla/5.0 (Macintosh; Intel Mac OS X 10_15_7) AppleWebKit/537.36"
84.112.141.113 - - [05/Jul/2026:07:17:23 +0000] "GET /contact HTTP/1.1" 204 0 "-" "Mozilla/5.0 (X11; Linux x86_64) AppleWebKit/537.36"
