84.112.43.73 - - [05/Jul/2026:10:59:59 +0000] "GET /robots.txt HTTP/1.1" 200 1925 "-" "Mozilla/5.0 (Macintosh; Intel Mac OS X 10_15_7) AppleWebKit/537.36"
84.112.155.159 - - [05/Jul/2026:11:00:01 +0000] "GET /api/v1/status HTTP/1.1" 200 7922 "-" "Go-http-client/2.0"
84.112.155.159 - - [05/Jul/2026:11:00:11 +0000] "POST /api/v1/status HTTP/1.1" 200 1497 "-" "curl/8.4.0"
84.112.16.115 - - [05/Jul/2026:11:00:19 +0000] "GET /favicon.ico HTTP/1.1" 301 7179 "-" "Mozilla/5.0 (X11; Linux x86_64) AppleWebKit/537.36"
84.112.28.112 - - [05/Jul/2026:11:00:26 +0000] "POST /api/v1/status HTTP/1.1" 200 1722 "-" "Mozilla/5.0 (Windows NT 10.0; Win64; x64) AppleWebKit/537.36"
84.112.216.57 - - [05/Jul/2026:11:00:38 +0000] "HEAD /favicon.ico HTTP/1.1" 200 4936 "-" "Mozilla/5.0 (Macintosh; Intel Mac OS X 10_15_7) AppleWebKit/537.36"
84.112.114.59 - - [05/Jul/2026:11:00:46 +0000] "HEAD /api/v1/status HTTP/1.1" 301 8207 "-" "Mozilla/5.0 (X11; Linux x86_64) AppleWebKit/537.36"
84.112.43.73 - - [05/Jul/2026:11:00:54 +0000] "HEAD /products/ HTTP/1.1" 404 4198 "-" "Mozilla/5.0 (Windows NT 10.0; Win64; x64) AppleWebKit/537.36"
84.112.43.73 - - [05/Jul/2026:11:00:59 +0000] "GET /products/ HTTP/1.1" 301 4481 "-" "Mozilla/5.0 (Macintosh; Intel Mac OS X 10_15_7) AppleWebKit/537.36"
84.112.237.124 - - [05/Jul/2026:11:01:02 +0000] "GET /api/v1/status HTTP/1.1" 200 6748 "-" "Python-urllib/3.12"
84.112.43.73 - - [05/Jul/2026:11:01:10 +0000] "GET /api/v1/status HTTP/1.1" 204 0 "-" "Mozilla/5.0 (Macintosh; Intel Mac OS X 10_15_7) AppleWebKit/537.36"
84.112.16.115 - - [05/Jul/2026:11:01:14 +0000] "POST /api/v1/status HTTP/1.1" 404 4838 "-" "Go-http-client/2.0"
84.112.43.73 - - [05/Jul/2026:11:01:16 +0000] "GET /contact HTTP/1.1" 404 7931 "-" "Go-http-client/2.0"
84.112.15.189 - - [05/Jul/2026:11:01:22 +0000] "GET /category/electronics HTTP/1.1" 404 1257 "-" "Mozilla/5.0 (Macintosh; Intel Mac OS X 10_15_7) AppleWebKit/537.36"
84.112.185.225 - - [05/Jul/2026:11:01:26 +0000] "POST /static/js/bundle.js HTTP/1.1" 200 7895 "-" "Python-urllib/3.12"
84.112.62.21 - - [05/Jul/2026:11:01:33 +0000] "GET /api/v1/status HTTP/1.1" 200 2917 "-" "Go-http-client/2.0"
84.112.62.21 - - [05/Jul/2026:11:01:47 +0000] "HEAD /category/electronics HTTP/1.1" 204 0 "-" "Mozilla/5.0 (X11; Linux x86_64) AppleWebKit/537.36"
84.112.177.148 - - [05/Jul/2026:11:01:49 +0000] "GET /robots.txt HTTP/1.1" 200 860 "-" "Mozilla/5.0 (Windows NT 10.0; Win64; x64) AppleWebKit/537.36"
84.112.30.168 - - [05/Jul/2026:11:02:00 +0000] "GET /contact HTTP/1.1" 301 2861 "-" "Mozilla/5.0 (Macintosh; Intel Mac OS X 10_15_7) AppleWebKit/537.36"
84.112.43.73 - - [05/Jul/2026:11:02:14 +0000] "GET /api/v1/status HTTP/1.1" 302 0 "-" "Go-http-client/2.0"
84.112.155.159 - - [05/Jul/2026:11:02:21 +0000] "POST /category/electronics HTTP/1.1" 301 4336 "-" "Go-http-client/2.0"
84.112.245.39 - - [05/Jul/2026:11:02:30 +0000] "POST /robots.txt HTTP/1.1" 200 5897 "-" "curl/8.4.0"
84.112.185.225 - - [05/Jul/2026:11:02:43 +0000] "HEAD /robots.txt HTTP/1.1" 200 4542 "-" "Go-http-client/2.0"
84.112.62.21 - - [05/Jul/2026:11:02:53 +0000] "GET /favicon.ico HTTP/1.1" 302 0 "-" "Mozilla/5.0 (Macintosh; Intel Mac OS X 10_15_7) AppleWebKit/537.36"
84.112.47.110 - - [05/Jul/2026:11:03:05 +0000] "POST /robots.txt HTTP/1.1" 200 4123 "-" "Mozilla/5.0 (X11; Linux x86_64) AppleWebKit/537.36"
84.112.237.239 - - [05/Jul/2026:11:03:18 +0000] "POST /about HTTP/1.1" 404 1582 "-" "Mozilla/5.0 (Macintosh; Intel Mac OS X 10_15_7) AppleWebKit/537.36"
84.112.43.73 - - [05/Jul/2026:11:03:26 +0000] "POST /contact HTTP/1.1" 204 0 "-" "Mozilla/5.0 (X11; Linux x86_64) AppleWebKit/537.36"
84.112.245.39 - - [05/Jul/2026:11:03:30 +0000] "HEAD /category/electronics HTTP/1.1" 200 6526 "-" "Mozilla/5.0 (X11; Linux x86_64) AppleWebKit/537.36"
84.112.245.39 - - [05/Jul/2026:11:03:38 +0000] "POST /about HTTP/1.1" 200 5744 "-" "Mozilla/5.0 (X11; Linux x86_64) AppleWebKit/537.36"
84.112.237.239 - - [05/Jul/2026:11:03:41 +0000] "POST /category/electronics HTTP/1.1" 200 1925 "-" "Mozilla/5.0 (Windows NT 10.0; Win64; x64) AppleWebKit/537.36"
84.112.47.110 - - [05/Jul/2026:11:03:50 +0000] "POST /static/js/bundle.js HTTP/1.1" 301 4867 "-" "Mozilla/5.0 (X11; Linux x86_64) AppleWebKit/537.36"
84.112.114.59 - - [05/Jul/2026:11:04:00 +0000] "POST /robots.txt HTTP/1.1" 200 1178 "-" "curl/8.4.0"
84.112.155.159 - - [05/Jul/2026:11:04:02 +0000] "GET /about HTTP/1.1" 200 2142 "-" "Mozilla/5.0 (Windows NT 10.0; Win64; x64) AppleWebKit/537.36"
84.112.30.168 - - [05/Jul/2026:11:04:11 +0000] "GET /favicon.ico HTTP/1.1" 200 130 "-" "Mozilla/5.0 (Windows NT 10.0; Win64; x64) AppleWebKit/537.36"
84.112.47.110 - - [05/Jul/2026:11:04:17 +0000] "POST /api/v1/status HTTP/1.1" 302 0 "-" "Mozilla/5.0 (X11; Linux x86_64) AppleWebKit/537.36"
84.112.237.124 - - [05/Jul/2026:11:04:29 +0000] "GET /cart/ HTTP/1.1" 404 4554 "-" "Mozilla/5.0 (Macintosh; Intel Mac OS X 10_15_7) AppleWebKit/537.36"
84.112.16.115 - - [05/Jul/2026:11:04:42 +0000] "POST /cart/ HTTP/1.1" 200 3705 "-" "Mozilla/5.0 (Windows NT 10.0; Win64; x64) AppleWebKit/537.36"
84.112.80.111 - - [05/Jul/2026:11:04:51 +0000] "GET /favicon.ico HTTP/1.1" 204 0 "-" "Python-urllib/3.12"
84.112.245.39 - - [05/Jul/2026:11:04:54 +0000] "POST /api/v1/status HTTP/1.1" 200 7260 "-" "Go-http-client/2.0"
84.112.170.205 - - [05/Jul/2026:11:05:01 +0000] "GET /about HTTP/1.1" 200 2343 "-" "Python-urllib/3.12"
84.112.16.115 - - [05/Jul/2026:11:05:11 +0000] "POST /api/v1/status HTTP/1.1" 200 4991 "-" "Mozilla/5.0 (X11; Linux x86_64) AppleWebKit/537.36"
84.112.155.159 - - [05/Jul/2026:11:05:23 +0000] "HEAD /static/js/bundle.js HTTP/1.1" 204 0 "-" "Python-urllib/3.12"
84.112.47.110 - - [05/Jul/2026:11:05:26 +0000] "HEAD /robots.txt HTTP/1.1" 404 5252 "-" "Mozilla/5.0 (X11; Linux x86_64) AppleWebKit/537.36"
84.112.80.111 - - [05/Jul/2026:11:05:38 +0000] "POST /category/electronics HTTP/1.1" 204 0 "-" "Python-urllib/3.12"
84.112.237.239 - - [05/Jul/2026:11:05:46 +0000] "POST /products/ HTTP/1.1" 301 552 "-" "Python-urllib/3.12"
84.112.47.110 - - [05/Jul/2026:11:05:49 +0000] "HEAD /api/v1/status HTTP/1.1" 302 0 "-" "Mozilla/5.0 (Macintosh; Intel Mac OS X 10_15_7) AppleWebKit/537.36"
84.112.112.166 - - [05/Jul/2026:11:06:00 +0000] "POST /static/js/bundle.js HTTP/1.1" 301 4926 "-" "Mozilla/5.0 (Windows NT 10.0; Win64; x64) AppleWebKit/537.36"
84.112.216.57 - - [05/Jul/2026:11:06:14 +0000] "GET /favicon.ico HTTP/1.1" 404 217 "-" "Python-urllib/3.12"
84.112.112.166 - - [05/Jul/2026:11:06:28 +0000] "POST /products/ HTTP/1.1" 200 1016 "-" "curl/8.4.0"
84.112.43.73 - - [05/Jul/2026:11:06:43 +0000] "POST /cart/ HTTP/1.1" 302 0 "-" "curl/8.4.0"
84.112.177.148 - - [05/Jul/2026:11:06:54 +0000] "HEAD /category/electronics HTTP/1.1" 302 0 "-" "Mozilla/5.0 (Windows NT 10.0; Win64; x64) AppleWebKit/537.36"
84.112.170.205 - - [05/Jul/2026:11:06:57 +0000] "HEAD /contact HTTP/1.1" 404 988 "-" "Go-http-client/2.0"
84.112.112.166 - - [05/Jul/2026:11:07:02 +0000] "GET /contact HTTP/1.1" 404 8235 "-" "Mozilla/5.0 (Macintosh; Intel Mac OS X 10_15_7) AppleWebKit/537.36"
84.112.47.110 - - [05/Jul/2026:11:07:07 +0000] "POST /api/v1/status HTTP/1.1" 404 225 "-" "Python-urllib/3.12"
84.112.16.115 - - [05/Jul/2026:11:07:18 +0000] "GET /cart/ HTTP/1.1" 200 2627 "-" "Mozilla/5.0 (X11; Linux x86_64) AppleWebKit/537.36"
84.112.112.166 - - [05/Jul/2026:11:07:21 +0000] "GET /about HTTP/1.1" 200 1817 "-" "Python-urllib/3.12"
84.112.112.166 - - [05/Jul/2026:11:07:23 +0000] "POST /favicon.ico HTTP/1.1" 200 2115 "-" "curl/8.4.0"
84.112.177.148 - - [05/Jul/2026:11:07:31 +0000] "GET /about HTTP/1.1" 302 0 "-" "Mozilla/5.0 (X11; Linux x86_64) AppleWebKit/537.36"
84.112.141.113 - - [05/Jul/2026:11:07:37 +0000] "HEAD /robots.txt HTTP/1.1" 302 0 "-" "Go-http-client/2.0"
84.112.43.73 - - [05/Jul/2026:11:07:48 +0000] "POST /static/js/bundle.js HTTP/1.1" 404 474 "-" "Mozilla/5.0 (Macintosh; Intel Mac OS X 10_15_7) AppleWebKit/537.36"
84.112.15.189 - - [05/Jul/2026:11:07:52 +0000] "GET /contact HTTP/1.1" 404 3402 "-" "Python-urllib/3.12"
84.112.30.168 - - [05/Jul/2026:11:08:01 +0000] "POST /cart/ HTTP/1.1" 301 8196 "-" "curl/8.4.0"
84.112.245.39 - - [05/Jul/2026:11:08:13 +0000] "POST /favicon.ico HTTP/1.1" 404 1878 "-" "Python-urllib/3.12"
84.112.237.239 - - [05/Jul/2026:11:08:21 +0000] "GET /products/ HTTP/1.1" 200 7608 "-" "Mozilla/5.0 (Windows NT 10.0; Win64; x64) AppleWebKit/537.36"
84.112.216.57 - - [05/Jul/2026:11:08:32 +0000] "GET /api/v1/status HTTP/1.1" 200 7402 "-" "Mozilla/5.0 (Windows NT 10.0; Win64; x64) AppleWebKit/537.36"
84.112.47.110 - - [05/Jul/2026:11:08:39 +0000] "POST /robots.txt HTTP/1.1" 200 269 "-" "Mozilla/5.0 (Macintosh; Intel Mac OS X 10_15_7) AppleWebKit/537.36"
84.112.112.166 - - [05/Jul/2026:11:08:46 +0000] "HEAD /about HTTP/1.1" 200 6519 "-" "Mozilla/5.0 (X11; Linux x86_64) AppleWebKit/537.36"
84.112.114.59 - - [05/Jul/2026:11:08:49 +0000] "HEAD /static/js/bundle.js HTTP/1.1" 200 5678 "-" "Python-urllib/3.12"
84.112.47.110 - - [05/Jul/2026:11:09:02 +0000] "POST /api/v1/status HTTP/1.1" 204 0 "-" "Mozilla/5.0 (Windows NT 10.0; Win64; x64) AppleWebKit/537.36"
84.112.177.148 - - [05/Jul/2026:11:09:17 +0000] "POST /robots.txt HTTP/1.1" 301 3075 "-" "Mozilla/5.0 (X11; Linux x86_64) AppleWebKit/537.36"
84.112.112.166 - - [05/Jul/2026:11:09:30 +0000] "HEAD /contact HTTP/1.1" 200 2240 "-" "Go-http-client/2.0"
84.112.170.205 - - [05/Jul/2026:11:09:37 +0000] "HEAD /category/electronics HTTP/1.1" 301 6735 "-" "Mozilla/5.0 (Windows NT 10.0; Win64; x64) AppleWebKit/537.36"
84.112.62.21 - - [05/Jul/2026:11:09:39 +0000] "HEAD /static/js/bundle.js HTTP/1.1" 200 1701 "-" "Go-http-client/2.0"
84.112.177.148 - - [05/Jul/2026:11:09:42 +0000] "HEAD /robots.txt HTTP/1.1" 200 3913 "-" "Go-http-client/2.0"
84.112.15.189 - - [05/Jul/2026:11:09:56 +0000] "GET /static/js/bundle.js HTTP/1.1" 404 6412 "-" "Python-urllib/3.12"
84.112.28.112 - - [05/Jul/2026:11:09:59 +0000] "HEAD /api/v1/status HTTP/1.1" 200 733 "-" "Go-http-client/2.0"
84.112.155.159 - - [05/Jul/2026:11:10:02 +0000] "POST /products/ HTTP/1.1" 200 5381 "-" "Mozilla/5.0 (Windows NT 10.0; Win64; x64) AppleWebKit/537.36"
84.112.155.159 - - [05/Jul/2026:11:10:15 +0000] "POST /static/js/bundle.js HTTP/1.1" 404 3392 "-" "Mozilla/5.0 (Macintosh; Intel Mac OS X 10_15_7) AppleWebKit/537.36"
84.112.177.148 - - [05/Jul/2026:11:10:21 +0000] "POST /api/v1/status HTTP/1.1" 200 3416 "-" "Go-http-client/2.0"
84.112.237.239 - - [05/Jul/2026:11:10:25 +0000] "HEAD /about HTTP/1.1" 200 517 "-" "Go-http-client/2.0"
84.112.43.73 - - [05/Jul/2026:11:10:37 +0000] "GET /products/ HTTP/1.1" 302 0 "-" "Mozilla/5.0 (Macintosh; Intel Mac OS X 10_15_7) AppleWebKit/537.36"
84.112.80.111 - - [05/Jul/2026:11:10:39 +0000] "POST /contact HTTP/1.1" 302 0 "-" "Mozilla/5.0 (Windows NT 10.0; Win64; x64) AppleWebKit/537.36"
84.112.114.59 - - [05/Jul/2026:11:10:46 +0000] "HEAD /contact HTTP/1.1" 204 0 "-" "Mozilla/5.0 (Macintosh; Intel Mac OS X 10_15_7) AppleWebKit/537.36"
84.112.16.115 - - [05/Jul/2026:11:11:01 +0000] "HEAD /robots.txt HTTP/1.1" 301 5888 "-" "curl/8.4.0"
84.112.237.124 - - [05/Jul/2026:11:11:12 +0000] "GET /cart/ HTTP/1.1" 204 0 "-" "Python-urllib/3.12"
84.112.216.57 - - [05/Jul/2026:11:11:24 +0000] "GET /cart/ HTTP/1.1" 200 5006 "-" "Mozilla/5.0 (Windows NT 10.0; Win64; x64) AppleWebKit/537.36"
84.112.177.148 - - [05/Jul/2026:11:11:27 +0000] "GET /products/ HTTP/1.1" 301 5541 "-" "Mozilla/5.0 (Windows NT 10.0; Win64; x64) AppleWebKit/537.36"
84.112.30.168 - - [05/Jul/2026:11:11:32 +0000] "POST /favicon.ico HTTP/1.1" 404 5983 "-" "Mozilla/5.0 (Windows NT 10.0; Win64; x64) AppleWebKit/537.36"
84.112.114.59 - - [05/Jul/2026:11:11:47 +0000] "POST /cart/ HTTP/1.1" 301 4075 "-" "Mozilla/5.0 (X11; Linux x86_64) AppleWebKit/537.36"
84.112.112.166 - - [05/Jul/2026:11:11:58 +0000] "POST /favicon.ico HTTP/1.1" 301 1048 "-" "Mozilla/5.0 (X11; Linux x86_64) AppleWebKit/537.36"
84.112.43.73 - - [05/Jul/2026:11:12:11 +0000] "HEAD /robots.txt HTTP/1.1" 200 611 "-" "Mozilla/5.0 (Windows NT 10.0; Win64; x64) AppleWebKit/537.36"
84.112.237.239 - - [05/Jul/2026:11:12:18 +0000] "POST /about HTTP/1.1" 200 1093 "-" "Mozilla/5.0 (Macintosh; Intel Mac OS X 10_15_7) AppleWebKit/537.36"
84.112.237.124 - - [05/Jul/2026:11:12:23 +0000] "HEAD /category/electronics HTTP/1.1" 302 0 "-" "Go-http-client/2.0"
84.112.15.189 - - [05/Jul/2026:11:12:25 +0000] "POST /cart/ HTTP/1.1" 302 0 "-" "Mozilla/5.0 (X11; Linux x86_64) AppleWebKit/537.36"
84.112.28.112 - - [05/Jul/2026:11:12:36 +0000] "POST /cart/ HTTP/1.1" 204 0 "-" "Mozilla/5.0 (X11; Linux x86_64) AppleWebKit/537.36"
84.112.141.113 - - [05/Jul/2026:11:12:49 +0000] "GET /contact HTTP/1.1" 204 0 "-" "Mozilla/5.0 (Macintosh; Intel Mac OS X 10_15_7) AppleWebKit/537.36"
84.112.28.112 - - [05/Jul/2026:11:12:55 +0000] "GET /products/ HTTP/1.1" 204 0 "-" "Mozilla/5.0 (X11; Linux x86_64) AppleWebKit/537.36"
84.112.80.111 - - [05/Jul/2026:11:13:00 +0000] "POST /robots.txt HTTP/1.1" 200 3851 "-" "Mozilla/5.0 (Windows NT 10.0; Win64; x64) AppleWebKit/537.36"
84.112.62.21 - - [05/Jul/2026:11:13:02 +0000] "GET /contact HTTP/1.1" 301 6335 "-" "Go-http-client/2.0"
84.112.62.21 - - [05/Jul/2026:11:13:14 +0000] "HEAD /robots.txt HTTP/1.1" 200 6462 "-" "Python-urllib/3.12"
84.112.47.110 - - [05/Jul/2026:11:13:27 +0000] "POST /favicon.ico HTTP/1.1" 301 2377 "-" "Mozilla/5.0 (Windows NT 10.0; Win64; x64) AppleWebKit/537.36"
84.112.43.73 - - [05/Jul/2026:11:13:36 +0000] "HEAD /category/electronics HTTP/1.1" 200 3292 "-" "curl/8.4.0"
84.112.28.112 - - [05/Jul/2026:11:13:44 +0000] "GET /about HTTP/1.1" 200 284 "-" "Mozilla/5.0 (Macintosh; Intel Mac OS X 10_15_7) AppleWebKit/537.36"
84.112.237.124 - - [05/Jul/2026:11:13:52 +0000] "HEAD /products/ HTTP/1.1" 302 0 "-" "Mozilla/5.0 (Windows NT 10.0; Win64; x64) AppleWebKit/537.36"
84.112.15.189 - - [05/Jul/2026:11:14:07 +0000] "GET /cart/ HTTP/1.1" 200 2196 "-" "Python-urllib/3.12"
84.112.30.168 - - [05/Jul/2026:11:14:11 +0000] "GET /category/electronics HTTP/1.1" 200 4121 "-" "curl/8.4.0"
84.112.141.113 - - [05/Jul/2026:11:14:15 +0000] "POST /robots.txt HTTP/1.1" 404 2125 "-" "Go-http-client/2.0"
84.112.226.75 - - [05/Jul/2026:11:14:18 +0000] "POST /contact HTTP/1.1" 200 8228 "-" "Go-http-client/2.0"
84.112.80.111 - - [05/Jul/2026:11:14:31 +0000] "GET /robots.txt HTTP/1.1" 404 5079 "-" "curl/8.4.0"
84.112.237.124 - - [05/Jul/2026:11:14:45 +0000] "POST /about HTTP/1.1" 301 4503 "-" "curl/8.4.0"
84.112.237.124 - - [05/Jul/2026:11:14:58 +0000] "HEAD /cart/ HTTP/1.1" 200 5799 "-" "Python-urllib/3.12"
84.112.141.113 - - [05/Jul/2026:11:15:11 +0000] "POST /api/v1/status HTTP/1.1" 200 3455 "-" "Mozilla/5.0 (Macintosh; Intel Mac OS X 10_15_7) AppleWebKit/537.36"
84.112.112.166 - - [05/Jul/2026:11:15:26 +0000] "GET /api/v1/status HTTP/1.1" 404 3573 "-" "Mozilla/5.0 (Windows NT 10.0; Win64; x64) AppleWebKit/537.36"
84.112.47.110 - - [05/Jul/2026:11:15:33 +0000] "GET /about HTTP/1.1" 404 7333 "-" "Go-http-client/2.0"
84.112.155.159 - - [05/Jul/2026:11:15:47 +0000] "GET /products/ HTTP/1.1" 204 0 "-" "Mozilla/5.0 (Windows NT 10.0; Win64; x64) AppleWebKit/537.36"
84.112.245.39 - - [05/Jul/2026:11:15:53 +0000] "HEAD /favicon.ico HTTP/1.1" 200 1504 "-" "Mozilla/5.0 (Windows NT 10.0; Win64; x64) AppleWebKit/537.36"
84.112.141.113 - - [05/Jul/2026:11:15:59 +0000] "POST /robots.txt HTTP/1.1" 200 6388 "-" "Python-urllib/3.12"
84.112.28.112 - - [05/Jul/2026:11:16:08 +0000] "GET /about HTTP/1.1" 204 0 "-" "Mozilla/5.0 (Macintosh; Intel Mac OS X 10_15_7) AppleWebKit/537.36"
84.112.237.239 - - [05/Jul/2026:11:16:20 +0000] "HEAD /products/ HTTP/1.1" 404 5119 "-" "Mozilla/5.0 (Windows NT 10.0; Win64; x64) AppleWebKit/537.36"
84.112.80.111 - - [05/Jul/2026:11:16:30 +0000] "GET /category/electronics HTTP/1.1" 302 0 "-" "curl/8.4.0"
84.112.170.205 - - [05/Jul/2026:11:16:44 +0000] "GET /products/ HTTP/1.1" 200 7231 "-" "Python-urllib/3.12"
84.112.28.112 - - [05/Jul/2026:11:16:58 +0000] "GET /contact HTTP/1.1" 204 0 "-" "Go-http-client/2.0"
84.112.30.168 - - [05/Jul/2026:11:17:10 +0000] "HEAD /robots.txt HTTP/1.1" 204 0 "-" "Mozilla/5.0 (X11; Linux x86_64) AppleWebKit/537.36"
84.112.170.205 - - [05/Jul/2026:11:17:23 +0000] "HEAD /api/v1/status HTTP/1.1" 200 6367 "-" "Python-urllib/3.12"
84.112.15.189 - - [05/Jul/2026:11:17:36 +0000] "GET /products/ HTTP/1.1" 200 4615 "-" "Mozilla/5.0 (Windows NT 10.0; Win64; x64) AppleWebKit/537.36"
84.112.237.124 - - [05/Jul/2026:11:17:41 +0000] "POST /category/electronics HTTP/1.1" 301 6585 "-" "Mozilla/5.0 (Windows NT 10.0; Win64; x64) AppleWebKit/537.36"
84.112.245.39 - - [05/Jul/2026:11:17:52 +0000] "POST /api/v1/status HTTP/1.1" 404 4224 "-" "Go-http-client/2.0"
84.112.141.113 - - [05/Jul/2026:11:18:06 +0000] "GET /cart/ HTTP/1.1" 200 5379 "-" "curl/8.4.0"
84.112.114.59 - - [05/Jul/2026:11:18:21 +0000] "POST /robots.txt HTTP/1.1" 200 7327 "-" "Mozilla/5.0 (Windows NT 10.0; Win64; x64) AppleWebKit/537.36"
84.112.28.112 - - [05/Jul/2026:11:18:30 +0000] "POST /robots.txt HTTP/1.1" 404 3689 "-" "Python-urllib/3.12"
84.112.170.205 - - [05/Jul/2026:11:18:32 +0000] "GET /api/v1/status HTTP/1.1" 301 5265 "-" "Mozilla/5.0 (Windows NT 10.0; Win64; x64) AppleWebKit/537.36"
84.112.114.59 - - [05/Jul/2026:11:18:41 +0000] "POST /api/v1/status HTTP/1.1" 200 8228 "-" "Mozilla/5.0 (Macintosh; Intel Mac OS X 10_15_7) AppleWebKit/537.36"
84.112.114.59 - - [05/Jul/2026:11:18:46 +0000] "GET /products/ HTTP/1.1" 200 1995 "-" "Go-http-client/2.0"
84.112.114.59 - - [05/Jul/2026:11:18:48 +0000] "HEAD /contact HTTP/1.1" 302 0 "-" "Python-urllib/3.12"
84.112.185.225 - - [05/Jul/2026:11:18:59 +0000] "GET /contact HTTP/1.1" 404 3854 "-" "Mozilla/5.0 (Windows NT 10.0; Win64; x64) AppleWebKit/537.36"
84.112.245.39 - - [05/Jul/2026:11:19:12 +0000] "POST /products/ HTTP/1.1" 404 5909 "-" "Mozilla/5.0 (X11; Linux x86_64) AppleWebKit/537.36"
84.112.28.112 - - [05/Jul/2026:11:19:25 +0000] "HEAD /about HTTP/1.1" 200 1908 "-" "Mozilla/5.0 (Windows NT 10.0; Win64; x64) AppleWebKit/537.36"
84.112.155.159 - - [05/Jul/2026:11:19:35 +0000] "GET /contact HTTP/1.1" 200 4002 "-" "Mozilla/5.0 (Macintosh; Intel Mac OS X 10_15_7) AppleWebKit/537.36"
84.112.170.205 - - [05/Jul/2026:11:19:42 +0000] "POST /favicon.ico HTTP/1.1" 200 7107 "-" "curl/8.4.0"
84.112.62.21 - - [05/Jul/2026:11:19:46 +0000] "POST /category/electronics HTTP/1.1" 200 6806 "-" "Go-http-client/2.0"
84.112.177.148 - - [05/Jul/2026:11:19:53 +0000] "POST /products/ HTTP/1.1" 200 6154 "-" "Mozilla/5.0 (Windows NT 10.0; Win64; x64) AppleWebKit/537.36"
84.112.47.110 - - [05/Jul/2026:11:19:59 +0000] "HEAD /products/ HTTP/1.1" 200 3584 "-" "curl/8.4.0"
84.112.112.166 - - [05/Jul/2026:11:20:09 +0000] "HEAD /category/electronics HTTP/1.1" 200 6326 "-" "Mozilla/5.0 (X11; Linux x86_64) AppleWebKit/537.36"
84.112.47.110 - - [05/Jul/2026:11:20:11 +0000] "POST /cart/ HTTP/1.1" 200 3799 "-" "Mozilla/5.0 (X11; Linux x86_64) AppleWebKit/537.36"
84.112.170.205 - - [05/Jul/2026:11:20:21 +0000] "HEAD /contact HTTP/1.1" 404 6969 "-" "Mozilla/5.0 (X11; Linux x86_64) AppleWebKit/537.36"
84.112.43.73 - - [05/Jul/2026:11:20:34 +0000] "HEAD /products/ HTTP/1.1" 301 7858 "-" "Go-http-client/2.0"
84.112.112.166 - - [05/Jul/2026:11:20:44 +0000] "POST /category/electronics HTTP/1.1" 200 3315 "-" "Mozilla/5.0 (X11; Linux x86_64) AppleWebKit/537.36"
84.112.15.189 - - [05/Jul/2026:11:20:50 +0000] "POST /about HTTP/1.1" 302 0 "-" "curl/8.4.0"
84.112.155.159 - - [05/Jul/2026:11:20:55 +0000] "POST /cart/ HTTP/1.1" 404 4069 "-" "Python-urllib/3.12"
84.112.237.239 - - [05/Jul/2026:11:21:08 +0000] "POST /cart/ HTTP/1.1" 200 8404 "-" "Mozilla/5.0 (Windows NT 10.0; Win64; x64) AppleWebKit/537.36"
84.112.177.148 - - [05/Jul/2026:11:21:15 +0000] "HEAD /about HTTP/1.1" 204 0 "-" "Python-urllib/3.12"
84.112.170.205 - - [05/Jul/2026:11:21:20 +0000] "GET /contact HTTP/1.1" 200 6798 "-" "Go-http-client/2.0"
84.112.47.110 - - [05/Jul/2026:11:21:31 +0000] "HEAD /api/v1/status HTTP/1.1" 302 0 "-" "curl/8.4.0"
84.112.185.225 - - [05/Jul/2026:11:21:38 +0000] "GET /cart/ HTTP/1.1" 204 0 "-" "Python-urllib/3.12"
84.112.47.110 - - [05/Jul/2026:11:21:48 +0000] "HEAD /robots.txt HTTP/1.1" 404 3365 "-" "Mozilla/5.0 (Macintosh; Intel Mac OS X 10_15_7) AppleWebKit/537.36"
84.112.62.21 - - [05/Jul/2026:11:21:57 +0000] "GET /cart/ HTTP/1.1" 204 0 "-" "curl/8.4.0"
84.112.237.124 - - [05/Jul/2026:11:22:11 +0000] "HEAD /robots.txt HTTP/1.1" 404 1774 "-" "Mozilla/5.0 (Macintosh; Intel Mac OS X 10_15_7) AppleWebKit/537.36"
84.112.28.112 - - [05/Jul/2026:11:22:26 +0000] "POST /products/ HTTP/1.1" 404 2855 "-" "Mozilla/5.0 (Windows NT 10.0; Win64; x64) AppleWebKit/537.36"
84.112.112.166 - - [05/Jul/2026:11:22:30 +0000] "HEAD /favicon.ico HTTP/1.1" 204 0 "-" "curl/8.4.0"
84.112.216.57 - - [05/Jul/2026:11:22:34 +0000] "HEAD /contact HTTP/1.1" 200 4926 "-" "Mozilla/5.0 (Windows NT 10.0; Win64; x64) AppleWebKit/537.36"
84.112.185.225 - - [05/Jul/2026:11:22:41 +0000] "HEAD /cart/ HTTP/1.1" 404 861 "-" "Mozilla/5.0 (Windows NT 10.0; Win64; x64) AppleWebKit/537.36"
84.112.80.111 - - [05/Jul/2026:11:22:54 +0000] "POST /favicon.ico HTTP/1.1" 404 7488 "-" "Go-http-client/2.0"
84.112.237.239 - - [05/Jul/2026:11:23:09 +0000] "POST /robots.txt HTTP/1.1" 404 2325 "-" "Go-http-client/2.0"
84.112.170.205 - - [05/Jul/2026:11:23:13 +0000] "HEAD /cart/ HTTP/1.1" 200 247 "-" "Mozilla/5.0 (X11; Linux x86_64) AppleWebKit/537.36"
84.112.80.111 - - [05/Jul/2026:11:23:24 +0000] "HEAD /robots.txt HTTP/1.1" 204 0 "-" "curl/8.4.0"
84.112.114.59 - - [05/Jul/2026:11:23:33 +0000] "HEAD /api/v1/status HTTP/1.1" 302 0 "-" "Mozilla/5.0 (Windows NT 10.0; Win64; x64) AppleWebKit/537.36"
84.112.30.168 - - [05/Jul/2026:11:23:38 +0000] "POST /category/electronics HTTP/1.1" 200 8446 "-" "Python-urllib/3.12"
84.112.185.225 - - [05/Jul/2026:11:23:44 +0000] "POST /category/electronics HTTP/1.1" 302 0 "-" "Mozilla/5.0 (Macintosh; Intel Mac OS X 10_15_7) AppleWebKit/537.36"
84.112.28.112 - - [05/Jul/2026:11:23:48 +0000] "HEAD /about HTTP/1.1" 204 0 "-" "Mozilla/5.0 (X11; Linux x86_64) AppleWebKit/537.36"
84.112.170.205 - - [05/Jul/2026:11:23:54 +0000] "HEAD /category/electronics HTTP/1.1" 200 5810 "-" "curl/8.4.0"
84.112.43.73 - - [05/Jul/2026:11:23:58 +0000] "POST /api/v1/status HTTP/1.1" 204 0 "-" "Python-urllib/3.12"
84.112.114.59 - - [05/Jul/2026:11:24:03 +0000] "POST /api/v1/status HTTP/1.1" 301 1858 "-" "Mozilla/5.0 (Macintosh; Intel Mac OS X 10_15_7) AppleWebKit/537.36"
84.112.245.39 - - [05/Jul/2026:11:24:15 +0000] "GET /cart/ HTTP/1.1" 200 8454 "-" "Mozilla/5.0 (Macintosh; Intel Mac OS X 10_15_7) AppleWebKit/537.36"
84.112.141.113 - - [05/Jul/2026:11:24:17 +0000] "GET /contact HTTP/1.1" 301 3317 "-" "Mozilla/5.0 (Windows NT 10.0; Win64; x64) AppleWebKit/537.36"
84.112.62.21 - - [05/Jul/2026:11:24:26 +0000] "POST /about HTTP/1.1" 200 7107 "-" "Go-http-client/2.0"
84.112.112.166 - - [05/Jul/2026:11:24:35 +0000] "GET /robots.txt HTTP/1.1" 200 1915 "-" "Go-http-client/2.0"
84.112.43.73 - - [05/Jul/2026:11:24:48 +0000] "POST /favicon.ico HTTP/1.1" 204 0 "-" "curl/8.4.0"
84.112.47.110 - - [05/Jul/2026:11:24:51 +0000] "POST /cart/ HTTP/1.1" 200 1415 "-" "Go-http-client/2.0"
84.112.15.189 - - [05/Jul/2026:11:25:05 +0000] "HEAD /cart/ HTTP/1.1" 200 2687 "-" "Mozilla/5.0 (X11; Linux x86_64) AppleWebKit/537.36"
84.112.245.39 - - [05/Jul/2026:11:25:12 +0000] "POST /contact HTTP/1.1" 404 1333 "-" "Go-http-client/2.0"
84.112.185.225 - - [05/Jul/2026:11:25:25 +0000] "GET /favicon.ico HTTP/1.1" 200 5322 "-" "Mozilla/5.0 (Macintosh; Intel Mac OS X 10_15_7) AppleWebKit/537.36"
84.112.237.124 - - [05/Jul/2026:11:25:40 +0000] "HEAD /products/ HTTP/1.1" 404 250 "-" "Mozilla/5.0 (Macintosh; Intel Mac OS X 10_15_7) AppleWebKit/537.36"
84.112.170.205 - - [05/Jul/2026:11:25:44 +0000] "POST /about HTTP/1.1" 404 3325 "-" "curl/8.4.0"
84.112.47.110 - - [05/Jul/2026:11:25:53 +0000] "POST /static/js/bundle.js HTTP/1.1" 404 8258 "-" "curl/8.4.0"
84.112.16.115 - - [05/Jul/2026:11:25:57 +0000] "HEAD /cart/ HTTP/1.1" 301 3629 "-" "Mozilla/5.0 (Windows NT 10.0; Win64; x64) AppleWebKit/537.36"
84.112.226.75 - - [05/Jul/2026:11:26:05 +0000] "POST /contact HTTP/1.1" 301 3536 "-" "Go-http-client/2.0"
84.112.28.112 - - [05/Jul/2026:11:26:09 +0000] "POST /api/v1/status HTTP/1.1" 301 6350 "-" "Go-http-client/2.0"
84.112.15.189 - - [05/Jul/2026:11:26:20 +0000] "HEAD /category/electronics HTTP/1.1" 204 0 "-" "Mozilla/5.0 (X11; Linux x86_64) AppleWebKit/537.36"
84.112.114.59 - - [05/Jul/2026:11:26:32 +0000] "POST /about HTTP/1.1" 200 8067 "-" "Python-urllib/3.12"
84.112.216.57 - - [05/Jul/2026:11:26:46 +0000] "HEAD /category/electronics HTTP/1.1" 301 8000 "-" "curl/8.4.0"
84.112.15.189 - - [05/Jul/2026:11:26:49 +0000] "GET /api/v1/status HTTP/1.1" 204 0 "-" "Python-urllib/3.12"
84.112.15.189 - - [05/Jul/2026:11:26:56 +0000] "HEAD /favicon.ico HTTP/1.1" 200 3006 "-" "Python-urllib/3.12"
84.112.43.73 - - [05/Jul/2026:11:27:03 +0000] "POST /favicon.ico HTTP/1.1" 404 2218 "-" "Python-urllib/3.12"
84.112.177.148 - - [05/Jul/2026:11:27:18 +0000] "HEAD /favicon.ico HTTP/1.1" 404 3967 "-" "Mozilla/5.0 (Windows NT 10.0; Win64; x64) AppleWebKit/537.36"
84.112.245.39 - - [05/Jul/2026:11:27:24 +0000] "HEAD /about HTTP/1.1" 302 0 "-" "Python-urllib/3.12"
84.112.237.124 - - [05/Jul/2026:11:27:26 +0000] "POST /api/v1/status HTTP/1.1" 404 5323 "-" "Python-urllib/3.12"
84.112.155.159 - - [05/Jul/2026:11:27:34 +0000] "POST /favicon.ico HTTP/1.1" 200 1015 "-" "curl/8.4.0"
84.112.15.189 - - [05/Jul/2026:11:27:43 +0000] "POST /products/ HTTP/1.1" 200 7454 "-" "Python-urllib/3.12"
84.112.170.205 - - [05/Jul/2026:11:27:48 +0000] "GET /contact HTTP/1.1" 200 1927 "-" "Mozilla/5.0 (X11; Linux x86_64) AppleWebKit/537.36"
84.112.185.225 - - [05/Jul/2026:11:27:59 +0000] "GET /contact HTTP/1.1" 200 465 "-" "Python-urllib/3.12"
84.112.185.225 - - [05/Jul/2026:11:28:02 +0000] "POST /contact HTTP/1.1" 200 926 "-" "Mozilla/5.0 (X11; Linux x86_64) AppleWebKit/537.36"
84.112.80.111 - - [05/Jul/2026:11:28:07 +0000] "HEAD /about HTTP/1.1" 200 6600 "-" "Go-http-client/2.0"
84.112.30.168 - - [05/Jul/2026:11:28:12 +0000] "GET /category/electronics HTTP/1.1" 200 6893 "-" "Mozilla/5.0 (Macintosh; Intel Mac OS X 10_15_7) AppleWebKit/537.36"
84.112.15.189 - - [05/Jul/2026:11:28:22 +0000] "GET /products/ HTTP/1.1" 302 0 "-" "Mozilla/5.0 (Windows NT 10.0; Win64; x64) AppleWebKit/537.36"
84.112.112.166 - - [05/Jul/2026:11:28:36 +0000] "GET /contact HTTP/1.1" 204 0 "-" "Python-urllib/3.12"
84.112.114.59 - - [05/Jul/2026:11:28:38 +0000] "POST /api/v1/status HTTP/1.1" 200 3888 "-" "Go-http-client/2.0"
84.112.15.189 - - [05/Jul/2026:11:28:52 +0000] "GET /api/v1/status HTTP/1.1" 404 2145 "-" "Python-urllib/3.12"
84.112.216.57 - - [05/Jul/2026:11:29:04 +0000] "GET /api/v1/status HTTP/1.1" 302 0 "-" "Mozilla/5.0 (Windows NT 10.0; Win64; x64) AppleWebKit/537.36"
84.112.226.75 - - [05/Jul/2026:11:29:07 +0000] "HEAD /favicon.ico HTTP/1.1" 200 361 "-" "Go-http-client/2.0"
84.112.237.124 - - [05/Jul/2026:11:29:22 +0000] "HEAD /static/js/bundle.js HTTP/1.1" 200 6528 "-" "Mozilla/5.0 (Macintosh; Intel Mac OS X 10_15_7) AppleWebKit/537.36"
84.112.141.113 - - [05/Jul/2026:11:29:37 +0000] "POST /category/electronics HTTP/1.1" 204 0 "-" "Mozilla/5.0 (X11; Linux x86_64) AppleWebKit/537.36"
84.112.62.21 - - [05/Jul/2026:11:29:50 +0000] "POST /api/v1/status HTTP/1.1" 204 0 "-" "Mozilla/5.0 (Macintosh; Intel Mac OS X 10_15_7) AppleWebKit/537.36"
84.112.245.39 - - [05/Jul/2026:11:29:53 +0000] "HEAD /robots.txt HTTP/1.1" 204 0 "-" "curl/8.4.0"
84.112.226.75 - - [05/Jul/2026:11:30:01 +0000] "GET /favicon.ico HTTP/1.1" 301 4683 "-" "Python-urllib/3.12"
84.112.237.124 - - [05/Jul/2026:11:30:07 +0000] "HEAD /about HTTP/1.1" 204 0 "-" "Mozilla/5.0 (Windows NT 10.0; Win64; x64) AppleWebKit/537.36"
84.112.216.57 - - [05/Jul/2026:11:30:16 +0000] "POST /contact HTTP/1.1" 404 1894 "-" "Python-urllib/3.12"
84.112.170.205 - - [05/Jul/2026:11:30:21 +0000] "GET /favicon.ico HTTP/1.1" 302 0 "-" "Mozilla/5.0 (Macintosh; Intel Mac OS X 10_15_7) AppleWebKit/537.36"
84.112.80.111 - - [05/Jul/2026:11:30:30 +0000] "POST /cart/ HTTP/1.1" 404 5209 "-" "curl/8.4.0"
84.112.226.75 - - [05/Jul/2026:11:30:34 +0000] "GET /contact HTTP/1.1" 200 3522 "-" "Python-urllib/3.12"
84.112.15.189 - - [05/Jul/2026:11:30:45 +0000] "GET /static/js/bundle.js HTTP/1.1" 204 0 "-" "Mozilla/5.0 (X11; Linux x86_64) AppleWebKit/537.36"
84.112.177.148 - - [05/Jul/2026:11:31:00 +0000] "HEAD /about HTTP/1.1" 200 8204 "-" "curl/8.4.0"
84.112.30.168 - - [05/Jul/2026:11:31:08 +0000] "HEAD /category/electronics HTTP/1.1" 302 0 "-" "Mozilla/5.0 (Macintosh; Intel Mac OS X 10_15_7) AppleWebKit/537.36"
84.112.185.225 - - [05/Jul/2026:11:31:10 +0000] "HEAD /favicon.ico HTTP/1.1" 302 0 "-" "Mozilla/5.0 (Windows NT 10.0; Win64; x64) AppleWebKit/537.36"
84.112.16.115 - - [05/Jul/2026:11:31:16 +0000] "HEAD /robots.txt HTTP/1.1" 301 8308 "-" "curl/8.4.0"
84.112.15.189 - - [05/Jul/2026:11:31:28 +0000] "POST /robots.txt HTTP/1.1" 404 8033 "-" "Mozilla/5.0 (X11; Linux x86_64) AppleWebKit/537.36"
84.112.226.75 - - [05/Jul/2026:11:31:38 +0000] "GET /favicon.ico HTTP/1.1" 404 1389 "-" "Python-urllib/3.12"
84.112.62.21 - - [05/Jul/2026:11:31:42 +0000] "GET /contact HTTP/1.1" 404 2110 "-" "Mozilla/5.0 (Macintosh; Intel Mac OS X 10_15_7) AppleWebKit/537.36"
84.112.155.159 - - [05/Jul/2026:11:31:47 +0000] "GET /products/ HTTP/1.1" 204 0 "-" "Python-urllib/3.12"
84.112.112.166 - - [05/Jul/2026:11:31:51 +0000] "POST /static/js/bundle.js HTTP/1.1" 404 6970 "-" "Python-urllib/3.12"
84.112.30.168 - - [05/Jul/2026:11:31:53 +0000] "GET /favicon.ico HTTP/1.1" 200 4561 "-" "Mozilla/5.0 (X11; Linux x86_64) AppleWebKit/537.36"
84.112.141.113 - - [05/Jul/2026:11:32:00 +0000] "POST /static/js/bundle.js HTTP/1.1" 200 4874 "-" "Mozilla/5.0 (X11; Linux x86_64) AppleWebKit/537.36"
84.112.16.115 - - [05/Jul/2026:11:32:12 +0000] "HEAD /category/electronics HTTP/1.1" 301 4236 "-" "Python-urllib/3.12"
84.112.16.115 - - [05/Jul/2026:11:32:21 +0000] "POST /static/js/bundle.js HTTP/1.1" 200 7883 "-" "Mozilla/5.0 (Windows NT 10.0; Win64; x64) AppleWebKit/537.36"
84.112.237.239 - - [05/Jul/2026:11:32:28 +0000] "GET /static/js/bundle.js HTTP/1.1" 204 0 "-" "Mozilla/5.0 (Windows NT 10.0; Win64; x64) AppleWebKit/537.36"
84.112.30.168 - - [05/Jul/2026:11:32:30 +0000] "HEAD /about HTTP/1.1" 200 1657 "-" "Mozilla/5.0 (X11; Linux x86_64) AppleWebKit/537.36"
84.112.185.225 - - [05/Jul/2026:11:32:39 +0000] "GET /products/ HTTP/1.1" 301 7799 "-" "Mozilla/5.0 (X11; Linux x86_64) AppleWebKit/537.36"
84.112.226.75 - - [05/Jul/2026:11:32:43 +0000] "POST /contact HTTP/1.1" 200 5771 "-" "Go-http-client/2.0"
84.112.16.115 - - [05/Jul/2026:11:32:45 +0000] "POST /api/v1/status HTTP/1.1" 302 0 "-" "Python-urllib/3.12"
84.112.30.168 - - [05/Jul/2026:11:32:56 +0000] "POST /favicon.ico HTTP/1.1" 200 3439 "-" "Mozilla/5.0 (Windows NT 10.0; Win64; x64) AppleWebKit/537.36"
84.112.47.110 - - [05/Jul/2026:11:33:07 +0000] "GET /about HTTP/1.1" 200 3041 "-" "curl/8.4.0"
84.112.43.73 - - [05/Jul/2026:11:33:18 +0000] "GET /contact HTTP/1.1" 301 6394 "-" "curl/8.4.0"
84.112.170.205 - - [05/Jul/2026:11:33:29 +0000] "HEAD /api/v1/status HTTP/1.1" 302 0 "-" "Go-http-client/2.0"
84.112.141.113 - - [05/Jul/2026:11:33:44 +0000] "HEAD /robots.txt HTTP/1.1" 200 2874 "-" "Mozilla/5.0 (Windows NT 10.0; Win64; x64) AppleWebKit/537.36"
84.112.15.189 - - [05/Jul/2026:11:33:58 +0000] "GET /cart/ HTTP/1.1" 302 0 "-" "Mozilla/5.0 (X11; Linux x86_64) AppleWebKit/537.36"
84.112.47.110 - - [05/Jul/2026:11:34:02 +0000] "GET /robots.txt HTTP/1.1" 302 0 "-" "Mozilla/5.0 (Windows NT 10.0; Win64; x64) AppleWebKit/537.36"
84.112.226.75 - - [05/Jul/2026:11:34:09 +0000] "GET /static/js/bundle.js HTTP/1.1" 301 7323 "-" "Python-urllib/3.12"
84.112.177.148 - - [05/Jul/2026:11:34:21 +0000] "POST /api/v1/status HTTP/1.1" 301 2041 "-" "Mozilla/5.0 (Macintosh; Intel Mac OS X 10_15_7) AppleWebKit/537.36"
84.112.216.57 - - [05/Jul/2026:11:34:31 +0000] "POST /favicon.ico HTTP/1.1" 404 7893 "-" "curl/8.4.0"
84.112.112.166 - - [05/Jul/2026:11:34:37 +0000] "POST /contact HTTP/1.1" 200 3624 "-" "Mozilla/5.0 (Macintosh; Intel Mac OS X 10_15_7) AppleWebKit/537.36"
84.112.245.39 - - [05/Jul/2026:11:34:49 +0000] "HEAD /static/js/bundle.js HTTP/1.1" 302 0 "-" "Python-urllib/3.12"
84.112.155.159 - - [05/Jul/2026:11:34:59 +0000] "POST /api/v1/status HTTP/1.1" 404 2090 "-" "Mozilla/5.0 (X11; Linux x86_64) AppleWebKit/537.36"
84.112.80.111 - - [05/Jul/2026:11:35:07 +0000] "GET /products/ HTTP/1.1" 302 0 "-" "curl/8.4.0"
84.112.155.159 - - [05/Jul/2026:11:35:22 +0000] "HEAD /category/electronics HTTP/1.1" 404 7068 "-" "Mozilla/5.0 (Macintosh; Intel Mac OS X 10_15_7) AppleWebKit/537.36"
84.112.237.124 - - [05/Jul/2026:11:35:33 +0000] "GET /favicon.ico HTTP/1.1" 200 3052 "-" "Go-http-client/2.0"
84.112.16.115 - - [05/Jul/2026:11:35:35 +0000] "POST /category/electronics HTTP/1.1" 301 3313 "-" "Mozilla/5.0 (Windows NT 10.0; Win64; x64) AppleWebKit/537.36"
84.112.30.168 - - [05/Jul/2026:11:35:46 +0000] "POST /cart/ HTTP/1.1" 200 4277 "-" "Mozilla/5.0 (X11; Linux x86_64) AppleWebKit/537.36"
84.112.141.113 - - [05/Jul/2026:11:35:48 +0000] "POST /products/ HTTP/1.1" 404 4624 "-" "Go-http-client/2.0"
84.112.216.57 - - [05/Jul/2026:11:35:57 +0000] "GET /api/v1/status HTTP/1.1" 200 1057 "-" "Mozilla/5.0 (X11; Linux x86_64) AppleWebKit/537.36"
84.112.62.21 - - [05/Jul/2026:11:36:12 +0000] "HEAD /robots.txt HTTP/1.1" 301 7566 "-" "Python-urllib/3.12"
84.112.177.148 - - [05/Jul/2026:11:36:16 +0000] "HEAD /contact HTTP/1.1" 302 0 "-" "Mozilla/5.0 (Windows NT 10.0; Win64; x64) AppleWebKit/537.36"
84.112.80.111 - - [05/Jul/2026:11:36:18 +0000] "GET /static/js/bundle.js HTTP/1.1" 404 3018 "-" "Mozilla/5.0 (Macintosh; Intel Mac OS X 10_15_7) AppleWebKit/537.36"
84.112.237.239 - - [05/Jul/2026:11:36:21 +0000] "GET /products/ HTTP/1.1" 204 0 "-" "Go-http-client/2.0"
84.112.28.112 - - [05/Jul/2026:11:36:34 +0000] "POST /cart/ HTTP/1.1" 302 0 "-" "Mozilla/5.0 (X11; Linux x86_64) AppleWebKit/537.36"
84.112.16.115 - - [05/Jul/2026:11:36:40 +0000] "HEAD /products/ HTTP/1.1" 200 5305 "-" "Go-http-client/2.0"
84.112.170.205 - - [05/Jul/2026:11:36:44 +0000] "HEAD /category/electronics HTTP/1.1" 301 352 "-" "Go-http-client/2.0"
84.112.237.239 - - [05/Jul/2026:11:36:52 +0000] "HEAD /products/ HTTP/1.1" 200 3281 "-" "Mozilla/5.0 (X11; Linux x86_64) AppleWebKit/537.36"
84.112.245.39 - - [05/Jul/2026:11:36:56 +0000] "GET /static/js/bundle.js HTTP/1.1" 204 0 "-" "Mozilla/5.0 (Windows NT 10.0; Win64; x64) AppleWebKit/537.36"
84.112.141.113 - - [05/Jul/2026:11:37:02 +0000] "GET /contact HTTP/1.1" 204 0 "-" "Mozilla/5.0 (Macintosh; Intel Mac OS X 10_15_7) AppleWebKit/537.36"
84.112.62.21 - - [05/Jul/2026:11:37:14 +0000] "POST /api/v1/status HTTP/1.1" 301 5865 "-" "Mozilla/5.0 (Windows NT 10.0; Win64; x64) AppleWebKit/537.36"
84.112.155.159 - - [05/Jul/2026:11:37:21 +0000] "HEAD /cart/ HTTP/1.1" 301 7705 "-" "Mozilla/5.0 (Windows NT 10.0; Win64; x64) AppleWebKit/537.36"
84.112.226.75 - - [05/Jul/2026:11:37:24 +0000] "GET /cart/ HTTP/1.1" 200 5321 "-" "Mozilla/5.0 (X11; Linux x86_64) AppleWebKit/537.36"
84.112.62.21 - - [05/Jul/2026:11:37:36 +0000] "GET /products/ HTTP/1.1" 200 6256 "-" "Python-urllib/3.12"
84.112.15.189 - - [05/Jul/2026:11:37:39 +0000] "POST /about HTTP/1.1" 404 2294 "-" "curl/8.4.0"
84.112.216.57 - - [05/Jul/2026:11:37:41 +0000] "HEAD /api/v1/status HTTP/1.1" 200 4690 "-" "Mozilla/5.0 (Macintosh; Intel Mac OS X 10_15_7) AppleWebKit/537.36"
84.112.185.225 - - [05/Jul/2026:11:37:52 +0000] "POST /about HTTP/1.1" 302 0 "-" "Mozilla/5.0 (Macintosh; Intel Mac OS X 10_15_7) AppleWebKit/537.36"
84.112.16.115 - - [05/Jul/2026:11:37:58 +0000] "GET /api/v1/status HTTP/1.1" 200 7322 "-" "curl/8.4.0"
84.112.177.148 - - [05/Jul/2026:11:38:01 +0000] "POST /category/electronics HTTP/1.1" 200 7487 "-" "Go-http-client/2.0"
84.112.114.59 - - [05/Jul/2026:11:38:13 +0000] "GET /favicon.ico HTTP/1.1" 200 3571 "-" "Go-http-client/2.0"
84.112.80.111 - - [05/Jul/2026:11:38:21 +0000] "HEAD /api/v1/status HTTP/1.1" 200 5726 "-" "Go-http-client/2.0"
84.112.237.124 - - [05/Jul/2026:11:38:31 +0000] "HEAD /api/v1/status HTTP/1.1" 200 3572 "-" "curl/8.4.0"
84.112.155.159 - - [05/Jul/2026:11:38:36 +0000] "POST /products/ HTTP/1.1" 200 3174 "-" "Python-urllib/3.12"
84.112.155.159 - - [05/Jul/2026:11:38:40 +0000] "HEAD /category/electronics HTTP/1.1" 200 6311 "-" "Go-http-client/2.0"
84.112.28.112 - - [05/Jul/2026:11:38:51 +0000] "POST /cart/ HTTP/1.1" 404 5999 "-" "Mozilla/5.0 (Windows NT 10.0; Win64; x64) AppleWebKit/537.36"
84.112.237.239 - - [05/Jul/2026:11:38:55 +0000] "POST /category/electronics HTTP/1.1" 200 1761 "-" "Mozilla/5.0 (Macintosh; Intel Mac OS X 10_15_7) AppleWebKit/537.36"
84.112.30.168 - - [05/Jul/2026:11:39:02 +0000] "GET /robots.txt HTTP/1.1" 301 3170 "-" "Mozilla/5.0 (Windows NT 10.0; Win64; x64) AppleWebKit/537.36"
84.112.141.113 - - [05/Jul/2026:11:39:11 +0000] "POST /favicon.ico HTTP/1.1" 404 6662 "-" "Python-urllib/3.12"
84.112.15.189 - - [05/Jul/2026:11:39:26 +0000] "POST /category/electronics HTTP/1.1" 301 5655 "-" "Python-urllib/3.12"
84.112.216.57 - - [05/Jul/2026:11:39:38 +0000] "POST /products/ HTTP/1.1" 200 8426 "-" "Mozilla/5.0 (Windows NT 10.0; Win64; x64) AppleWebKit/537.36"
84.112.237.239 - - [05/Jul/2026:11:39:46 +0000] "POST /favicon.ico HTTP/1.1" 301 587 "-" "Mozilla/5.0 (Macintosh; Intel Mac OS X 10_15_7) AppleWebKit/537.36"
84.112.114.59 - - [05/Jul/2026:11:39:56 +0000] "POST /contact HTTP/1.1" 200 2406 "-" "Mozilla/5.0 (Macintosh; Intel Mac OS X 10_15_7) AppleWebKit/537.36"
84.112.185.225 - - [05/Jul/2026:11:40:08 +0000] "GET /cart/ HTTP/1.1" 200 2437 "-" "curl/8.4.0"
84.112.216.57 - - [05/Jul/2026:11:40:17 +0000] "GET /robots.txt HTTP/1.1" 200 2536 "-" "Mozilla/5.0 (Macintosh; Intel Mac OS X 10_15_7) AppleWebKit/537.36"
84.112.30.168 - - [05/Jul/2026:11:40:21 +0000] "POST /cart/ HTTP/1.1" 200 3989 "-" "Mozilla/5.0 (Macintosh; Intel Mac OS X 10_15_7) AppleWebKit/537.36"
84.112.226.75 - - [05/Jul/2026:11:40:29 +0000] "HEAD /about HTTP/1.1" 200 6251 "-" "Mozilla/5.0 (Windows NT 10.0; Win64; x64) AppleWebKit/537.36"
84.112.114.59 - - [05/Jul/2026:11:40:38 +0000] "POST /cart/ HTTP/1.1" 204 0 "-" "Mozilla/5.0 (X11; Linux x86_64) AppleWebKit/537.36"
84.112.216.57 - - [05/Jul/2026:11:40:50 +0000] "HEAD /about HTTP/1.1" 204 0 "-" "Go-http-client/2.0"
84.112.155.159 - - [05/Jul/2026:11:40:58 +0000] "HEAD /about HTTP/1.1" 302 0 "-" "Mozilla/5.0 (Windows NT 10.0; Win64; x64) AppleWebKit/537.36"
84.112.47.110 - - [05/Jul/2026:11:41:06 +0000] "POST /static/js/bundle.js HTTP/1.1" 204 0 "-" "curl/8.4.0"
84.112.237.239 - - [05/Jul/2026:11:41:12 +0000] "HEAD /favicon.ico HTTP/1.1" 301 1294 "-" "curl/8.4.0"
84.112.170.205 - - [05/Jul/2026:11:41:21 +0000] "GET /about HTTP/1.1" 301 3038 "-" "Mozilla/5.0 (Macintosh; Intel Mac OS X 10_15_7) AppleWebKit/537.36"
84.112.80.111 - - [05/Jul/2026:11:41:28 +0000] "POST /contact HTTP/1.1" 302 0 "-" "Mozilla/5.0 (Windows NT 10.0; Win64; x64) AppleWebKit/537.36"
84.112.141.113 - - [05/Jul/2026:11:41:39 +0000] "POST /cart/ HTTP/1.1" 404 3889 "-" "Mozilla/5.0 (Macintosh; Intel Mac OS X 10_15_7) AppleWebKit/537.36"
84.112.16.115 - - [05/Jul/2026:11:41:48 +0000] "GET /about HTTP/1.1" 200 7253 "-" "Mozilla/5.0 (Windows NT 10.0; Win64; x64) AppleWebKit/537.36"
84.112.216.57 - - [05/Jul/2026:11:41:55 +0000] "HEAD /static/js/bundle.js HTTP/1.1" 204 0 "-" "Mozilla/5.0 (Macintosh; Intel Mac OS X 10_15_7) AppleWebKit/537.36"
84.112.30.168 - - [05/Jul/2026:11:42:01 +0000] "POST /robots.txt HTTP/1.1" 200 4396 "-" "Python-urllib/3.12"
84.112.114.59 - - [05/Jul/2026:11:42:05 +0000] "POST /contact HTTP/1.1" 302 0 "-" "Mozilla/5.0 (Windows NT 10.0; Win64; x64) AppleWebKit/537.36"
84.112.226.75 - - [05/Jul/2026:11:42:14 +0000] "POST /cart/ HTTP/1.1" 404 6746 "-" "Mozilla/5.0 (Windows NT 10.0; Win64; x64) AppleWebKit/537.36"
84.112.185.225 - - [05/Jul/2026:11:42:18 +0000] "GET /contact HTTP/1.1" 204 0 "-" "Go-http-client/2.0"
84.112.62.21 - - [05/Jul/2026:11:42:27 +0000] "POST /favicon.ico HTTP/1.1" 204 0 "-" "Mozilla/5.0 (Windows NT 10.0; Win64; x64) AppleWebKit/537.36"
84.112.237.239 - - [05/Jul/2026:11:42:33 +0000] "POST /cart/ HTTP/1.1" 301 7497 "-" "Mozilla/5.0 (X11; Linux x86_64) AppleWebKit/537.36"
84.112.177.148 - - [05/Jul/2026:11:42:40 +0000] "HEAD /category/electronics HTTP/1.1" 302 0 "-" "Mozilla/5.0 (X11; Linux x86_64) AppleWebKit/537.36"
84.112.43.73 - - [05/Jul/2026:11:42:47 +0000] "GET /favicon.ico HTTP/1.1" 301 6402 "-" "Go-http-client/2.0"
84.112.47.110 - - [05/Jul/2026:11:42:50 +0000] "GET /category/electronics HTTP/1.1" 404 4344 "-" "Mozilla/5.0 (Macintosh; Intel Mac OS X 10_15_7) AppleWebKit/537.36"
84.112.141.113 - - [05/Jul/2026:11:43:00 +0000] "HEAD /robots.txt HTTP/1.1" 204 0 "-" "Mozilla/5.0 (Windows NT 10.0; Win64; x64) AppleWebKit/537.36"
84.112.30.168 - - [05/Jul/2026:11:43:09 +0000] "GET /cart/ HTTP/1.1" 302 0 "-" "Python-urllib/3.12"
84.112.80.111 - - [05/Jul/2026:11:43:18 +0000] "GET /category/electronics HTTP/1.1" 200 7094 "-" "curl/8.4.0"
84.112.30.168 - - [05/Jul/2026:11:43:30 +0000] "GET /contact HTTP/1.1" 200 3048 "-" "curl/8.4.0"
84.112.237.239 - - [05/Jul/2026:11:43:37 +0000] "GET /robots.txt HTTP/1.1" 200 4997 "-" "Go-http-client/2.0"
84.112.141.113 - - [05/Jul/2026:11:43:39 +0000] "GET /category/electronics HTTP/1.1" 404 719 "-" "Mozilla/5.0 (X11; Linux x86_64) AppleWebKit/537.36"
84.112.216.57 - - [05/Jul/2026:11:43:52 +0000] "GET /static/js/bundle.js HTTP/1.1" 200 1669 "-" "Mozilla/5.0 (Macintosh; Intel Mac OS X 10_15_7) AppleWebKit/537.36"
84.112.47.110 - - [05/Jul/2026:11:44:05 +0000] "HEAD /robots.txt HTTP/1.1" 204 0 "-" "curl/8.4.0"
84.112.155.159 - - [05/Jul/2026:11:44:12 +0000] "HEAD /about HTTP/1.1" 302 0 "-" "Go-http-client/2.0"
84.112.112.166 - - [05/Jul/2026:11:44:27 +0000] "HEAD /robots.txt HTTP/1.1" 200 1373 "-" "curl/8.4.0"
84.112.28.112 - - [05/Jul/2026:11:44:34 +0000] "GET /cart/ HTTP/1.1" 204 0 "-" "Mozilla/5.0 (X11; Linux x86_64) AppleWebKit/537.36"
84.112.226.75 - - [05/Jul/2026:11:44:47 +0000] "POST /api/v1/status HTTP/1.1" 204 0 "-" "Python-urllib/3.12"
84.112.114.59 - - [05/Jul/2026:11:44:49 +0000] "HEAD /api/v1/status HTTP/1.1" 404 1418 "-" "Python-urllib/3.12"
84.112.16.115 - - [05/Jul/2026:11:44:52 +0000] "HEAD /api/v1/status HTTP/1.1" 200 4113 "-" "Go-http-client/2.0"
84.112.28.112 - - [05/Jul/2026:11:45:06 +0000] "POST /robots.txt HTTP/1.1" 200 7278 "-" "curl/8.4.0"
84.112.114.59 - - [05/Jul/2026:11:45:19 +0000] "POST /contact HTTP/1.1" 404 869 "-" "Mozilla/5.0 (X11; Linux x86_64) AppleWebKit/537.36"
84.112.114.59 - - [05/Jul/2026:11:45:27 +0000] "HEAD /api/v1/status HTTP/1.1" 200 202 "-" "Python-urllib/3.12"
84.112.62.21 - - [05/Jul/2026:11:45:32 +0000] "POST /static/js/bundle.js HTTP/1.1" 200 4495 "-" "Python-urllib/3.12"
84.112.185.225 - - [05/Jul/2026:11:45:43 +0000] "GET /about HTTP/1.1" 200 416 "-" "Go-http-client/2.0"
84.112.15.189 - - [05/Jul/2026:11:45:50 +0000] "GET /api/v1/status HTTP/1.1" 404 7667 "-" "Mozilla/5.0 (X11; Linux x86_64) AppleWebKit/537.36"
84.112.141.113 - - [05/Jul/2026:11:45:58 +0000] "POST /contact HTTP/1.1" 204 0 "-" "Python-urllib/3.12"
84.112.62.21 - - [05/Jul/2026:11:46:08 +0000] "POST /category/electronics HTTP/1.1" 200 5794 "-" "Python-urllib/3.12"
84.112.155.159 - - [05/Jul/2026:11:46:12 +0000] "HEAD /robots.txt HTTP/1.1" 200 2905 "-" "Go-http-client/2.0"
84.112.245.39 - - [05/Jul/2026:11:46:20 +0000] "POST /products/ HTTP/1.1" 404 1407 "-" "Go-http-client/2.0"
84.112.237.124 - - [05/Jul/2026:11:46:29 +0000] "POST /cart/ HTTP/1.1" 200 6168 "-" "curl/8.4.0"
84.112.185.225 - - [05/Jul/2026:11:46:35 +0000] "POST /robots.txt HTTP/1.1" 200 2674 "-" "Mozilla/5.0 (X11; Linux x86_64) AppleWebKit/537.36"
84.112.114.59 - - [05/Jul/2026:11:46:46 +0000] "HEAD /category/electronics HTTP/1.1" 301 7190 "-" "Python-urllib/3.12"
84.112.62.21 - - [05/Jul/2026:11:47:00 +0000] "POST /contact HTTP/1.1" 404 8160 "-" "Mozilla/5.0 (Macintosh; Intel Mac OS X 10_15_7) AppleWebKit/537.36"
84.112.237.124 - - [05/Jul/2026:11:47:08 +0000] "GET /favicon.ico HTTP/1.1" 301 2143 "-" "Mozilla/5.0 (Windows NT 10.0; Win64; x64) AppleWebKit/537.36"
84.112.16.115 - - [05/Jul/2026:11:47:16 +0000] "GET /cart/ HTTP/1.1" 301 4860 "-" "Mozilla/5.0 (Macintosh; Intel Mac OS X 10_15_7) AppleWebKit/537.36"
84.112.114.59 - - [05/Jul/2026:11:47:31 +0000] "HEAD /favicon.ico HTTP/1.1" 301 6813 "-" "curl/8.4.0"
84.112.16.115 - - [05/Jul/2026:11:47:45 +0000] "POST /api/v1/status HTTP/1.1" 200 6070 "-" "Go-http-client/2.0"
84.112.185.225 - - [05/Jul/2026:11:47:48 +0000] "HEAD /contact HTTP/1.1" 301 6545 "-" "Mozilla/5.0 (Macintosh; Intel Mac OS X 10_15_7) AppleWebKit/537.36"
84.112.216.57 - - [05/Jul/2026:11:48:03 +0000] "POST /robots.txt HTTP/1.1" 200 7483 "-" "Mozilla/5.0 (Macintosh; Intel Mac OS X 10_15_7) AppleWebKit/537.36"
84.112.114.59 - - [05/Jul/2026:11:48:18 +0000] "POST /api/v1/status HTTP/1.1" 200 5593 "-" "Python-urllib/3.12"
84.112.114.59 - - [05/Jul/2026:11:48:30 +0000] "HEAD /cart/ HTTP/1.1" 204 0 "-" "Mozilla/5.0 (X11; Linux x86_64) AppleWebKit/537.36"
84.112.237.239 - - [05/Jul/2026:11:48:42 +0000] "POST /favicon.ico HTTP/1.1" 200 595 "-" "Mozilla/5.0 (X11; Linux x86_64) AppleWebKit/537.36"
84.112.47.110 - - [05/Jul/2026:11:48:47 +0000] "HEAD /contact HTTP/1.1" 200 6817 "-" "Mozilla/5.0 (Windows NT 10.0; Win64; x64) AppleWebKit/537.36"
84.112.141.113 - - [05/Jul/2026:11:48:54 +0000] "GET /static/js/bundle.js HTTP/1.1" 301 7851 "-" "Go-http-client/2.0"
84.112.80.111 - - [05/Jul/2026:11:48:57 +0000] "GET /favicon.ico HTTP/1.1" 301 8497 "-" "Mozilla/5.0 (Macintosh; Intel Mac OS X 10_15_7) AppleWebKit/537.36"
84.112.114.59 - - [05/Jul/2026:11:49:12 +0000] "POST /category/electronics HTTP/1.1" 404 4040 "-" "Mozilla/5.0 (Macintosh; Intel Mac OS X 10_15_7) AppleWebKit/537.36"
84.112.16.115 - - [05/Jul/2026:11:49:21 +0000] "POST /static/js/bundle.js HTTP/1.1" 200 1181 "-" "Mozilla/5.0 (Windows NT 10.0; Win64; x64) AppleWebKit/537.36"
84.112.170.205 - - [05/Jul/2026:11:49:26 +0000] "POST /robots.txt HTTP/1.1" 200 7388 "-" "Mozilla/5.0 (Macintosh; Intel Mac OS X 10_15_7) AppleWebKit/537.36"
84.112.114.59 - - [05/Jul/2026:11:49:40 +0000] "POST /contact HTTP/1.1" 404 1941 "-" "Mozilla/5.0 (X11; Linux x86_64) AppleWebKit/537.36"
84.112.185.225 - - [05/Jul/2026:11:49:55 +0000] "GET /about HTTP/1.1" 204 0 "-" "Go-http-client/2.0"
84.112.62.21 - - [05/Jul/2026:11:49:58 +0000] "HEAD /products/ HTTP/1.1" 404 6777 "-" "Mozilla/5.0 (X11; Linux x86_64) AppleWebKit/537.36"
84.112.216.57 - - [05/Jul/2026:11:50:07 +0000] "GET /favicon.ico HTTP/1.1" 200 2102 "-" "Go-http-client/2.0"
84.112.141.113 - - [05/Jul/2026:11:50:21 +0000] "HEAD /contact HTTP/1.1" 404 508 "-" "Python-urllib/3.12"
84.112.28.112 - - [05/Jul/2026:11:50:30 +0000] "POST /favicon.ico HTTP/1.1" 302 0 "-" "Go-http-client/2.0"
84.112.28.112 - - [05/Jul/2026:11:50:44 +0000] "POST /favicon.ico HTTP/1.1" 404 7329 "-" "Python-urllib/3.12"
84.112.43.73 - - [05/Jul/2026:11:50:58 +0000] "GET /static/js/bundle.js HTTP/1.1" 302 0 "-" "curl/8.4.0"
84.112.170.205 - - [05/Jul/2026:11:51:12 +0000] "GET /static/js/bundle.js HTTP/1.1" 200 6884 "-" "Go-http-client/2.0"
84.112.47.110 - - [05/Jul/2026:11:51:19 +0000] "GET /robots.txt HTTP/1.1" 200 4453 "-" "Mozilla/5.0 (Windows NT 10.0; Win64; x64) AppleWebKit/537.36"
84.112.226.75 - - [05/Jul/2026:11:51:26 +0000] "POST /robots.txt HTTP/1.1" 302 0 "-" "Mozilla/5.0 (Macintosh; Intel Mac OS X 10_15_7) AppleWebKit/537.36"
84.112.245.39 - - [05/Jul/2026:11:51:40 +0000] "POST /api/v1/status HTTP/1.1" 404 7405 "-" "curl/8.4.0"
84.112.155.159 - - [05/Jul/2026:11:51:54 +0000] "HEAD /api/v1/status HTTP/1.1" 301 4630 "-" "Mozilla/5.0 (X11; Linux x86_64) AppleWebKit/537.36"
84.112.47.110 - - [05/Jul/2026:11:51:56 +0000] "GET /contact HTTP/1.1" 200 545 "-" "Mozilla/5.0 (Macintosh; Intel Mac OS X 10_15_7) AppleWebKit/537.36"
84.112.170.205 - - [05/Jul/2026:11:52:03 +0000] "POST /api/v1/status HTTP/1.1" 200 2713 "-" "Mozilla/5.0 (X11; Linux x86_64) AppleWebKit/537.36"
84.112.30.168 - - [05/Jul/2026:11:52:15 +0000] "POST /robots.txt HTTP/1.1" 404 4951 "-" "Mozilla/5.0 (Macintosh; Intel Mac OS X 10_15_7) AppleWebKit/537.36"
84.112.47.110 - - [05/Jul/2026:11:52:28 +0000] "GET /api/v1/status HTTP/1.1" 302 0 "-" "Python-urllib/3.12"
84.112.15.189 - - [05/Jul/2026:11:52:34 +0000] "GET /about HTTP/1.1" 301 5083 "-" "Mozilla/5.0 (Macintosh; Intel Mac OS X 10_15_7) AppleWebKit/537.36"
84.112.62.21 - - [05/Jul/2026:11:52:45 +0000] "POST /category/electronics HTTP/1.1" 404 8452 "-" "Go-http-client/2.0"
84.112.112.166 - - [05/Jul/2026:11:53:00 +0000] "POST /robots.txt HTTP/1.1" 301 2911 "-" "curl/8.4.0"
84.112.47.110 - - [05/Jul/2026:11:53:12 +0000] "HEAD /contact HTTP/1.1" 200 6253 "-" "Python-urllib/3.12"
84.112.177.148 - - [05/Jul/2026:11:53:27 +0000] "HEAD /static/js/bundle.js HTTP/1.1" 302 0 "-" "Mozilla/5.0 (X11; Linux x86_64) AppleWebKit/537.36"
84.112.114.59 - - [05/Jul/2026:11:53:36 +0000] "POST /favicon.ico HTTP/1.1" 200 1180 "-" "curl/8.4.0"
84.112.30.168 - - [05/Jul/2026:11:53:41 +0000] "GET /about HTTP/1.1" 200 4679 "-" "Mozilla/5.0 (X11; Linux x86_64) AppleWebKit/537.36"
84.112.43.73 - - [05/Jul/2026:11:53:55 +0000] "HEAD /about HTTP/1.1" 200 8292 "-" "Python-urllib/3.12"
84.112.62.21 - - [05/Jul/2026:11:54:06 +0000] "HEAD /contact HTTP/1.1" 200 3438 "-" "curl/8.4.0"
84.112.28.112 - - [05/Jul/2026:11:54:18 +0000] "POST /cart/ HTTP/1.1" 200 8433 "-" "Mozilla/5.0 (Windows NT 10.0; Win64; x64) AppleWebKit/537.36"
84.112.237.124 - - [05/Jul/2026:11:54:24 +0000] "HEAD /contact HTTP/1.1" 302 0 "-" "Mozilla/5.0 (Windows NT 10.0; Win64; x64) AppleWebKit/537.36"
84.112.28.112 - - [05/Jul/2026:11:54:38 +0000] "POST /contact HTTP/1.1" 200 4129 "-" "curl/8.4.0"
84.112.114.59 - - [05/Jul/2026:11:54:52 +0000] "HEAD /about HTTP/1.1" 200 7592 "-" "Mozilla/5.0 (Macintosh; Intel Mac OS X 10_15_7) AppleWebKit/537.36"
84.112.141.113 - - [05/Jul/2026:11:54:54 +0000] "POST /contact HTTP/1.1" 200 1616 "-" "Go-http-client/2.0"
84.112.226.75 - - [05/Jul/2026:11:54:59 +0000] "GET /contact HTTP/1.1" 200 1117 "-" "Mozilla/5.0 (Macintosh; Intel Mac OS X 10_15_7) AppleWebKit/537.36"
